make: Entering directory '/home/yong/ysyx/ysyx-workbench-rv32-interview/npc'
verilator --binary --timing --assert -Wall -Wno-fatal -Wno-UNUSEDPARAM \
	-Wno-UNUSEDSIGNAL \
	+define+YSYX_RV32_BASELINE  +define+YSYX_ICACHE_CAPACITY_BYTES=256 +define+YSYX_ICACHE_WAY_COUNT=1 +define+YSYX_ICACHE_LINE_BYTES=16 +define+YSYX_DCACHE_ENABLE=1 +define+YSYX_DCACHE_CAPACITY_BYTES=256 +define+YSYX_DCACHE_WAY_COUNT=2 +define+YSYX_DCACHE_LINE_BYTES=16 +define+YSYX_BRANCH_HISTORY_ENTRY_COUNT=16 +define+YSYX_BRANCH_TARGET_ENTRY_COUNT=16 +define+YSYX_BRANCH_TARGET_WAY_COUNT=2 +define+YSYX_RETURN_STACK_ENTRY_COUNT=4 +define+YSYX_SDRAM_NATIVE_READ_BURST=1 \
	--top-module riscv32_idu_decode_tb \
	/home/yong/ysyx/ysyx-workbench-rv32-interview/npc/vsrc/riscv32/common/riscv_config_pkg.sv /home/yong/ysyx/ysyx-workbench-rv32-interview/npc/vsrc/riscv32/common/riscv32_addr_map_pkg.sv /home/yong/ysyx/ysyx-workbench-rv32-interview/npc/vsrc/riscv32/common/riscv32_pkg.sv /home/yong/ysyx/ysyx-workbench-rv32-interview/npc/vsrc/riscv32/core/decode/riscv32_idu.sv /home/yong/ysyx/ysyx-workbench-rv32-interview/npc/tests/rtl/riscv32_idu_decode_tb.sv \
	--Mdir /home/yong/ysyx/ysyx-workbench-rv32-interview/npc/build/riscv32/rv32-baseline/icache-256b-way-1-line-16b/dcache-256b-way-2-line-16b/predictor-bht-16-btb-16x2-ras-4/obj_dir_idu_test \
	-o /home/yong/ysyx/ysyx-workbench-rv32-interview/npc/build/riscv32/rv32-baseline/icache-256b-way-1-line-16b/dcache-256b-way-2-line-16b/predictor-bht-16-btb-16x2-ras-4/idu_decode_test
make[1]: Entering directory '/home/yong/ysyx/ysyx-workbench-rv32-interview/npc/build/riscv32/rv32-baseline/icache-256b-way-1-line-16b/dcache-256b-way-2-line-16b/predictor-bht-16-btb-16x2-ras-4/obj_dir_idu_test'
g++ -Os  -I.  -MMD -I/home/yong/tools/oss-cad-suite/share/verilator/include -I/home/yong/tools/oss-cad-suite/share/verilator/include/vltstd -DVERILATOR=1 -DVM_COVERAGE=0 -DVM_SC=0 -DVM_TIMING=1 -DVM_TRACE=0 -DVM_TRACE_FST=0 -DVM_TRACE_VCD=0 -DVM_TRACE_SAIF=0 -faligned-new -fcf-protection=none -Wno-bool-operation -Wno-int-in-bool-context -Wno-shadow -Wno-sign-compare -Wno-subobject-linkage -Wno-tautological-compare -Wno-uninitialized -Wno-unused-but-set-parameter -Wno-unused-but-set-variable -Wno-unused-parameter -Wno-unused-variable    -DVL_TIME_CONTEXT   -fcoroutines -c -o verilated.o /home/yong/tools/oss-cad-suite/share/verilator/include/verilated.cpp
g++ -Os  -I.  -MMD -I/home/yong/tools/oss-cad-suite/share/verilator/include -I/home/yong/tools/oss-cad-suite/share/verilator/include/vltstd -DVERILATOR=1 -DVM_COVERAGE=0 -DVM_SC=0 -DVM_TIMING=1 -DVM_TRACE=0 -DVM_TRACE_FST=0 -DVM_TRACE_VCD=0 -DVM_TRACE_SAIF=0 -faligned-new -fcf-protection=none -Wno-bool-operation -Wno-int-in-bool-context -Wno-shadow -Wno-sign-compare -Wno-subobject-linkage -Wno-tautological-compare -Wno-uninitialized -Wno-unused-but-set-parameter -Wno-unused-but-set-variable -Wno-unused-parameter -Wno-unused-variable    -DVL_TIME_CONTEXT   -fcoroutines -c -o verilated_timing.o /home/yong/tools/oss-cad-suite/share/verilator/include/verilated_timing.cpp
g++ -Os  -I.  -MMD -I/home/yong/tools/oss-cad-suite/share/verilator/include -I/home/yong/tools/oss-cad-suite/share/verilator/include/vltstd -DVERILATOR=1 -DVM_COVERAGE=0 -DVM_SC=0 -DVM_TIMING=1 -DVM_TRACE=0 -DVM_TRACE_FST=0 -DVM_TRACE_VCD=0 -DVM_TRACE_SAIF=0 -faligned-new -fcf-protection=none -Wno-bool-operation -Wno-int-in-bool-context -Wno-shadow -Wno-sign-compare -Wno-subobject-linkage -Wno-tautological-compare -Wno-uninitialized -Wno-unused-but-set-parameter -Wno-unused-but-set-variable -Wno-unused-parameter -Wno-unused-variable    -DVL_TIME_CONTEXT   -fcoroutines -c -o verilated_threads.o /home/yong/tools/oss-cad-suite/share/verilator/include/verilated_threads.cpp
python3 /home/yong/tools/oss-cad-suite/share/verilator/bin/verilator_includer -DVL_INCLUDE_OPT=include Vriscv32_idu_decode_tb.cpp Vriscv32_idu_decode_tb___024root__0.cpp Vriscv32_idu_decode_tb__main.cpp Vriscv32_idu_decode_tb__ConstPool__0__Slow.cpp Vriscv32_idu_decode_tb___024root__Slow.cpp Vriscv32_idu_decode_tb___024root__0__Slow.cpp Vriscv32_idu_decode_tb__Syms__Slow.cpp > Vriscv32_idu_decode_tb__ALL.cpp
g++ -Os  -I.  -MMD -I/home/yong/tools/oss-cad-suite/share/verilator/include -I/home/yong/tools/oss-cad-suite/share/verilator/include/vltstd -DVERILATOR=1 -DVM_COVERAGE=0 -DVM_SC=0 -DVM_TIMING=1 -DVM_TRACE=0 -DVM_TRACE_FST=0 -DVM_TRACE_VCD=0 -DVM_TRACE_SAIF=0 -faligned-new -fcf-protection=none -Wno-bool-operation -Wno-int-in-bool-context -Wno-shadow -Wno-sign-compare -Wno-subobject-linkage -Wno-tautological-compare -Wno-uninitialized -Wno-unused-but-set-parameter -Wno-unused-but-set-variable -Wno-unused-parameter -Wno-unused-variable    -DVL_TIME_CONTEXT   -fcoroutines -c -o Vriscv32_idu_decode_tb__ALL.o Vriscv32_idu_decode_tb__ALL.cpp
g++    verilated.o verilated_timing.o verilated_threads.o Vriscv32_idu_decode_tb__ALL.a    -pthread -lpthread -latomic   -o /home/yong/ysyx/ysyx-workbench-rv32-interview/npc/build/riscv32/rv32-baseline/icache-256b-way-1-line-16b/dcache-256b-way-2-line-16b/predictor-bht-16-btb-16x2-ras-4/idu_decode_test
rm Vriscv32_idu_decode_tb__ALL.verilator_deplist.tmp
make[1]: Leaving directory '/home/yong/ysyx/ysyx-workbench-rv32-interview/npc/build/riscv32/rv32-baseline/icache-256b-way-1-line-16b/dcache-256b-way-2-line-16b/predictor-bht-16-btb-16x2-ras-4/obj_dir_idu_test'
- V e r i l a t i o n   R e p o r t: Verilator 5.043 devel rev v5.042-244-g4080284e5
- Verilator: Built from 0.263 MB sources in 6 modules, into 0.201 MB in 7 C++ files needing 0.000 MB
- Verilator: Walltime 183.359 s (elab=0.173, cvt=0.653, bld=181.967); cpu 1.198 s on 1 threads; alloced 22.965 MB
/home/yong/ysyx/ysyx-workbench-rv32-interview/npc/build/riscv32/rv32-baseline/icache-256b-way-1-line-16b/dcache-256b-way-2-line-16b/predictor-bht-16-btb-16x2-ras-4/idu_decode_test
IDU directed decode test passed for XLEN=32
- /home/yong/ysyx/ysyx-workbench-rv32-interview/npc/tests/rtl/riscv32_idu_decode_tb.sv:231: Verilog $finish
- S i m u l a t i o n   R e p o r t: Verilator 5.043 devel
- Verilator: $finish at 16ps; walltime 0.000 s; speed 276.544 ns/s
- Verilator: cpu 0.000 s on 1 threads; alloced 6 MB
verilator --binary --timing --assert -Wall -Wno-fatal -Wno-UNUSEDPARAM \
	-Wno-UNUSEDSIGNAL \
	+define+YSYX_RV32_BASELINE  +define+YSYX_ICACHE_CAPACITY_BYTES=256 +define+YSYX_ICACHE_WAY_COUNT=1 +define+YSYX_ICACHE_LINE_BYTES=16 +define+YSYX_DCACHE_ENABLE=1 +define+YSYX_DCACHE_CAPACITY_BYTES=256 +define+YSYX_DCACHE_WAY_COUNT=2 +define+YSYX_DCACHE_LINE_BYTES=16 +define+YSYX_BRANCH_HISTORY_ENTRY_COUNT=16 +define+YSYX_BRANCH_TARGET_ENTRY_COUNT=16 +define+YSYX_BRANCH_TARGET_WAY_COUNT=2 +define+YSYX_RETURN_STACK_ENTRY_COUNT=4 +define+YSYX_SDRAM_NATIVE_READ_BURST=1 \
	--top-module riscv32_dcache_tb \
	/home/yong/ysyx/ysyx-workbench-rv32-interview/npc/vsrc/riscv32/common/riscv_config_pkg.sv /home/yong/ysyx/ysyx-workbench-rv32-interview/npc/vsrc/riscv32/common/riscv32_addr_map_pkg.sv /home/yong/ysyx/ysyx-workbench-rv32-interview/npc/vsrc/riscv32/common/riscv32_axi4_pkg.sv /home/yong/ysyx/ysyx-workbench-rv32-interview/npc/vsrc/riscv32/common/riscv32_pkg.sv /home/yong/ysyx/ysyx-workbench-rv32-interview/npc/vsrc/riscv32/core/memory/riscv32_dcache_tag_array.sv /home/yong/ysyx/ysyx-workbench-rv32-interview/npc/vsrc/riscv32/core/memory/riscv32_dcache_data_array.sv /home/yong/ysyx/ysyx-workbench-rv32-interview/npc/vsrc/riscv32/core/memory/riscv32_dcache_axi.sv /home/yong/ysyx/ysyx-workbench-rv32-interview/npc/vsrc/riscv32/core/memory/riscv32_dcache_miss_unit.sv /home/yong/ysyx/ysyx-workbench-rv32-interview/npc/vsrc/riscv32/core/memory/riscv32_dcache.sv /home/yong/ysyx/ysyx-workbench-rv32-interview/npc/tests/rtl/riscv32_dcache_tb.sv \
	--Mdir /home/yong/ysyx/ysyx-workbench-rv32-interview/npc/build/riscv32/rv32-baseline/icache-256b-way-1-line-16b/dcache-256b-way-2-line-16b/predictor-bht-16-btb-16x2-ras-4/obj_dir_dcache_test \
	-o /home/yong/ysyx/ysyx-workbench-rv32-interview/npc/build/riscv32/rv32-baseline/icache-256b-way-1-line-16b/dcache-256b-way-2-line-16b/predictor-bht-16-btb-16x2-ras-4/dcache_test
%Warning-SYNCASYNCNET: /home/yong/ysyx/ysyx-workbench-rv32-interview/npc/tests/rtl/riscv32_dcache_tb.sv:16:9: Signal flopped as both synchronous and async: 'riscv32_dcache_tb.rst_ni'
                       /home/yong/ysyx/ysyx-workbench-rv32-interview/npc/tests/rtl/riscv32_dcache_tb.sv:101:10: ... Location of async usage
  101 |     if (!rst_ni) begin
      |          ^~~~~~
                       /home/yong/ysyx/ysyx-workbench-rv32-interview/npc/vsrc/riscv32/core/memory/riscv32_dcache.sv:608:51: ... Location of sync usage
  608 |   assert property (@(posedge clk_i) disable iff (!rst_ni)
      |                                                   ^~~~~~
                       ... For warning description see https://verilator.org/warn/SYNCASYNCNET?v=5.043
                       ... Use "/* verilator lint_off SYNCASYNCNET */" and lint_on around source to disable this message.
make[1]: Entering directory '/home/yong/ysyx/ysyx-workbench-rv32-interview/npc/build/riscv32/rv32-baseline/icache-256b-way-1-line-16b/dcache-256b-way-2-line-16b/predictor-bht-16-btb-16x2-ras-4/obj_dir_dcache_test'
g++ -Os  -I.  -MMD -I/home/yong/tools/oss-cad-suite/share/verilator/include -I/home/yong/tools/oss-cad-suite/share/verilator/include/vltstd -DVERILATOR=1 -DVM_COVERAGE=0 -DVM_SC=0 -DVM_TIMING=1 -DVM_TRACE=0 -DVM_TRACE_FST=0 -DVM_TRACE_VCD=0 -DVM_TRACE_SAIF=0 -faligned-new -fcf-protection=none -Wno-bool-operation -Wno-int-in-bool-context -Wno-shadow -Wno-sign-compare -Wno-subobject-linkage -Wno-tautological-compare -Wno-uninitialized -Wno-unused-but-set-parameter -Wno-unused-but-set-variable -Wno-unused-parameter -Wno-unused-variable    -DVL_TIME_CONTEXT   -fcoroutines -c -o verilated.o /home/yong/tools/oss-cad-suite/share/verilator/include/verilated.cpp
g++ -Os  -I.  -MMD -I/home/yong/tools/oss-cad-suite/share/verilator/include -I/home/yong/tools/oss-cad-suite/share/verilator/include/vltstd -DVERILATOR=1 -DVM_COVERAGE=0 -DVM_SC=0 -DVM_TIMING=1 -DVM_TRACE=0 -DVM_TRACE_FST=0 -DVM_TRACE_VCD=0 -DVM_TRACE_SAIF=0 -faligned-new -fcf-protection=none -Wno-bool-operation -Wno-int-in-bool-context -Wno-shadow -Wno-sign-compare -Wno-subobject-linkage -Wno-tautological-compare -Wno-uninitialized -Wno-unused-but-set-parameter -Wno-unused-but-set-variable -Wno-unused-parameter -Wno-unused-variable    -DVL_TIME_CONTEXT   -fcoroutines -c -o verilated_timing.o /home/yong/tools/oss-cad-suite/share/verilator/include/verilated_timing.cpp
g++ -Os  -I.  -MMD -I/home/yong/tools/oss-cad-suite/share/verilator/include -I/home/yong/tools/oss-cad-suite/share/verilator/include/vltstd -DVERILATOR=1 -DVM_COVERAGE=0 -DVM_SC=0 -DVM_TIMING=1 -DVM_TRACE=0 -DVM_TRACE_FST=0 -DVM_TRACE_VCD=0 -DVM_TRACE_SAIF=0 -faligned-new -fcf-protection=none -Wno-bool-operation -Wno-int-in-bool-context -Wno-shadow -Wno-sign-compare -Wno-subobject-linkage -Wno-tautological-compare -Wno-uninitialized -Wno-unused-but-set-parameter -Wno-unused-but-set-variable -Wno-unused-parameter -Wno-unused-variable    -DVL_TIME_CONTEXT   -fcoroutines -c -o verilated_threads.o /home/yong/tools/oss-cad-suite/share/verilator/include/verilated_threads.cpp
python3 /home/yong/tools/oss-cad-suite/share/verilator/bin/verilator_includer -DVL_INCLUDE_OPT=include Vriscv32_dcache_tb.cpp Vriscv32_dcache_tb___024root__0.cpp Vriscv32_dcache_tb__main.cpp Vriscv32_dcache_tb___024root__Slow.cpp Vriscv32_dcache_tb___024root__0__Slow.cpp Vriscv32_dcache_tb__Syms__Slow.cpp > Vriscv32_dcache_tb__ALL.cpp
g++ -Os  -I.  -MMD -I/home/yong/tools/oss-cad-suite/share/verilator/include -I/home/yong/tools/oss-cad-suite/share/verilator/include/vltstd -DVERILATOR=1 -DVM_COVERAGE=0 -DVM_SC=0 -DVM_TIMING=1 -DVM_TRACE=0 -DVM_TRACE_FST=0 -DVM_TRACE_VCD=0 -DVM_TRACE_SAIF=0 -faligned-new -fcf-protection=none -Wno-bool-operation -Wno-int-in-bool-context -Wno-shadow -Wno-sign-compare -Wno-subobject-linkage -Wno-tautological-compare -Wno-uninitialized -Wno-unused-but-set-parameter -Wno-unused-but-set-variable -Wno-unused-parameter -Wno-unused-variable    -DVL_TIME_CONTEXT   -fcoroutines -c -o Vriscv32_dcache_tb__ALL.o Vriscv32_dcache_tb__ALL.cpp
g++    verilated.o verilated_timing.o verilated_threads.o Vriscv32_dcache_tb__ALL.a    -pthread -lpthread -latomic   -o /home/yong/ysyx/ysyx-workbench-rv32-interview/npc/build/riscv32/rv32-baseline/icache-256b-way-1-line-16b/dcache-256b-way-2-line-16b/predictor-bht-16-btb-16x2-ras-4/dcache_test
rm Vriscv32_dcache_tb__ALL.verilator_deplist.tmp
make[1]: Leaving directory '/home/yong/ysyx/ysyx-workbench-rv32-interview/npc/build/riscv32/rv32-baseline/icache-256b-way-1-line-16b/dcache-256b-way-2-line-16b/predictor-bht-16-btb-16x2-ras-4/obj_dir_dcache_test'
- V e r i l a t i o n   R e p o r t: Verilator 5.043 devel rev v5.042-244-g4080284e5
- Verilator: Built from 0.716 MB sources in 11 modules, into 0.711 MB in 6 C++ files needing 0.001 MB
- Verilator: Walltime 109.232 s (elab=0.013, cvt=0.065, bld=109.116); cpu 0.116 s on 1 threads; alloced 26.316 MB
/home/yong/ysyx/ysyx-workbench-rv32-interview/npc/build/riscv32/rv32-baseline/icache-256b-way-1-line-16b/dcache-256b-way-2-line-16b/predictor-bht-16-btb-16x2-ras-4/dcache_test
D-cache directed test passed: XLEN=32 sets=8 ways=2 line=16B
- /home/yong/ysyx/ysyx-workbench-rv32-interview/npc/tests/rtl/riscv32_dcache_tb.sv:434: Verilog $finish
- S i m u l a t i o n   R e p o r t: Verilator 5.043 devel
- Verilator: $finish at 4ns; walltime 0.024 s; speed 170.531 ns/s
- Verilator: cpu 0.024 s on 1 threads; alloced 6 MB
verilator --binary --timing --assert -Wno-fatal -j 2 +define+YSYX_RV32_BASELINE  +define+YSYX_ICACHE_CAPACITY_BYTES=256 +define+YSYX_ICACHE_WAY_COUNT=1 +define+YSYX_ICACHE_LINE_BYTES=16 +define+YSYX_DCACHE_ENABLE=1 +define+YSYX_DCACHE_CAPACITY_BYTES=256 +define+YSYX_DCACHE_WAY_COUNT=2 +define+YSYX_DCACHE_LINE_BYTES=16 +define+YSYX_BRANCH_HISTORY_ENTRY_COUNT=16 +define+YSYX_BRANCH_TARGET_ENTRY_COUNT=16 +define+YSYX_BRANCH_TARGET_WAY_COUNT=2 +define+YSYX_RETURN_STACK_ENTRY_COUNT=4 +define+YSYX_SDRAM_NATIVE_READ_BURST=1 \
	--top-module riscv32_dcache_miss_contract_tb \
	/home/yong/ysyx/ysyx-workbench-rv32-interview/npc/vsrc/riscv32/common/riscv_config_pkg.sv /home/yong/ysyx/ysyx-workbench-rv32-interview/npc/vsrc/riscv32/common/riscv32_addr_map_pkg.sv \
	/home/yong/ysyx/ysyx-workbench-rv32-interview/npc/vsrc/riscv32/common/riscv32_pkg.sv /home/yong/ysyx/ysyx-workbench-rv32-interview/npc/vsrc/riscv32/core/memory/riscv32_dcache_miss_unit.sv \
	/home/yong/ysyx/ysyx-workbench-rv32-interview/npc/tests/rtl/riscv32_dcache_miss_contract_tb.sv \
	--Mdir /home/yong/ysyx/ysyx-workbench-rv32-interview/npc/build/riscv32/rv32-baseline/icache-256b-way-1-line-16b/dcache-256b-way-2-line-16b/predictor-bht-16-btb-16x2-ras-4/obj_dir_dcache_miss_test
make[1]: Entering directory '/home/yong/ysyx/ysyx-workbench-rv32-interview/npc/build/riscv32/rv32-baseline/icache-256b-way-1-line-16b/dcache-256b-way-2-line-16b/predictor-bht-16-btb-16x2-ras-4/obj_dir_dcache_miss_test'
g++ -Os  -I.  -MMD -I/home/yong/tools/oss-cad-suite/share/verilator/include -I/home/yong/tools/oss-cad-suite/share/verilator/include/vltstd -DVERILATOR=1 -DVM_COVERAGE=0 -DVM_SC=0 -DVM_TIMING=1 -DVM_TRACE=0 -DVM_TRACE_FST=0 -DVM_TRACE_VCD=0 -DVM_TRACE_SAIF=0 -faligned-new -fcf-protection=none -Wno-bool-operation -Wno-int-in-bool-context -Wno-shadow -Wno-sign-compare -Wno-subobject-linkage -Wno-tautological-compare -Wno-uninitialized -Wno-unused-but-set-parameter -Wno-unused-but-set-variable -Wno-unused-parameter -Wno-unused-variable    -DVL_TIME_CONTEXT   -fcoroutines -c -o verilated.o /home/yong/tools/oss-cad-suite/share/verilator/include/verilated.cpp
g++ -Os  -I.  -MMD -I/home/yong/tools/oss-cad-suite/share/verilator/include -I/home/yong/tools/oss-cad-suite/share/verilator/include/vltstd -DVERILATOR=1 -DVM_COVERAGE=0 -DVM_SC=0 -DVM_TIMING=1 -DVM_TRACE=0 -DVM_TRACE_FST=0 -DVM_TRACE_VCD=0 -DVM_TRACE_SAIF=0 -faligned-new -fcf-protection=none -Wno-bool-operation -Wno-int-in-bool-context -Wno-shadow -Wno-sign-compare -Wno-subobject-linkage -Wno-tautological-compare -Wno-uninitialized -Wno-unused-but-set-parameter -Wno-unused-but-set-variable -Wno-unused-parameter -Wno-unused-variable    -DVL_TIME_CONTEXT   -fcoroutines -c -o verilated_timing.o /home/yong/tools/oss-cad-suite/share/verilator/include/verilated_timing.cpp
g++ -Os  -I.  -MMD -I/home/yong/tools/oss-cad-suite/share/verilator/include -I/home/yong/tools/oss-cad-suite/share/verilator/include/vltstd -DVERILATOR=1 -DVM_COVERAGE=0 -DVM_SC=0 -DVM_TIMING=1 -DVM_TRACE=0 -DVM_TRACE_FST=0 -DVM_TRACE_VCD=0 -DVM_TRACE_SAIF=0 -faligned-new -fcf-protection=none -Wno-bool-operation -Wno-int-in-bool-context -Wno-shadow -Wno-sign-compare -Wno-subobject-linkage -Wno-tautological-compare -Wno-uninitialized -Wno-unused-but-set-parameter -Wno-unused-but-set-variable -Wno-unused-parameter -Wno-unused-variable    -DVL_TIME_CONTEXT   -fcoroutines -c -o verilated_threads.o /home/yong/tools/oss-cad-suite/share/verilator/include/verilated_threads.cpp
python3 /home/yong/tools/oss-cad-suite/share/verilator/bin/verilator_includer -DVL_INCLUDE_OPT=include Vriscv32_dcache_miss_contract_tb.cpp Vriscv32_dcache_miss_contract_tb___024root__0.cpp Vriscv32_dcache_miss_contract_tb__main.cpp Vriscv32_dcache_miss_contract_tb___024root__Slow.cpp Vriscv32_dcache_miss_contract_tb___024root__0__Slow.cpp Vriscv32_dcache_miss_contract_tb__Syms__Slow.cpp > Vriscv32_dcache_miss_contract_tb__ALL.cpp
g++ -Os  -I.  -MMD -I/home/yong/tools/oss-cad-suite/share/verilator/include -I/home/yong/tools/oss-cad-suite/share/verilator/include/vltstd -DVERILATOR=1 -DVM_COVERAGE=0 -DVM_SC=0 -DVM_TIMING=1 -DVM_TRACE=0 -DVM_TRACE_FST=0 -DVM_TRACE_VCD=0 -DVM_TRACE_SAIF=0 -faligned-new -fcf-protection=none -Wno-bool-operation -Wno-int-in-bool-context -Wno-shadow -Wno-sign-compare -Wno-subobject-linkage -Wno-tautological-compare -Wno-uninitialized -Wno-unused-but-set-parameter -Wno-unused-but-set-variable -Wno-unused-parameter -Wno-unused-variable    -DVL_TIME_CONTEXT   -fcoroutines -c -o Vriscv32_dcache_miss_contract_tb__ALL.o Vriscv32_dcache_miss_contract_tb__ALL.cpp
g++    verilated.o verilated_timing.o verilated_threads.o Vriscv32_dcache_miss_contract_tb__ALL.a    -pthread -lpthread -latomic   -o Vriscv32_dcache_miss_contract_tb
rm Vriscv32_dcache_miss_contract_tb__ALL.verilator_deplist.tmp
make[1]: Leaving directory '/home/yong/ysyx/ysyx-workbench-rv32-interview/npc/build/riscv32/rv32-baseline/icache-256b-way-1-line-16b/dcache-256b-way-2-line-16b/predictor-bht-16-btb-16x2-ras-4/obj_dir_dcache_miss_test'
- V e r i l a t i o n   R e p o r t: Verilator 5.043 devel rev v5.042-244-g4080284e5
- Verilator: Built from 0.265 MB sources in 6 modules, into 0.363 MB in 6 C++ files needing 0.001 MB
- Verilator: Walltime 134.856 s (elab=0.136, cvt=0.916, bld=133.433); cpu 1.453 s on 2 threads; alloced 218.863 MB
/home/yong/ysyx/ysyx-workbench-rv32-interview/npc/build/riscv32/rv32-baseline/icache-256b-way-1-line-16b/dcache-256b-way-2-line-16b/predictor-bht-16-btb-16x2-ras-4/obj_dir_dcache_miss_test/Vriscv32_dcache_miss_contract_tb
PASS D-cache miss contract: 24 cases, R/B order, faults, response stalls, allocation bypass, clean
- /home/yong/ysyx/ysyx-workbench-rv32-interview/npc/tests/rtl/riscv32_dcache_miss_contract_tb.sv:194: Verilog $finish
- S i m u l a t i o n   R e p o r t: Verilator 5.043 devel
- Verilator: $finish at 3ns; walltime 0.001 s; speed 5.492 us/s
- Verilator: cpu 0.001 s on 1 threads; alloced 6 MB
python3 tests/interrupt/run.py +define+YSYX_RV32_BASELINE  +define+YSYX_ICACHE_CAPACITY_BYTES=256 +define+YSYX_ICACHE_WAY_COUNT=1 +define+YSYX_ICACHE_LINE_BYTES=16 +define+YSYX_DCACHE_ENABLE=1 +define+YSYX_DCACHE_CAPACITY_BYTES=256 +define+YSYX_DCACHE_WAY_COUNT=2 +define+YSYX_DCACHE_LINE_BYTES=16 +define+YSYX_BRANCH_HISTORY_ENTRY_COUNT=16 +define+YSYX_BRANCH_TARGET_ENTRY_COUNT=16 +define+YSYX_BRANCH_TARGET_WAY_COUNT=2 +define+YSYX_RETURN_STACK_ENTRY_COUNT=4 +define+YSYX_SDRAM_NATIVE_READ_BURST=1
+ riscv64-linux-gnu-gcc -march=rv32i_zicsr_zifencei -mabi=ilp32 -nostdlib -static -fno-pic -fno-pie -mcmodel=medany -ffreestanding -fno-builtin -fno-stack-protector -ffunction-sections -fdata-sections -msmall-data-limit=0 -O2 -Wall -Werror -Wl,--no-relax,--build-id=none,--gc-sections,-e,_start -Wl,-T,/home/yong/ysyx/ysyx-workbench-rv32-interview/npc/build/tests/interrupt/test.ld /home/yong/ysyx/ysyx-workbench-rv32-interview/npc/tests/interrupt/timer_interrupt.S -o /home/yong/ysyx/ysyx-workbench-rv32-interview/npc/build/tests/interrupt/timer_interrupt.elf
+ riscv64-linux-gnu-objcopy -O binary /home/yong/ysyx/ysyx-workbench-rv32-interview/npc/build/tests/interrupt/timer_interrupt.elf /home/yong/ysyx/ysyx-workbench-rv32-interview/npc/build/tests/interrupt/timer_interrupt.bin
+ riscv64-linux-gnu-gcc -march=rv32i_zicsr_zifencei -mabi=ilp32 -nostdlib -static -fno-pic -fno-pie -mcmodel=medany -ffreestanding -fno-builtin -fno-stack-protector -ffunction-sections -fdata-sections -msmall-data-limit=0 -O2 -Wall -Werror -Wl,--no-relax,--build-id=none,--gc-sections,-e,_start -Wl,-T,/home/yong/ysyx/ysyx-workbench-rv32-interview/npc/build/tests/interrupt/test.ld -DARCH_H="arch/riscv.h" -I/home/yong/ysyx/ysyx-workbench-rv32-interview/abstract-machine/am/include -I/home/yong/ysyx/ysyx-workbench-rv32-interview/abstract-machine/am/src -I/home/yong/ysyx/ysyx-workbench-rv32-interview/abstract-machine/klib/include /home/yong/ysyx/ysyx-workbench-rv32-interview/npc/tests/interrupt/am_start.S /home/yong/ysyx/ysyx-workbench-rv32-interview/npc/tests/interrupt/am_timer.c /home/yong/ysyx/ysyx-workbench-rv32-interview/abstract-machine/am/src/riscv/npc/cte.c /home/yong/ysyx/ysyx-workbench-rv32-interview/abstract-machine/am/src/riscv/npc/trap.S -o /home/yong/ysyx/ysyx-workbench-rv32-interview/npc/build/tests/interrupt/am_timer.elf
+ riscv64-linux-gnu-objcopy -O binary /home/yong/ysyx/ysyx-workbench-rv32-interview/npc/build/tests/interrupt/am_timer.elf /home/yong/ysyx/ysyx-workbench-rv32-interview/npc/build/tests/interrupt/am_timer.bin
+ verilator --binary --timing --assert -Wno-fatal -j 2 --top-module riscv32_timer_system_tb --Mdir /home/yong/ysyx/ysyx-workbench-rv32-interview/npc/build/tests/interrupt/system_obj +define+YSYX_RV32_BASELINE +define+YSYX_ICACHE_CAPACITY_BYTES=256 +define+YSYX_ICACHE_WAY_COUNT=1 +define+YSYX_ICACHE_LINE_BYTES=16 +define+YSYX_DCACHE_ENABLE=1 +define+YSYX_DCACHE_CAPACITY_BYTES=256 +define+YSYX_DCACHE_WAY_COUNT=2 +define+YSYX_DCACHE_LINE_BYTES=16 +define+YSYX_BRANCH_HISTORY_ENTRY_COUNT=16 +define+YSYX_BRANCH_TARGET_ENTRY_COUNT=16 +define+YSYX_BRANCH_TARGET_WAY_COUNT=2 +define+YSYX_RETURN_STACK_ENTRY_COUNT=4 +define+YSYX_SDRAM_NATIVE_READ_BURST=1 -f /home/yong/ysyx/ysyx-workbench-rv32-interview/npc/vsrc/riscv32/filelist/filelist.f /home/yong/ysyx/ysyx-workbench-rv32-interview/npc/tests/interrupt/riscv32_timer_system_tb.sv
Traceback (most recent call last):
  File "/home/yong/ysyx/ysyx-workbench-rv32-interview/npc/tests/interrupt/run.py", line 77, in <module>
    system_binary = build_testbench('riscv32_timer_system_tb', 'system_obj')
  File "/home/yong/ysyx/ysyx-workbench-rv32-interview/npc/tests/interrupt/run.py", line 54, in build_testbench
    run(['verilator', '--binary', '--timing', '--assert', '-Wno-fatal', '-j', '2',
  File "/home/yong/ysyx/ysyx-workbench-rv32-interview/npc/tests/interrupt/run.py", line 24, in run
    result = subprocess.run(list(map(str, args)), env=ENV, cwd=NPC,
  File "/usr/lib/python3.10/subprocess.py", line 505, in run
    stdout, stderr = process.communicate(input, timeout=timeout)
  File "/usr/lib/python3.10/subprocess.py", line 1154, in communicate
    stdout, stderr = self._communicate(input, endtime, timeout)
  File "/usr/lib/python3.10/subprocess.py", line 2047, in _communicate
    self.wait(timeout=self._remaining_time(endtime))
  File "/usr/lib/python3.10/subprocess.py", line 1209, in wait
    return self._wait(timeout=timeout)
  File "/usr/lib/python3.10/subprocess.py", line 1951, in _wait
    raise TimeoutExpired(self.args, timeout)
subprocess.TimeoutExpired: Command '['verilator', '--binary', '--timing', '--assert', '-Wno-fatal', '-j', '2', '--top-module', 'riscv32_timer_system_tb', '--Mdir', '/home/yong/ysyx/ysyx-workbench-rv32-interview/npc/build/tests/interrupt/system_obj', '+define+YSYX_RV32_BASELINE', '+define+YSYX_ICACHE_CAPACITY_BYTES=256', '+define+YSYX_ICACHE_WAY_COUNT=1', '+define+YSYX_ICACHE_LINE_BYTES=16', '+define+YSYX_DCACHE_ENABLE=1', '+define+YSYX_DCACHE_CAPACITY_BYTES=256', '+define+YSYX_DCACHE_WAY_COUNT=2', '+define+YSYX_DCACHE_LINE_BYTES=16', '+define+YSYX_BRANCH_HISTORY_ENTRY_COUNT=16', '+define+YSYX_BRANCH_TARGET_ENTRY_COUNT=16', '+define+YSYX_BRANCH_TARGET_WAY_COUNT=2', '+define+YSYX_RETURN_STACK_ENTRY_COUNT=4', '+define+YSYX_SDRAM_NATIVE_READ_BURST=1', '-f', '/home/yong/ysyx/ysyx-workbench-rv32-interview/npc/vsrc/riscv32/filelist/filelist.f', '/home/yong/ysyx/ysyx-workbench-rv32-interview/npc/tests/interrupt/riscv32_timer_system_tb.sv']' timed out after 299.9999717360042 seconds
make: *** [Makefile:1319: test-timer-interrupt] Error 1
make: Leaving directory '/home/yong/ysyx/ysyx-workbench-rv32-interview/npc'
