make: Entering directory '/home/yong/ysyx/ysyx-workbench-rv32-interview/npc'
python3 scripts/test_frontend.py --test icache --output "/home/yong/ysyx/ysyx-workbench-rv32-interview/npc/result/performance/rv32-wait-opt-c-20260919/frontend-rv64" +define+YSYX_RV64_SEQUENTIAL  +define+YSYX_ICACHE_CAPACITY_BYTES=256 +define+YSYX_ICACHE_WAY_COUNT=2 +define+YSYX_ICACHE_LINE_BYTES=16 +define+YSYX_DCACHE_ENABLE=1 +define+YSYX_DCACHE_CAPACITY_BYTES=256 +define+YSYX_DCACHE_WAY_COUNT=2 +define+YSYX_DCACHE_LINE_BYTES=32 +define+YSYX_BRANCH_HISTORY_ENTRY_COUNT=16 +define+YSYX_BRANCH_TARGET_ENTRY_COUNT=16 +define+YSYX_BRANCH_TARGET_WAY_COUNT=2 +define+YSYX_RETURN_STACK_ENTRY_COUNT=4 +define+YSYX_SDRAM_NATIVE_READ_BURST=1
PASS I-cache contract: ways=2 line=16 checks=19 AXI reads=17 responses=19
- /home/yong/ysyx/ysyx-workbench-rv32-interview/npc/tests/rtl/riscv32_icache_contract_tb.sv:204: Verilog $finish
- S i m u l a t i o n   R e p o r t: Verilator 5.043 devel
- Verilator: $finish at 4ns; walltime 0.001 s; speed 5.212 us/s
- Verilator: cpu 0.001 s on 1 threads; alloced 6 MB

mkdir -p /home/yong/ysyx/ysyx-workbench-rv32-interview/npc/build/riscv32/rv64-sequential/icache-256b-way-2-line-16b/dcache-256b-way-2-line-32b/predictor-bht-16-btb-16x2-ras-4
verilator --binary --timing --assert -Wall -Wno-fatal -Wno-UNUSEDPARAM \
	-Wno-UNUSEDSIGNAL \
	+define+YSYX_RV64_SEQUENTIAL  +define+YSYX_ICACHE_CAPACITY_BYTES=256 +define+YSYX_ICACHE_WAY_COUNT=2 +define+YSYX_ICACHE_LINE_BYTES=16 +define+YSYX_DCACHE_ENABLE=1 +define+YSYX_DCACHE_CAPACITY_BYTES=256 +define+YSYX_DCACHE_WAY_COUNT=2 +define+YSYX_DCACHE_LINE_BYTES=32 +define+YSYX_BRANCH_HISTORY_ENTRY_COUNT=16 +define+YSYX_BRANCH_TARGET_ENTRY_COUNT=16 +define+YSYX_BRANCH_TARGET_WAY_COUNT=2 +define+YSYX_RETURN_STACK_ENTRY_COUNT=4 +define+YSYX_SDRAM_NATIVE_READ_BURST=1 \
	--top-module riscv32_dcache_tb \
	/home/yong/ysyx/ysyx-workbench-rv32-interview/npc/vsrc/riscv32/common/riscv_config_pkg.sv /home/yong/ysyx/ysyx-workbench-rv32-interview/npc/vsrc/riscv32/common/riscv32_addr_map_pkg.sv /home/yong/ysyx/ysyx-workbench-rv32-interview/npc/vsrc/riscv32/common/riscv32_axi4_pkg.sv /home/yong/ysyx/ysyx-workbench-rv32-interview/npc/vsrc/riscv32/common/riscv32_pkg.sv /home/yong/ysyx/ysyx-workbench-rv32-interview/npc/vsrc/riscv32/core/memory/riscv32_dcache_tag_array.sv /home/yong/ysyx/ysyx-workbench-rv32-interview/npc/vsrc/riscv32/core/memory/riscv32_dcache_data_array.sv /home/yong/ysyx/ysyx-workbench-rv32-interview/npc/vsrc/riscv32/core/memory/riscv32_dcache_axi.sv /home/yong/ysyx/ysyx-workbench-rv32-interview/npc/vsrc/riscv32/core/memory/riscv32_dcache_miss_unit.sv /home/yong/ysyx/ysyx-workbench-rv32-interview/npc/vsrc/riscv32/core/memory/riscv32_dcache.sv /home/yong/ysyx/ysyx-workbench-rv32-interview/npc/tests/rtl/riscv32_dcache_tb.sv \
	--Mdir /home/yong/ysyx/ysyx-workbench-rv32-interview/npc/build/riscv32/rv64-sequential/icache-256b-way-2-line-16b/dcache-256b-way-2-line-32b/predictor-bht-16-btb-16x2-ras-4/obj_dir_dcache_test \
	-o /home/yong/ysyx/ysyx-workbench-rv32-interview/npc/build/riscv32/rv64-sequential/icache-256b-way-2-line-16b/dcache-256b-way-2-line-32b/predictor-bht-16-btb-16x2-ras-4/dcache_test
%Warning-WIDTHEXPAND: /home/yong/ysyx/ysyx-workbench-rv32-interview/npc/tests/rtl/riscv32_dcache_tb.sv:418:55: Operator ADD expects 64 bits on the LHS, but LHS's CONST '32'h77000000' generates 32 bits.
                                                                                                             : ... note: In instance 'riscv32_dcache_tb'
  418 |                              core_data_t'(32'h77000000+way*DCACHE_SET_COUNT+set_index),'1,
      |                                                       ^
                      ... For warning description see https://verilator.org/warn/WIDTHEXPAND?v=5.043
                      ... Use "/* verilator lint_off WIDTHEXPAND */" and lint_on around source to disable this message.
%Warning-WIDTHEXPAND: /home/yong/ysyx/ysyx-workbench-rv32-interview/npc/tests/rtl/riscv32_dcache_tb.sv:418:76: Operator ADD expects 64 bits on the RHS, but RHS's VARREF 'set_index' generates 32 bits.
                                                                                                             : ... note: In instance 'riscv32_dcache_tb'
  418 |                              core_data_t'(32'h77000000+way*DCACHE_SET_COUNT+set_index),'1,
      |                                                                            ^
%Warning-WIDTHEXPAND: /home/yong/ysyx/ysyx-workbench-rv32-interview/npc/tests/rtl/riscv32_dcache_tb.sv:428:45: Operator ADD expects 64 bits on the LHS, but LHS's CONST '32'h77000000' generates 32 bits.
                                                                                                             : ... note: In instance 'riscv32_dcache_tb'
  428 |                    core_data_t'(32'h77000000+way*DCACHE_SET_COUNT+set_index))
      |                                             ^
%Warning-WIDTHEXPAND: /home/yong/ysyx/ysyx-workbench-rv32-interview/npc/tests/rtl/riscv32_dcache_tb.sv:428:66: Operator ADD expects 64 bits on the RHS, but RHS's VARREF 'set_index' generates 32 bits.
                                                                                                             : ... note: In instance 'riscv32_dcache_tb'
  428 |                    core_data_t'(32'h77000000+way*DCACHE_SET_COUNT+set_index))
      |                                                                  ^
%Warning-SYNCASYNCNET: /home/yong/ysyx/ysyx-workbench-rv32-interview/npc/tests/rtl/riscv32_dcache_tb.sv:16:9: Signal flopped as both synchronous and async: 'riscv32_dcache_tb.rst_ni'
                       /home/yong/ysyx/ysyx-workbench-rv32-interview/npc/tests/rtl/riscv32_dcache_tb.sv:101:10: ... Location of async usage
  101 |     if (!rst_ni) begin
      |          ^~~~~~
                       /home/yong/ysyx/ysyx-workbench-rv32-interview/npc/vsrc/riscv32/core/memory/riscv32_dcache.sv:608:51: ... Location of sync usage
  608 |   assert property (@(posedge clk_i) disable iff (!rst_ni)
      |                                                   ^~~~~~
                       ... For warning description see https://verilator.org/warn/SYNCASYNCNET?v=5.043
                       ... Use "/* verilator lint_off SYNCASYNCNET */" and lint_on around source to disable this message.
make[1]: Entering directory '/home/yong/ysyx/ysyx-workbench-rv32-interview/npc/build/riscv32/rv64-sequential/icache-256b-way-2-line-16b/dcache-256b-way-2-line-32b/predictor-bht-16-btb-16x2-ras-4/obj_dir_dcache_test'
g++ -Os  -I.  -MMD -I/home/yong/tools/oss-cad-suite/share/verilator/include -I/home/yong/tools/oss-cad-suite/share/verilator/include/vltstd -DVERILATOR=1 -DVM_COVERAGE=0 -DVM_SC=0 -DVM_TIMING=1 -DVM_TRACE=0 -DVM_TRACE_FST=0 -DVM_TRACE_VCD=0 -DVM_TRACE_SAIF=0 -faligned-new -fcf-protection=none -Wno-bool-operation -Wno-int-in-bool-context -Wno-shadow -Wno-sign-compare -Wno-subobject-linkage -Wno-tautological-compare -Wno-uninitialized -Wno-unused-but-set-parameter -Wno-unused-but-set-variable -Wno-unused-parameter -Wno-unused-variable    -DVL_TIME_CONTEXT   -fcoroutines -c -o verilated.o /home/yong/tools/oss-cad-suite/share/verilator/include/verilated.cpp
g++ -Os  -I.  -MMD -I/home/yong/tools/oss-cad-suite/share/verilator/include -I/home/yong/tools/oss-cad-suite/share/verilator/include/vltstd -DVERILATOR=1 -DVM_COVERAGE=0 -DVM_SC=0 -DVM_TIMING=1 -DVM_TRACE=0 -DVM_TRACE_FST=0 -DVM_TRACE_VCD=0 -DVM_TRACE_SAIF=0 -faligned-new -fcf-protection=none -Wno-bool-operation -Wno-int-in-bool-context -Wno-shadow -Wno-sign-compare -Wno-subobject-linkage -Wno-tautological-compare -Wno-uninitialized -Wno-unused-but-set-parameter -Wno-unused-but-set-variable -Wno-unused-parameter -Wno-unused-variable    -DVL_TIME_CONTEXT   -fcoroutines -c -o verilated_timing.o /home/yong/tools/oss-cad-suite/share/verilator/include/verilated_timing.cpp
g++ -Os  -I.  -MMD -I/home/yong/tools/oss-cad-suite/share/verilator/include -I/home/yong/tools/oss-cad-suite/share/verilator/include/vltstd -DVERILATOR=1 -DVM_COVERAGE=0 -DVM_SC=0 -DVM_TIMING=1 -DVM_TRACE=0 -DVM_TRACE_FST=0 -DVM_TRACE_VCD=0 -DVM_TRACE_SAIF=0 -faligned-new -fcf-protection=none -Wno-bool-operation -Wno-int-in-bool-context -Wno-shadow -Wno-sign-compare -Wno-subobject-linkage -Wno-tautological-compare -Wno-uninitialized -Wno-unused-but-set-parameter -Wno-unused-but-set-variable -Wno-unused-parameter -Wno-unused-variable    -DVL_TIME_CONTEXT   -fcoroutines -c -o verilated_threads.o /home/yong/tools/oss-cad-suite/share/verilator/include/verilated_threads.cpp
g++ -Os  -I.  -MMD -I/home/yong/tools/oss-cad-suite/share/verilator/include -I/home/yong/tools/oss-cad-suite/share/verilator/include/vltstd -DVERILATOR=1 -DVM_COVERAGE=0 -DVM_SC=0 -DVM_TIMING=1 -DVM_TRACE=0 -DVM_TRACE_FST=0 -DVM_TRACE_VCD=0 -DVM_TRACE_SAIF=0 -faligned-new -fcf-protection=none -Wno-bool-operation -Wno-int-in-bool-context -Wno-shadow -Wno-sign-compare -Wno-subobject-linkage -Wno-tautological-compare -Wno-uninitialized -Wno-unused-but-set-parameter -Wno-unused-but-set-variable -Wno-unused-parameter -Wno-unused-variable    -DVL_TIME_CONTEXT   -fcoroutines -x c++-header Vriscv32_dcache_tb__pch.h -o Vriscv32_dcache_tb__pch.h.fast.gch
g++ -Os  -I.  -MMD -I/home/yong/tools/oss-cad-suite/share/verilator/include -I/home/yong/tools/oss-cad-suite/share/verilator/include/vltstd -DVERILATOR=1 -DVM_COVERAGE=0 -DVM_SC=0 -DVM_TIMING=1 -DVM_TRACE=0 -DVM_TRACE_FST=0 -DVM_TRACE_VCD=0 -DVM_TRACE_SAIF=0 -faligned-new -fcf-protection=none -Wno-bool-operation -Wno-int-in-bool-context -Wno-shadow -Wno-sign-compare -Wno-subobject-linkage -Wno-tautological-compare -Wno-uninitialized -Wno-unused-but-set-parameter -Wno-unused-but-set-variable -Wno-unused-parameter -Wno-unused-variable    -DVL_TIME_CONTEXT   -fcoroutines -include Vriscv32_dcache_tb__pch.h.fast -c -o Vriscv32_dcache_tb.o Vriscv32_dcache_tb.cpp
g++ -Os  -I.  -MMD -I/home/yong/tools/oss-cad-suite/share/verilator/include -I/home/yong/tools/oss-cad-suite/share/verilator/include/vltstd -DVERILATOR=1 -DVM_COVERAGE=0 -DVM_SC=0 -DVM_TIMING=1 -DVM_TRACE=0 -DVM_TRACE_FST=0 -DVM_TRACE_VCD=0 -DVM_TRACE_SAIF=0 -faligned-new -fcf-protection=none -Wno-bool-operation -Wno-int-in-bool-context -Wno-shadow -Wno-sign-compare -Wno-subobject-linkage -Wno-tautological-compare -Wno-uninitialized -Wno-unused-but-set-parameter -Wno-unused-but-set-variable -Wno-unused-parameter -Wno-unused-variable    -DVL_TIME_CONTEXT   -fcoroutines -include Vriscv32_dcache_tb__pch.h.fast -c -o Vriscv32_dcache_tb___024root__0.o Vriscv32_dcache_tb___024root__0.cpp
g++ -Os  -I.  -MMD -I/home/yong/tools/oss-cad-suite/share/verilator/include -I/home/yong/tools/oss-cad-suite/share/verilator/include/vltstd -DVERILATOR=1 -DVM_COVERAGE=0 -DVM_SC=0 -DVM_TIMING=1 -DVM_TRACE=0 -DVM_TRACE_FST=0 -DVM_TRACE_VCD=0 -DVM_TRACE_SAIF=0 -faligned-new -fcf-protection=none -Wno-bool-operation -Wno-int-in-bool-context -Wno-shadow -Wno-sign-compare -Wno-subobject-linkage -Wno-tautological-compare -Wno-uninitialized -Wno-unused-but-set-parameter -Wno-unused-but-set-variable -Wno-unused-parameter -Wno-unused-variable    -DVL_TIME_CONTEXT   -fcoroutines -include Vriscv32_dcache_tb__pch.h.fast -c -o Vriscv32_dcache_tb___024root__1.o Vriscv32_dcache_tb___024root__1.cpp
g++ -Os  -I.  -MMD -I/home/yong/tools/oss-cad-suite/share/verilator/include -I/home/yong/tools/oss-cad-suite/share/verilator/include/vltstd -DVERILATOR=1 -DVM_COVERAGE=0 -DVM_SC=0 -DVM_TIMING=1 -DVM_TRACE=0 -DVM_TRACE_FST=0 -DVM_TRACE_VCD=0 -DVM_TRACE_SAIF=0 -faligned-new -fcf-protection=none -Wno-bool-operation -Wno-int-in-bool-context -Wno-shadow -Wno-sign-compare -Wno-subobject-linkage -Wno-tautological-compare -Wno-uninitialized -Wno-unused-but-set-parameter -Wno-unused-but-set-variable -Wno-unused-parameter -Wno-unused-variable    -DVL_TIME_CONTEXT   -fcoroutines -include Vriscv32_dcache_tb__pch.h.fast -c -o Vriscv32_dcache_tb__main.o Vriscv32_dcache_tb__main.cpp
g++   -I.  -MMD -I/home/yong/tools/oss-cad-suite/share/verilator/include -I/home/yong/tools/oss-cad-suite/share/verilator/include/vltstd -DVERILATOR=1 -DVM_COVERAGE=0 -DVM_SC=0 -DVM_TIMING=1 -DVM_TRACE=0 -DVM_TRACE_FST=0 -DVM_TRACE_VCD=0 -DVM_TRACE_SAIF=0 -faligned-new -fcf-protection=none -Wno-bool-operation -Wno-int-in-bool-context -Wno-shadow -Wno-sign-compare -Wno-subobject-linkage -Wno-tautological-compare -Wno-uninitialized -Wno-unused-but-set-parameter -Wno-unused-but-set-variable -Wno-unused-parameter -Wno-unused-variable    -DVL_TIME_CONTEXT   -fcoroutines -x c++-header Vriscv32_dcache_tb__pch.h -o Vriscv32_dcache_tb__pch.h.slow.gch
g++   -I.  -MMD -I/home/yong/tools/oss-cad-suite/share/verilator/include -I/home/yong/tools/oss-cad-suite/share/verilator/include/vltstd -DVERILATOR=1 -DVM_COVERAGE=0 -DVM_SC=0 -DVM_TIMING=1 -DVM_TRACE=0 -DVM_TRACE_FST=0 -DVM_TRACE_VCD=0 -DVM_TRACE_SAIF=0 -faligned-new -fcf-protection=none -Wno-bool-operation -Wno-int-in-bool-context -Wno-shadow -Wno-sign-compare -Wno-subobject-linkage -Wno-tautological-compare -Wno-uninitialized -Wno-unused-but-set-parameter -Wno-unused-but-set-variable -Wno-unused-parameter -Wno-unused-variable    -DVL_TIME_CONTEXT   -fcoroutines -include Vriscv32_dcache_tb__pch.h.slow -c -o Vriscv32_dcache_tb___024root__Slow.o Vriscv32_dcache_tb___024root__Slow.cpp
g++   -I.  -MMD -I/home/yong/tools/oss-cad-suite/share/verilator/include -I/home/yong/tools/oss-cad-suite/share/verilator/include/vltstd -DVERILATOR=1 -DVM_COVERAGE=0 -DVM_SC=0 -DVM_TIMING=1 -DVM_TRACE=0 -DVM_TRACE_FST=0 -DVM_TRACE_VCD=0 -DVM_TRACE_SAIF=0 -faligned-new -fcf-protection=none -Wno-bool-operation -Wno-int-in-bool-context -Wno-shadow -Wno-sign-compare -Wno-subobject-linkage -Wno-tautological-compare -Wno-uninitialized -Wno-unused-but-set-parameter -Wno-unused-but-set-variable -Wno-unused-parameter -Wno-unused-variable    -DVL_TIME_CONTEXT   -fcoroutines -include Vriscv32_dcache_tb__pch.h.slow -c -o Vriscv32_dcache_tb___024root__0__Slow.o Vriscv32_dcache_tb___024root__0__Slow.cpp
g++   -I.  -MMD -I/home/yong/tools/oss-cad-suite/share/verilator/include -I/home/yong/tools/oss-cad-suite/share/verilator/include/vltstd -DVERILATOR=1 -DVM_COVERAGE=0 -DVM_SC=0 -DVM_TIMING=1 -DVM_TRACE=0 -DVM_TRACE_FST=0 -DVM_TRACE_VCD=0 -DVM_TRACE_SAIF=0 -faligned-new -fcf-protection=none -Wno-bool-operation -Wno-int-in-bool-context -Wno-shadow -Wno-sign-compare -Wno-subobject-linkage -Wno-tautological-compare -Wno-uninitialized -Wno-unused-but-set-parameter -Wno-unused-but-set-variable -Wno-unused-parameter -Wno-unused-variable    -DVL_TIME_CONTEXT   -fcoroutines -include Vriscv32_dcache_tb__pch.h.slow -c -o Vriscv32_dcache_tb__Syms__Slow.o Vriscv32_dcache_tb__Syms__Slow.cpp
g++    verilated.o verilated_timing.o verilated_threads.o Vriscv32_dcache_tb__ALL.a    -pthread -lpthread -latomic   -o /home/yong/ysyx/ysyx-workbench-rv32-interview/npc/build/riscv32/rv64-sequential/icache-256b-way-2-line-16b/dcache-256b-way-2-line-32b/predictor-bht-16-btb-16x2-ras-4/dcache_test
rm Vriscv32_dcache_tb__ALL.verilator_deplist.tmp
make[1]: Leaving directory '/home/yong/ysyx/ysyx-workbench-rv32-interview/npc/build/riscv32/rv64-sequential/icache-256b-way-2-line-16b/dcache-256b-way-2-line-32b/predictor-bht-16-btb-16x2-ras-4/obj_dir_dcache_test'
- V e r i l a t i o n   R e p o r t: Verilator 5.043 devel rev v5.042-244-g4080284e5
- Verilator: Built from 0.716 MB sources in 11 modules, into 0.854 MB in 7 C++ files needing 0.001 MB
- Verilator: Walltime 344.959 s (elab=0.235, cvt=1.579, bld=342.619); cpu 2.332 s on 1 threads; alloced 27.348 MB
/home/yong/ysyx/ysyx-workbench-rv32-interview/npc/build/riscv32/rv64-sequential/icache-256b-way-2-line-16b/dcache-256b-way-2-line-32b/predictor-bht-16-btb-16x2-ras-4/dcache_test
D-cache directed test passed: XLEN=64 sets=4 ways=2 line=32B
- /home/yong/ysyx/ysyx-workbench-rv32-interview/npc/tests/rtl/riscv32_dcache_tb.sv:434: Verilog $finish
- S i m u l a t i o n   R e p o r t: Verilator 5.043 devel
- Verilator: $finish at 2ns; walltime 0.030 s; speed 83.246 ns/s
- Verilator: cpu 0.030 s on 1 threads; alloced 6 MB
verilator --binary --timing --assert -Wno-fatal -j 2 +define+YSYX_RV64_SEQUENTIAL  +define+YSYX_ICACHE_CAPACITY_BYTES=256 +define+YSYX_ICACHE_WAY_COUNT=2 +define+YSYX_ICACHE_LINE_BYTES=16 +define+YSYX_DCACHE_ENABLE=1 +define+YSYX_DCACHE_CAPACITY_BYTES=256 +define+YSYX_DCACHE_WAY_COUNT=2 +define+YSYX_DCACHE_LINE_BYTES=32 +define+YSYX_BRANCH_HISTORY_ENTRY_COUNT=16 +define+YSYX_BRANCH_TARGET_ENTRY_COUNT=16 +define+YSYX_BRANCH_TARGET_WAY_COUNT=2 +define+YSYX_RETURN_STACK_ENTRY_COUNT=4 +define+YSYX_SDRAM_NATIVE_READ_BURST=1 \
	--top-module riscv32_dcache_miss_contract_tb \
	/home/yong/ysyx/ysyx-workbench-rv32-interview/npc/vsrc/riscv32/common/riscv_config_pkg.sv /home/yong/ysyx/ysyx-workbench-rv32-interview/npc/vsrc/riscv32/common/riscv32_addr_map_pkg.sv \
	/home/yong/ysyx/ysyx-workbench-rv32-interview/npc/vsrc/riscv32/common/riscv32_pkg.sv /home/yong/ysyx/ysyx-workbench-rv32-interview/npc/vsrc/riscv32/core/memory/riscv32_dcache_miss_unit.sv \
	/home/yong/ysyx/ysyx-workbench-rv32-interview/npc/tests/rtl/riscv32_dcache_miss_contract_tb.sv \
	--Mdir /home/yong/ysyx/ysyx-workbench-rv32-interview/npc/build/riscv32/rv64-sequential/icache-256b-way-2-line-16b/dcache-256b-way-2-line-32b/predictor-bht-16-btb-16x2-ras-4/obj_dir_dcache_miss_test
%Warning-WIDTHEXPAND: /home/yong/ysyx/ysyx-workbench-rv32-interview/npc/tests/rtl/riscv32_dcache_miss_contract_tb.sv:59:55: Operator ADD expects 64 bits on the LHS, but LHS's CONST '32'h12000000' generates 32 bits.
                                                                                                                          : ... note: In instance 'riscv32_dcache_miss_contract_tb'
   59 |         victim_data[way] <= core_data_t'(32'h12000000 + int'(victim_word));
      |                                                       ^
                      ... For warning description see https://verilator.org/warn/WIDTHEXPAND?v=5.043
                      ... Use "/* verilator lint_off WIDTHEXPAND */" and lint_on around source to disable this message.
%Warning-WIDTHEXPAND: /home/yong/ysyx/ysyx-workbench-rv32-interview/npc/tests/rtl/riscv32_dcache_miss_contract_tb.sv:59:55: Operator ADD expects 64 bits on the RHS, but RHS's CASTWRAP generates 32 bits.
                                                                                                                          : ... note: In instance 'riscv32_dcache_miss_contract_tb'
   59 |         victim_data[way] <= core_data_t'(32'h12000000 + int'(victim_word));
      |                                                       ^
%Warning-WIDTHEXPAND: /home/yong/ysyx/ysyx-workbench-rv32-interview/npc/tests/rtl/riscv32_dcache_miss_contract_tb.sv:71:39: Operator ADD expects 64 bits on the LHS, but LHS's CONST '32'h12000000' generates 32 bits.
                                                                                                                          : ... note: In instance 'riscv32_dcache_miss_contract_tb'
   71 |              core_data_t'(32'h12000000+word_index))
      |                                       ^
%Warning-WIDTHEXPAND: /home/yong/ysyx/ysyx-workbench-rv32-interview/npc/tests/rtl/riscv32_dcache_miss_contract_tb.sv:71:39: Operator ADD expects 64 bits on the RHS, but RHS's VARREF 'word_index' generates 32 bits.
                                                                                                                          : ... note: In instance 'riscv32_dcache_miss_contract_tb'
   71 |              core_data_t'(32'h12000000+word_index))
      |                                       ^
%Warning-WIDTHEXPAND: /home/yong/ysyx/ysyx-workbench-rv32-interview/npc/tests/rtl/riscv32_dcache_miss_contract_tb.sv:116:58: Operator ADD expects 64 bits on the LHS, but LHS's CONST '32'h34000000' generates 32 bits.
                                                                                                                           : ... note: In instance 'riscv32_dcache_miss_contract_tb'
  116 |       refill_response.word_data=core_data_t'(32'h34000000+word_index);
      |                                                          ^
%Warning-WIDTHEXPAND: /home/yong/ysyx/ysyx-workbench-rv32-interview/npc/tests/rtl/riscv32_dcache_miss_contract_tb.sv:116:58: Operator ADD expects 64 bits on the RHS, but RHS's VARREF 'word_index' generates 32 bits.
                                                                                                                           : ... note: In instance 'riscv32_dcache_miss_contract_tb'
  116 |       refill_response.word_data=core_data_t'(32'h34000000+word_index);
      |                                                          ^
%Warning-WIDTHEXPAND: /home/yong/ysyx/ysyx-workbench-rv32-interview/npc/tests/rtl/riscv32_dcache_miss_contract_tb.sv:146:55: Operator ADD expects 64 bits on the LHS, but LHS's CONST '32'h34000000' generates 32 bits.
                                                                                                                           : ... note: In instance 'riscv32_dcache_miss_contract_tb'
  146 |              held.read_data==core_data_t'(32'h34000000+critical) && held.access_fault==expected_fault)
      |                                                       ^
%Warning-WIDTHEXPAND: /home/yong/ysyx/ysyx-workbench-rv32-interview/npc/tests/rtl/riscv32_dcache_miss_contract_tb.sv:146:55: Operator ADD expects 64 bits on the RHS, but RHS's VARREF 'critical' generates 32 bits.
                                                                                                                           : ... note: In instance 'riscv32_dcache_miss_contract_tb'
  146 |              held.read_data==core_data_t'(32'h34000000+critical) && held.access_fault==expected_fault)
      |                                                       ^
make[1]: Entering directory '/home/yong/ysyx/ysyx-workbench-rv32-interview/npc/build/riscv32/rv64-sequential/icache-256b-way-2-line-16b/dcache-256b-way-2-line-32b/predictor-bht-16-btb-16x2-ras-4/obj_dir_dcache_miss_test'
g++ -Os  -I.  -MMD -I/home/yong/tools/oss-cad-suite/share/verilator/include -I/home/yong/tools/oss-cad-suite/share/verilator/include/vltstd -DVERILATOR=1 -DVM_COVERAGE=0 -DVM_SC=0 -DVM_TIMING=1 -DVM_TRACE=0 -DVM_TRACE_FST=0 -DVM_TRACE_VCD=0 -DVM_TRACE_SAIF=0 -faligned-new -fcf-protection=none -Wno-bool-operation -Wno-int-in-bool-context -Wno-shadow -Wno-sign-compare -Wno-subobject-linkage -Wno-tautological-compare -Wno-uninitialized -Wno-unused-but-set-parameter -Wno-unused-but-set-variable -Wno-unused-parameter -Wno-unused-variable    -DVL_TIME_CONTEXT   -fcoroutines -c -o verilated.o /home/yong/tools/oss-cad-suite/share/verilator/include/verilated.cpp
g++ -Os  -I.  -MMD -I/home/yong/tools/oss-cad-suite/share/verilator/include -I/home/yong/tools/oss-cad-suite/share/verilator/include/vltstd -DVERILATOR=1 -DVM_COVERAGE=0 -DVM_SC=0 -DVM_TIMING=1 -DVM_TRACE=0 -DVM_TRACE_FST=0 -DVM_TRACE_VCD=0 -DVM_TRACE_SAIF=0 -faligned-new -fcf-protection=none -Wno-bool-operation -Wno-int-in-bool-context -Wno-shadow -Wno-sign-compare -Wno-subobject-linkage -Wno-tautological-compare -Wno-uninitialized -Wno-unused-but-set-parameter -Wno-unused-but-set-variable -Wno-unused-parameter -Wno-unused-variable    -DVL_TIME_CONTEXT   -fcoroutines -c -o verilated_timing.o /home/yong/tools/oss-cad-suite/share/verilator/include/verilated_timing.cpp
g++ -Os  -I.  -MMD -I/home/yong/tools/oss-cad-suite/share/verilator/include -I/home/yong/tools/oss-cad-suite/share/verilator/include/vltstd -DVERILATOR=1 -DVM_COVERAGE=0 -DVM_SC=0 -DVM_TIMING=1 -DVM_TRACE=0 -DVM_TRACE_FST=0 -DVM_TRACE_VCD=0 -DVM_TRACE_SAIF=0 -faligned-new -fcf-protection=none -Wno-bool-operation -Wno-int-in-bool-context -Wno-shadow -Wno-sign-compare -Wno-subobject-linkage -Wno-tautological-compare -Wno-uninitialized -Wno-unused-but-set-parameter -Wno-unused-but-set-variable -Wno-unused-parameter -Wno-unused-variable    -DVL_TIME_CONTEXT   -fcoroutines -c -o verilated_threads.o /home/yong/tools/oss-cad-suite/share/verilator/include/verilated_threads.cpp
python3 /home/yong/tools/oss-cad-suite/share/verilator/bin/verilator_includer -DVL_INCLUDE_OPT=include Vriscv32_dcache_miss_contract_tb.cpp Vriscv32_dcache_miss_contract_tb___024root__0.cpp Vriscv32_dcache_miss_contract_tb__main.cpp Vriscv32_dcache_miss_contract_tb___024root__Slow.cpp Vriscv32_dcache_miss_contract_tb___024root__0__Slow.cpp Vriscv32_dcache_miss_contract_tb__Syms__Slow.cpp > Vriscv32_dcache_miss_contract_tb__ALL.cpp
g++ -Os  -I.  -MMD -I/home/yong/tools/oss-cad-suite/share/verilator/include -I/home/yong/tools/oss-cad-suite/share/verilator/include/vltstd -DVERILATOR=1 -DVM_COVERAGE=0 -DVM_SC=0 -DVM_TIMING=1 -DVM_TRACE=0 -DVM_TRACE_FST=0 -DVM_TRACE_VCD=0 -DVM_TRACE_SAIF=0 -faligned-new -fcf-protection=none -Wno-bool-operation -Wno-int-in-bool-context -Wno-shadow -Wno-sign-compare -Wno-subobject-linkage -Wno-tautological-compare -Wno-uninitialized -Wno-unused-but-set-parameter -Wno-unused-but-set-variable -Wno-unused-parameter -Wno-unused-variable    -DVL_TIME_CONTEXT   -fcoroutines -c -o Vriscv32_dcache_miss_contract_tb__ALL.o Vriscv32_dcache_miss_contract_tb__ALL.cpp
g++    verilated.o verilated_timing.o verilated_threads.o Vriscv32_dcache_miss_contract_tb__ALL.a    -pthread -lpthread -latomic   -o Vriscv32_dcache_miss_contract_tb
rm Vriscv32_dcache_miss_contract_tb__ALL.verilator_deplist.tmp
make[1]: Leaving directory '/home/yong/ysyx/ysyx-workbench-rv32-interview/npc/build/riscv32/rv64-sequential/icache-256b-way-2-line-16b/dcache-256b-way-2-line-32b/predictor-bht-16-btb-16x2-ras-4/obj_dir_dcache_miss_test'
- V e r i l a t i o n   R e p o r t: Verilator 5.043 devel rev v5.042-244-g4080284e5
- Verilator: Built from 0.265 MB sources in 6 modules, into 0.415 MB in 6 C++ files needing 0.001 MB
- Verilator: Walltime 139.815 s (elab=0.435, cvt=1.089, bld=137.818); cpu 2.093 s on 2 threads; alloced 219.289 MB
/home/yong/ysyx/ysyx-workbench-rv32-interview/npc/build/riscv32/rv64-sequential/icache-256b-way-2-line-16b/dcache-256b-way-2-line-32b/predictor-bht-16-btb-16x2-ras-4/obj_dir_dcache_miss_test/Vriscv32_dcache_miss_contract_tb
PASS D-cache miss contract: 24 cases, R/B order, faults, response stalls, allocation bypass, clean
- /home/yong/ysyx/ysyx-workbench-rv32-interview/npc/tests/rtl/riscv32_dcache_miss_contract_tb.sv:194: Verilog $finish
- S i m u l a t i o n   R e p o r t: Verilator 5.043 devel
- Verilator: $finish at 3ns; walltime 0.013 s; speed 247.503 ns/s
- Verilator: cpu 0.013 s on 1 threads; alloced 6 MB
make: Leaving directory '/home/yong/ysyx/ysyx-workbench-rv32-interview/npc'
