make: Entering directory '/home/yong/ysyx/ysyx-workbench-rv32-interview/npc'
# DO NOT REMOVE THIS LINE!!!
verilator --lint-only -Wall -Wno-fatal \
	+define+YSYX_RV32_BASELINE  +define+YSYX_ICACHE_CAPACITY_BYTES=256 +define+YSYX_ICACHE_WAY_COUNT=1 +define+YSYX_ICACHE_LINE_BYTES=16 +define+YSYX_DCACHE_ENABLE=1 +define+YSYX_DCACHE_CAPACITY_BYTES=256 +define+YSYX_DCACHE_WAY_COUNT=2 +define+YSYX_DCACHE_LINE_BYTES=16 +define+YSYX_BRANCH_HISTORY_ENTRY_COUNT=16 +define+YSYX_BRANCH_TARGET_ENTRY_COUNT=16 +define+YSYX_BRANCH_TARGET_WAY_COUNT=2 +define+YSYX_RETURN_STACK_ENTRY_COUNT=4 +define+YSYX_SDRAM_NATIVE_READ_BURST=1 \
	--top-module top \
	-f /home/yong/ysyx/ysyx-workbench-rv32-interview/npc/vsrc/riscv32/filelist/filelist.f
%Warning-PINCONNECTEMPTY: /home/yong/ysyx/ysyx-workbench-rv32-interview/npc/vsrc/riscv32/core/riscv32_core.sv:327:8: Instance pin connected by name with empty reference: 'lookup_next_pc_o'
  327 |       .lookup_next_pc_o(),
      |        ^~~~~~~~~~~~~~~~
                          ... For warning description see https://verilator.org/warn/PINCONNECTEMPTY?v=5.043
                          ... Use "/* verilator lint_off PINCONNECTEMPTY */" and lint_on around source to disable this message.
%Warning-PINCONNECTEMPTY: /home/yong/ysyx/ysyx-workbench-rv32-interview/npc/vsrc/riscv32/sim/top.sv:54:8: Instance pin connected by name with empty reference: 'system_rst_no'
   54 |       .system_rst_no          (),
      |        ^~~~~~~~~~~~~
%Warning-UNUSEDSIGNAL: /home/yong/ysyx/ysyx-workbench-rv32-interview/npc/vsrc/riscv32/sim/riscv32_axi4_sim_mem.sv:76:16: Bits of signal are not used: 'random_latency_seed'[31:16]
                                                                                                                       : ... note: In instance 'top.u_sim_mem'
   76 |   int unsigned random_latency_seed;
      |                ^~~~~~~~~~~~~~~~~~~
                       ... For warning description see https://verilator.org/warn/UNUSEDSIGNAL?v=5.043
                       ... Use "/* verilator lint_off UNUSEDSIGNAL */" and lint_on around source to disable this message.
%Warning-UNUSEDSIGNAL: /home/yong/ysyx/ysyx-workbench-rv32-interview/npc/vsrc/riscv32/system/riscv32_axi4_core_merge.sv:9:37: Bits of signal are not used: 'instruction_manager_i'[139:51]
                                                                                                                            : ... note: In instance 'top.u_npc_system.u_axi4_core_merge'
    9 |     input  axi4_manager_to_target_t instruction_manager_i,
      |                                     ^~~~~~~~~~~~~~~~~~~~~
%Warning-UNUSEDSIGNAL: /home/yong/ysyx/ysyx-workbench-rv32-interview/npc/vsrc/riscv32/core/frontend/riscv32_icache_refill_axi4_master.sv:22:37: Bits of signal are not used: 'axi_manager_i'[49:41]
                                                                                                                                              : ... note: In instance 'top.u_npc_system.u_core.u_icache_refill_axi4_master'
   22 |     input  axi4_target_to_manager_t axi_manager_i
      |                                     ^~~~~~~~~~~~~
%Warning-UNUSEDSIGNAL: /home/yong/ysyx/ysyx-workbench-rv32-interview/npc/vsrc/riscv32/core/frontend/riscv32_icache.sv:41:14: Bits of signal are not used: 'lookup_memory_attr'[5:4,1:0]
                                                                                                                           : ... note: In instance 'top.u_npc_system.u_core.u_icache'
   41 |   pma_attr_t lookup_memory_attr;
      |              ^~~~~~~~~~~~~~~~~~
%Warning-UNUSEDSIGNAL: /home/yong/ysyx/ysyx-workbench-rv32-interview/npc/vsrc/riscv32/core/frontend/riscv32_icache.sv:61:18: Bits of signal are not used: 'miss_event'[9:6,4,0]
                                                                                                                           : ... note: In instance 'top.u_npc_system.u_core.u_icache'
   61 |   icache_event_t miss_event;
      |                  ^~~~~~~~~~
%Warning-UNUSEDSIGNAL: /home/yong/ysyx/ysyx-workbench-rv32-interview/npc/vsrc/riscv32/core/frontend/riscv32_icache.sv:214:68: Bits of signal are not used: 'addr'[7:0]
                                                                                                                            : ... note: In instance 'top.u_npc_system.u_core.u_icache'
  214 |   function automatic icache_tag_t get_icache_tag(input phys_addr_t addr);
      |                                                                    ^~~~
%Warning-UNUSEDSIGNAL: /home/yong/ysyx/ysyx-workbench-rv32-interview/npc/vsrc/riscv32/core/memory/riscv32_data_memory_subsystem.sv:40:14: Bits of signal are not used: 'request_memory_attr'[3,1:0]
                                                                                                                                        : ... note: In instance 'top.u_npc_system.u_core.u_data_memory_subsystem'
   40 |   pma_attr_t request_memory_attr;
      |              ^~~~~~~~~~~~~~~~~~~
%Warning-UNUSEDSIGNAL: /home/yong/ysyx/ysyx-workbench-rv32-interview/npc/vsrc/riscv32/core/riscv32_csr_file.sv:21:29: Bits of signal are not used: 'trap_pc_i'[1:0]
                                                                                                                    : ... note: In instance 'top.u_npc_system.u_core.u_csr_file'
   21 |     input program_counter_t trap_pc_i,
      |                             ^~~~~~~~~
%Warning-UNUSEDSIGNAL: /home/yong/ysyx/ysyx-workbench-rv32-interview/npc/vsrc/riscv32/core/riscv32_lsu.sv:22:31: Bits of signal are not used: 'data_memory_resp_i'[3:0]
                                                                                                               : ... note: In instance 'top.u_npc_system.u_core.u_lsu'
   22 |     input  data_memory_resp_t data_memory_resp_i,
      |                               ^~~~~~~~~~~~~~~~~~
%Warning-UNUSEDSIGNAL: /home/yong/ysyx/ysyx-workbench-rv32-interview/npc/vsrc/riscv32/core/riscv32_lsu.sv:90:71: Bits of signal are not used: 'request'[95:64,31:0]
                                                                                                               : ... note: In instance 'top.u_npc_system.u_core.u_lsu'
   90 |   function automatic logic request_address_misaligned(input lsu_req_t request);
      |                                                                       ^~~~~~~
%Warning-UNUSEDSIGNAL: /home/yong/ysyx/ysyx-workbench-rv32-interview/npc/vsrc/riscv32/core/riscv32_lsu.sv:99:70: Bits of signal are not used: 'request'[95:0]
                                                                                                               : ... note: In instance 'top.u_npc_system.u_core.u_lsu'
   99 |   function automatic logic request_has_memory_access(input lsu_req_t request);
      |                                                                      ^~~~~~~
%Warning-UNUSEDSIGNAL: /home/yong/ysyx/ysyx-workbench-rv32-interview/npc/vsrc/riscv32/core/riscv32_lsu.sv:104:83: Bits of signal are not used: 'request'[95:64,31:0]
                                                                                                                : ... note: In instance 'top.u_npc_system.u_core.u_lsu'
  104 |   function automatic core_byte_strobe_t request_store_byte_strobe(input lsu_req_t request);
      |                                                                                   ^~~~~~~
%Warning-UNUSEDSIGNAL: /home/yong/ysyx/ysyx-workbench-rv32-interview/npc/vsrc/riscv32/core/riscv32_lsu.sv:116:75: Bits of signal are not used: 'request'[95:64]
                                                                                                                : ... note: In instance 'top.u_npc_system.u_core.u_lsu'
  116 |   function automatic core_data_t request_store_write_data(input lsu_req_t request);
      |                                                                           ^~~~~~~
%Warning-UNUSEDSIGNAL: /home/yong/ysyx/ysyx-workbench-rv32-interview/npc/vsrc/riscv32/sim/riscv32_sim_performance_monitor.sv:38:29: Bits of signal are not used: 'resolved_control_flow_pc_i'[31:8,1:0]
                                                                                                                                  : ... note: In instance 'top.u_npc_system.u_core.u_sim_performance_monitor'
   38 |     input program_counter_t resolved_control_flow_pc_i,
      |                             ^~~~~~~~~~~~~~~~~~~~~~~~~~
%Warning-UNUSEDSIGNAL: /home/yong/ysyx/ysyx-workbench-rv32-interview/npc/vsrc/riscv32/sim/riscv32_sim_issue_window_monitor.sv:9:26: Bits of signal are not used: 'commit_i'[353:322,289:258,256:252,219:70,68:0]
                                                                                                                                  : ... note: In instance 'top.u_npc_system.u_core.u_sim_issue_window_monitor'
    9 |     input commit_t       commit_i,
      |                          ^~~~~~~~
%Warning-UNUSEDSIGNAL: /home/yong/ysyx/ysyx-workbench-rv32-interview/npc/vsrc/riscv32/sim/riscv32_sim_issue_window_monitor.sv:18:26: Bits of signal are not used: 'icache_event_i'[9:6,4:0]
                                                                                                                                   : ... note: In instance 'top.u_npc_system.u_core.u_sim_issue_window_monitor'
   18 |     input icache_event_t icache_event_i,
      |                          ^~~~~~~~~~~~~~
%Warning-UNUSEDSIGNAL: /home/yong/ysyx/ysyx-workbench-rv32-interview/npc/vsrc/riscv32/sim/riscv32_sim_issue_window_monitor.sv:19:26: Bits of signal are not used: 'dcache_event_i'[13:8,5:0]
                                                                                                                                   : ... note: In instance 'top.u_npc_system.u_core.u_sim_issue_window_monitor'
   19 |     input dcache_event_t dcache_event_i
      |                          ^~~~~~~~~~~~~~
%Warning-UNUSEDSIGNAL: /home/yong/ysyx/ysyx-workbench-rv32-interview/npc/vsrc/riscv32/sim/riscv32_sim_issue_window_monitor.sv:35:16: Bits of signal are not used: 'category_index'[31:3]
                                                                                                                                   : ... note: In instance 'top.u_npc_system.u_core.u_sim_issue_window_monitor'
   35 |   int unsigned category_index;
      |                ^~~~~~~~~~~~~~
%Warning-UNUSEDSIGNAL: /home/yong/ysyx/ysyx-workbench-rv32-interview/npc/vsrc/riscv32/core/riscv32_ifu.sv:10:26: Bits of signal are not used: 'redirect_req_i'[41:0]
                                                                                                               : ... note: In instance 'top.u_npc_system.u_core.u_ifu'
   10 |     input redirect_req_t redirect_req_i,
      |                          ^~~~~~~~~~~~~~
%Warning-UNUSEDSIGNAL: /home/yong/ysyx/ysyx-workbench-rv32-interview/npc/vsrc/riscv32/core/riscv32_interrupt_controller.sv:13:38: Bits of signal are not used: 'commit_i'[353:290,257:70,68:0]
                                                                                                                                : ... note: In instance 'top.u_npc_system.u_core.u_interrupt_controller'
   13 |     input  commit_t                  commit_i,
      |                                      ^~~~~~~~
%Warning-UNUSEDSIGNAL: /home/yong/ysyx/ysyx-workbench-rv32-interview/npc/vsrc/riscv32/core/riscv32_interrupt_controller.sv:15:38: Bits of signal are not used: 'redirect_i'[41:0]
                                                                                                                                : ... note: In instance 'top.u_npc_system.u_core.u_interrupt_controller'
   15 |     input  redirect_req_t            redirect_i,
      |                                      ^~~~~~~~~~
%Warning-UNUSEDSIGNAL: /home/yong/ysyx/ysyx-workbench-rv32-interview/npc/vsrc/riscv32/core/frontend/riscv32_branch_history_table.sv:11:30: Bits of signal are not used: 'lookup_pc_i'[31:6,1:0]
                                                                                                                                         : ... note: In instance 'top.u_npc_system.u_core.u_fetch_control_flow_predictor.u_branch_history_table'
   11 |     input  program_counter_t lookup_pc_i,
      |                              ^~~~~~~~~~~
%Warning-UNUSEDSIGNAL: /home/yong/ysyx/ysyx-workbench-rv32-interview/npc/vsrc/riscv32/core/frontend/riscv32_branch_history_table.sv:13:30: Bits of signal are not used: 'training_pc_i'[31:6,1:0]
                                                                                                                                         : ... note: In instance 'top.u_npc_system.u_core.u_fetch_control_flow_predictor.u_branch_history_table'
   13 |     input  program_counter_t training_pc_i,
      |                              ^~~~~~~~~~~~~
%Warning-UNUSEDSIGNAL: /home/yong/ysyx/ysyx-workbench-rv32-interview/npc/vsrc/riscv32/core/frontend/riscv32_branch_target_buffer.sv:12:33: Bits of signal are not used: 'lookup_request_pc_i'[31:5,1:0]
                                                                                                                                         : ... note: In instance 'top.u_npc_system.u_core.u_fetch_control_flow_predictor.u_branch_target_buffer'
   12 |     input  program_counter_t    lookup_request_pc_i,
      |                                 ^~~~~~~~~~~~~~~~~~~
%Warning-UNUSEDSIGNAL: /home/yong/ysyx/ysyx-workbench-rv32-interview/npc/vsrc/riscv32/core/frontend/riscv32_branch_target_buffer.sv:14:33: Bits of signal are not used: 'lookup_query_pc_i'[4:0]
                                                                                                                                         : ... note: In instance 'top.u_npc_system.u_core.u_fetch_control_flow_predictor.u_branch_target_buffer'
   14 |     input  program_counter_t    lookup_query_pc_i,
      |                                 ^~~~~~~~~~~~~~~~~
%Warning-UNUSEDSIGNAL: /home/yong/ysyx/ysyx-workbench-rv32-interview/npc/vsrc/riscv32/core/frontend/riscv32_branch_target_buffer.sv:20:30: Bits of signal are not used: 'training_pc_i'[1:0]
                                                                                                                                         : ... note: In instance 'top.u_npc_system.u_core.u_fetch_control_flow_predictor.u_branch_target_buffer'
   20 |     input  program_counter_t training_pc_i,
      |                              ^~~~~~~~~~~~~
%Warning-UNUSEDSIGNAL: /home/yong/ysyx/ysyx-workbench-rv32-interview/npc/vsrc/riscv32/core/frontend/riscv32_branch_target_buffer.sv:88:25: Bits of signal are not used: 'lookup_branch_target_entry'[61:34]
                                                                                                                                         : ... note: In instance 'top.u_npc_system.u_core.u_fetch_control_flow_predictor.u_branch_target_buffer'
   88 |   branch_target_entry_t lookup_branch_target_entry;
      |                         ^~~~~~~~~~~~~~~~~~~~~~~~~~
%Warning-UNUSEDSIGNAL: /home/yong/ysyx/ysyx-workbench-rv32-interview/npc/vsrc/riscv32/core/frontend/riscv32_branch_target_buffer.sv:237:29: Bits of signal are not used: 'compared_entry'[33:0]
                                                                                                                                          : ... note: In instance 'top.u_npc_system.u_core.u_fetch_control_flow_predictor.u_branch_target_buffer'
  237 |       branch_target_entry_t compared_entry;
      |                             ^~~~~~~~~~~~~~
%Warning-UNUSEDSIGNAL: /home/yong/ysyx/ysyx-workbench-rv32-interview/npc/vsrc/riscv32/core/memory/riscv32_dcache_miss_unit.sv:55:33: Bits of signal are not used: 'refill_resp_i'[3:0]
                                                                                                                                   : ... note: In instance 'top.u_npc_system.u_core.u_data_memory_subsystem.gen_dcache.u_dcache.u_miss_unit'
   55 |     input  dcache_refill_resp_t refill_resp_i,
      |                                 ^~~~~~~~~~~~~
%Warning-UNUSEDSIGNAL: /home/yong/ysyx/ysyx-workbench-rv32-interview/npc/vsrc/riscv32/core/memory/riscv32_dcache_miss_unit.sv:62:36: Bits of signal are not used: 'writeback_resp_i'[3:0]
                                                                                                                                   : ... note: In instance 'top.u_npc_system.u_core.u_data_memory_subsystem.gen_dcache.u_dcache.u_miss_unit'
   62 |     input  dcache_writeback_resp_t writeback_resp_i,
      |                                    ^~~~~~~~~~~~~~~~
%Warning-UNUSEDPARAM: /home/yong/ysyx/ysyx-workbench-rv32-interview/npc/vsrc/riscv32/common/riscv32_addr_map_pkg.sv:14:27: Parameter is not used: 'CLINT_SIZE_BYTES'
                                                                                                                         : ... note: In instance 'top.u_npc_system.u_core.u_data_memory_subsystem.gen_dcache.u_dcache.u_miss_unit'
   14 |   localparam int unsigned CLINT_SIZE_BYTES = 32'h0001_0000;
      |                           ^~~~~~~~~~~~~~~~
                      ... For warning description see https://verilator.org/warn/UNUSEDPARAM?v=5.043
                      ... Use "/* verilator lint_off UNUSEDPARAM */" and lint_on around source to disable this message.
%Warning-UNUSEDPARAM: /home/yong/ysyx/ysyx-workbench-rv32-interview/npc/vsrc/riscv32/common/riscv32_addr_map_pkg.sv:15:26: Parameter is not used: 'CLINT_ADDR_MATCH_MASK'
                                                                                                                         : ... note: In instance 'top.u_npc_system.u_core.u_data_memory_subsystem.gen_dcache.u_dcache.u_miss_unit'
   15 |   localparam phys_addr_t CLINT_ADDR_MATCH_MASK = 32'hffff_0000;
      |                          ^~~~~~~~~~~~~~~~~~~~~
%Warning-UNUSEDPARAM: /home/yong/ysyx/ysyx-workbench-rv32-interview/npc/vsrc/riscv32/common/riscv32_addr_map_pkg.sv:26:27: Parameter is not used: 'SRAM_SIZE_BYTES'
                                                                                                                         : ... note: In instance 'top.u_npc_system.u_core.u_data_memory_subsystem.gen_dcache.u_dcache.u_miss_unit'
   26 |   localparam int unsigned SRAM_SIZE_BYTES = 32'h0000_2000;
      |                           ^~~~~~~~~~~~~~~
%Warning-UNUSEDPARAM: /home/yong/ysyx/ysyx-workbench-rv32-interview/npc/vsrc/riscv32/common/riscv32_addr_map_pkg.sv:27:26: Parameter is not used: 'SRAM_ADDR_MATCH_MASK'
                                                                                                                         : ... note: In instance 'top.u_npc_system.u_core.u_data_memory_subsystem.gen_dcache.u_dcache.u_miss_unit'
   27 |   localparam phys_addr_t SRAM_ADDR_MATCH_MASK = 32'hffff_e000;
      |                          ^~~~~~~~~~~~~~~~~~~~
%Warning-UNUSEDPARAM: /home/yong/ysyx/ysyx-workbench-rv32-interview/npc/vsrc/riscv32/common/riscv32_addr_map_pkg.sv:31:27: Parameter is not used: 'UART_SIZE_BYTES'
                                                                                                                         : ... note: In instance 'top.u_npc_system.u_core.u_data_memory_subsystem.gen_dcache.u_dcache.u_miss_unit'
   31 |   localparam int unsigned UART_SIZE_BYTES = 32'h0000_1000;
      |                           ^~~~~~~~~~~~~~~
%Warning-UNUSEDPARAM: /home/yong/ysyx/ysyx-workbench-rv32-interview/npc/vsrc/riscv32/common/riscv32_addr_map_pkg.sv:32:26: Parameter is not used: 'UART_ADDR_MATCH_MASK'
                                                                                                                         : ... note: In instance 'top.u_npc_system.u_core.u_data_memory_subsystem.gen_dcache.u_dcache.u_miss_unit'
   32 |   localparam phys_addr_t UART_ADDR_MATCH_MASK = 32'hffff_f000;
      |                          ^~~~~~~~~~~~~~~~~~~~
%Warning-UNUSEDPARAM: /home/yong/ysyx/ysyx-workbench-rv32-interview/npc/vsrc/riscv32/common/riscv32_addr_map_pkg.sv:36:27: Parameter is not used: 'SPI_REG_SIZE_BYTES'
                                                                                                                         : ... note: In instance 'top.u_npc_system.u_core.u_data_memory_subsystem.gen_dcache.u_dcache.u_miss_unit'
   36 |   localparam int unsigned SPI_REG_SIZE_BYTES = 32'h0000_1000;
      |                           ^~~~~~~~~~~~~~~~~~
%Warning-UNUSEDPARAM: /home/yong/ysyx/ysyx-workbench-rv32-interview/npc/vsrc/riscv32/common/riscv32_addr_map_pkg.sv:37:26: Parameter is not used: 'SPI_REG_ADDR_MATCH_MASK'
                                                                                                                         : ... note: In instance 'top.u_npc_system.u_core.u_data_memory_subsystem.gen_dcache.u_dcache.u_miss_unit'
   37 |   localparam phys_addr_t SPI_REG_ADDR_MATCH_MASK = 32'hffff_f000;
      |                          ^~~~~~~~~~~~~~~~~~~~~~~
%Warning-UNUSEDPARAM: /home/yong/ysyx/ysyx-workbench-rv32-interview/npc/vsrc/riscv32/common/riscv32_addr_map_pkg.sv:41:27: Parameter is not used: 'GPIO_SIZE_BYTES'
                                                                                                                         : ... note: In instance 'top.u_npc_system.u_core.u_data_memory_subsystem.gen_dcache.u_dcache.u_miss_unit'
   41 |   localparam int unsigned GPIO_SIZE_BYTES = 32'h0000_0010;
      |                           ^~~~~~~~~~~~~~~
%Warning-UNUSEDPARAM: /home/yong/ysyx/ysyx-workbench-rv32-interview/npc/vsrc/riscv32/common/riscv32_addr_map_pkg.sv:42:26: Parameter is not used: 'GPIO_ADDR_MATCH_MASK'
                                                                                                                         : ... note: In instance 'top.u_npc_system.u_core.u_data_memory_subsystem.gen_dcache.u_dcache.u_miss_unit'
   42 |   localparam phys_addr_t GPIO_ADDR_MATCH_MASK = 32'hffff_fff0;
      |                          ^~~~~~~~~~~~~~~~~~~~
%Warning-UNUSEDPARAM: /home/yong/ysyx/ysyx-workbench-rv32-interview/npc/vsrc/riscv32/common/riscv32_addr_map_pkg.sv:46:27: Parameter is not used: 'PS2_SIZE_BYTES'
                                                                                                                         : ... note: In instance 'top.u_npc_system.u_core.u_data_memory_subsystem.gen_dcache.u_dcache.u_miss_unit'
   46 |   localparam int unsigned PS2_SIZE_BYTES = 32'h0000_0008;
      |                           ^~~~~~~~~~~~~~
%Warning-UNUSEDPARAM: /home/yong/ysyx/ysyx-workbench-rv32-interview/npc/vsrc/riscv32/common/riscv32_addr_map_pkg.sv:47:26: Parameter is not used: 'PS2_ADDR_MATCH_MASK'
                                                                                                                         : ... note: In instance 'top.u_npc_system.u_core.u_data_memory_subsystem.gen_dcache.u_dcache.u_miss_unit'
   47 |   localparam phys_addr_t PS2_ADDR_MATCH_MASK = 32'hffff_fff8;
      |                          ^~~~~~~~~~~~~~~~~~~
%Warning-UNUSEDPARAM: /home/yong/ysyx/ysyx-workbench-rv32-interview/npc/vsrc/riscv32/common/riscv32_addr_map_pkg.sv:51:27: Parameter is not used: 'MROM_SIZE_BYTES'
                                                                                                                         : ... note: In instance 'top.u_npc_system.u_core.u_data_memory_subsystem.gen_dcache.u_dcache.u_miss_unit'
   51 |   localparam int unsigned MROM_SIZE_BYTES = 32'h0000_1000;
      |                           ^~~~~~~~~~~~~~~
%Warning-UNUSEDPARAM: /home/yong/ysyx/ysyx-workbench-rv32-interview/npc/vsrc/riscv32/common/riscv32_addr_map_pkg.sv:52:26: Parameter is not used: 'MROM_ADDR_MATCH_MASK'
                                                                                                                         : ... note: In instance 'top.u_npc_system.u_core.u_data_memory_subsystem.gen_dcache.u_dcache.u_miss_unit'
   52 |   localparam phys_addr_t MROM_ADDR_MATCH_MASK = 32'hffff_f000;
      |                          ^~~~~~~~~~~~~~~~~~~~
%Warning-UNUSEDPARAM: /home/yong/ysyx/ysyx-workbench-rv32-interview/npc/vsrc/riscv32/common/riscv32_addr_map_pkg.sv:56:27: Parameter is not used: 'VGA_SIZE_BYTES'
                                                                                                                         : ... note: In instance 'top.u_npc_system.u_core.u_data_memory_subsystem.gen_dcache.u_dcache.u_miss_unit'
   56 |   localparam int unsigned VGA_SIZE_BYTES = 32'h0020_0000;
      |                           ^~~~~~~~~~~~~~
%Warning-UNUSEDPARAM: /home/yong/ysyx/ysyx-workbench-rv32-interview/npc/vsrc/riscv32/common/riscv32_addr_map_pkg.sv:57:26: Parameter is not used: 'VGA_ADDR_MATCH_MASK'
                                                                                                                         : ... note: In instance 'top.u_npc_system.u_core.u_data_memory_subsystem.gen_dcache.u_dcache.u_miss_unit'
   57 |   localparam phys_addr_t VGA_ADDR_MATCH_MASK = 32'hffe0_0000;
      |                          ^~~~~~~~~~~~~~~~~~~
%Warning-UNUSEDPARAM: /home/yong/ysyx/ysyx-workbench-rv32-interview/npc/vsrc/riscv32/common/riscv32_addr_map_pkg.sv:61:27: Parameter is not used: 'FLASH_SIZE_BYTES'
                                                                                                                         : ... note: In instance 'top.u_npc_system.u_core.u_data_memory_subsystem.gen_dcache.u_dcache.u_miss_unit'
   61 |   localparam int unsigned FLASH_SIZE_BYTES = 32'h1000_0000;
      |                           ^~~~~~~~~~~~~~~~
%Warning-UNUSEDPARAM: /home/yong/ysyx/ysyx-workbench-rv32-interview/npc/vsrc/riscv32/common/riscv32_addr_map_pkg.sv:62:26: Parameter is not used: 'FLASH_ADDR_MATCH_MASK'
                                                                                                                         : ... note: In instance 'top.u_npc_system.u_core.u_data_memory_subsystem.gen_dcache.u_dcache.u_miss_unit'
   62 |   localparam phys_addr_t FLASH_ADDR_MATCH_MASK = 32'hf000_0000;
      |                          ^~~~~~~~~~~~~~~~~~~~~
%Warning-UNUSEDPARAM: /home/yong/ysyx/ysyx-workbench-rv32-interview/npc/vsrc/riscv32/common/riscv32_addr_map_pkg.sv:68:27: Parameter is not used: 'CHIPLINK_MMIO_SIZE_BYTES'
                                                                                                                         : ... note: In instance 'top.u_npc_system.u_core.u_data_memory_subsystem.gen_dcache.u_dcache.u_miss_unit'
   68 |   localparam int unsigned CHIPLINK_MMIO_SIZE_BYTES = 32'h4000_0000;
      |                           ^~~~~~~~~~~~~~~~~~~~~~~~
%Warning-UNUSEDPARAM: /home/yong/ysyx/ysyx-workbench-rv32-interview/npc/vsrc/riscv32/common/riscv32_addr_map_pkg.sv:69:26: Parameter is not used: 'CHIPLINK_MMIO_ADDR_MATCH_MASK'
                                                                                                                         : ... note: In instance 'top.u_npc_system.u_core.u_data_memory_subsystem.gen_dcache.u_dcache.u_miss_unit'
   69 |   localparam phys_addr_t CHIPLINK_MMIO_ADDR_MATCH_MASK = 32'hc000_0000;
      |                          ^~~~~~~~~~~~~~~~~~~~~~~~~~~~~
%Warning-UNUSEDPARAM: /home/yong/ysyx/ysyx-workbench-rv32-interview/npc/vsrc/riscv32/common/riscv32_addr_map_pkg.sv:73:27: Parameter is not used: 'PSRAM_SIZE_BYTES'
                                                                                                                         : ... note: In instance 'top.u_npc_system.u_core.u_data_memory_subsystem.gen_dcache.u_dcache.u_miss_unit'
   73 |   localparam int unsigned PSRAM_SIZE_BYTES = 32'h0040_0000;
      |                           ^~~~~~~~~~~~~~~~
%Warning-UNUSEDPARAM: /home/yong/ysyx/ysyx-workbench-rv32-interview/npc/vsrc/riscv32/common/riscv32_addr_map_pkg.sv:74:26: Parameter is not used: 'PSRAM_ADDR_MATCH_MASK'
                                                                                                                         : ... note: In instance 'top.u_npc_system.u_core.u_data_memory_subsystem.gen_dcache.u_dcache.u_miss_unit'
   74 |   localparam phys_addr_t PSRAM_ADDR_MATCH_MASK = 32'hffc0_0000;
      |                          ^~~~~~~~~~~~~~~~~~~~~
%Warning-UNUSEDPARAM: /home/yong/ysyx/ysyx-workbench-rv32-interview/npc/vsrc/riscv32/common/riscv32_addr_map_pkg.sv:78:27: Parameter is not used: 'SDRAM_SIZE_BYTES'
                                                                                                                         : ... note: In instance 'top.u_npc_system.u_core.u_data_memory_subsystem.gen_dcache.u_dcache.u_miss_unit'
   78 |   localparam int unsigned SDRAM_SIZE_BYTES = 32'h0200_0000;
      |                           ^~~~~~~~~~~~~~~~
%Warning-UNUSEDPARAM: /home/yong/ysyx/ysyx-workbench-rv32-interview/npc/vsrc/riscv32/common/riscv32_addr_map_pkg.sv:79:26: Parameter is not used: 'SDRAM_ADDR_MATCH_MASK'
                                                                                                                         : ... note: In instance 'top.u_npc_system.u_core.u_data_memory_subsystem.gen_dcache.u_dcache.u_miss_unit'
   79 |   localparam phys_addr_t SDRAM_ADDR_MATCH_MASK = 32'hfe00_0000;
      |                          ^~~~~~~~~~~~~~~~~~~~~
%Warning-UNUSEDPARAM: /home/yong/ysyx/ysyx-workbench-rv32-interview/npc/vsrc/riscv32/common/riscv32_addr_map_pkg.sv:83:27: Parameter is not used: 'CHIPLINK_MEMORY_SIZE_BYTES'
                                                                                                                         : ... note: In instance 'top.u_npc_system.u_core.u_data_memory_subsystem.gen_dcache.u_dcache.u_miss_unit'
   83 |   localparam int unsigned CHIPLINK_MEMORY_SIZE_BYTES = 32'h4000_0000;
      |                           ^~~~~~~~~~~~~~~~~~~~~~~~~~
%Warning-UNUSEDPARAM: /home/yong/ysyx/ysyx-workbench-rv32-interview/npc/vsrc/riscv32/common/riscv32_addr_map_pkg.sv:84:26: Parameter is not used: 'CHIPLINK_MEMORY_ADDR_MATCH_MASK'
                                                                                                                         : ... note: In instance 'top.u_npc_system.u_core.u_data_memory_subsystem.gen_dcache.u_dcache.u_miss_unit'
   84 |   localparam phys_addr_t CHIPLINK_MEMORY_ADDR_MATCH_MASK = 32'hc000_0000;
      |                          ^~~~~~~~~~~~~~~~~~~~~~~~~~~~~~~
%Warning-UNUSEDPARAM: /home/yong/ysyx/ysyx-workbench-rv32-interview/npc/vsrc/riscv32/common/riscv_config_pkg.sv:17:27: Parameter is not used: 'CONFIG_SELECTION_COUNT'
                                                                                                                     : ... note: In instance 'top.u_npc_system.u_core.u_data_memory_subsystem.gen_dcache.u_dcache.u_miss_unit'
   17 |   localparam int unsigned CONFIG_SELECTION_COUNT = 1;
      |                           ^~~~~~~~~~~~~~~~~~~~~~
%Warning-UNUSEDPARAM: /home/yong/ysyx/ysyx-workbench-rv32-interview/npc/vsrc/riscv32/common/riscv_config_pkg.sv:58:27: Parameter is not used: 'XLEN_BYTE_COUNT'
                                                                                                                     : ... note: In instance 'top.u_npc_system.u_core.u_data_memory_subsystem.gen_dcache.u_dcache.u_miss_unit'
   58 |   localparam int unsigned XLEN_BYTE_COUNT = XLEN / 8;
      |                           ^~~~~~~~~~~~~~~
%Warning-UNUSEDPARAM: /home/yong/ysyx/ysyx-workbench-rv32-interview/npc/vsrc/riscv32/common/riscv_config_pkg.sv:70:27: Parameter is not used: 'FETCH_WIDTH'
                                                                                                                     : ... note: In instance 'top.u_npc_system.u_core.u_data_memory_subsystem.gen_dcache.u_dcache.u_miss_unit'
   70 |   localparam int unsigned FETCH_WIDTH = 1;
      |                           ^~~~~~~~~~~
%Warning-UNUSEDPARAM: /home/yong/ysyx/ysyx-workbench-rv32-interview/npc/vsrc/riscv32/common/riscv_config_pkg.sv:71:27: Parameter is not used: 'DECODE_WIDTH'
                                                                                                                     : ... note: In instance 'top.u_npc_system.u_core.u_data_memory_subsystem.gen_dcache.u_dcache.u_miss_unit'
   71 |   localparam int unsigned DECODE_WIDTH = 1;
      |                           ^~~~~~~~~~~~
%Warning-UNUSEDPARAM: /home/yong/ysyx/ysyx-workbench-rv32-interview/npc/vsrc/riscv32/common/riscv_config_pkg.sv:72:27: Parameter is not used: 'RENAME_WIDTH'
                                                                                                                     : ... note: In instance 'top.u_npc_system.u_core.u_data_memory_subsystem.gen_dcache.u_dcache.u_miss_unit'
   72 |   localparam int unsigned RENAME_WIDTH = 1;
      |                           ^~~~~~~~~~~~
%Warning-UNUSEDPARAM: /home/yong/ysyx/ysyx-workbench-rv32-interview/npc/vsrc/riscv32/common/riscv_config_pkg.sv:73:27: Parameter is not used: 'DISPATCH_WIDTH'
                                                                                                                     : ... note: In instance 'top.u_npc_system.u_core.u_data_memory_subsystem.gen_dcache.u_dcache.u_miss_unit'
   73 |   localparam int unsigned DISPATCH_WIDTH = 1;
      |                           ^~~~~~~~~~~~~~
%Warning-UNUSEDPARAM: /home/yong/ysyx/ysyx-workbench-rv32-interview/npc/vsrc/riscv32/common/riscv_config_pkg.sv:74:27: Parameter is not used: 'COMMIT_WIDTH'
                                                                                                                     : ... note: In instance 'top.u_npc_system.u_core.u_data_memory_subsystem.gen_dcache.u_dcache.u_miss_unit'
   74 |   localparam int unsigned COMMIT_WIDTH = 1;
      |                           ^~~~~~~~~~~~
%Warning-UNUSEDPARAM: /home/yong/ysyx/ysyx-workbench-rv32-interview/npc/vsrc/riscv32/common/riscv_config_pkg.sv:75:27: Parameter is not used: 'INT_ISSUE_WIDTH'
                                                                                                                     : ... note: In instance 'top.u_npc_system.u_core.u_data_memory_subsystem.gen_dcache.u_dcache.u_miss_unit'
   75 |   localparam int unsigned INT_ISSUE_WIDTH = 1;
      |                           ^~~~~~~~~~~~~~~
%Warning-UNUSEDPARAM: /home/yong/ysyx/ysyx-workbench-rv32-interview/npc/vsrc/riscv32/common/riscv_config_pkg.sv:76:27: Parameter is not used: 'MEM_ISSUE_WIDTH'
                                                                                                                     : ... note: In instance 'top.u_npc_system.u_core.u_data_memory_subsystem.gen_dcache.u_dcache.u_miss_unit'
   76 |   localparam int unsigned MEM_ISSUE_WIDTH = 1;
      |                           ^~~~~~~~~~~~~~~
%Warning-UNUSEDPARAM: /home/yong/ysyx/ysyx-workbench-rv32-interview/npc/vsrc/riscv32/common/riscv_config_pkg.sv:112:27: Parameter is not used: 'DCACHE_MSHR_COUNT'
                                                                                                                      : ... note: In instance 'top.u_npc_system.u_core.u_data_memory_subsystem.gen_dcache.u_dcache.u_miss_unit'
  112 |   localparam int unsigned DCACHE_MSHR_COUNT = 1;
      |                           ^~~~~~~~~~~~~~~~~
- V e r i l a t i o n   R e p o r t: Verilator 5.043 devel rev v5.042-244-g4080284e5
- Verilator: Built from 19.808 MB sources in 60 modules, into 2.338 MB in 5 C++ files needing 0.000 MB
- Verilator: Walltime 3.250 s (elab=0.335, cvt=1.716, bld=0.000); cpu 3.216 s on 1 threads; alloced 43.980 MB
verilator --binary --timing --assert -Wall -Wno-fatal -Wno-UNUSEDPARAM \
	-Wno-UNUSEDSIGNAL \
	+define+YSYX_RV32_BASELINE  +define+YSYX_ICACHE_CAPACITY_BYTES=256 +define+YSYX_ICACHE_WAY_COUNT=1 +define+YSYX_ICACHE_LINE_BYTES=16 +define+YSYX_DCACHE_ENABLE=1 +define+YSYX_DCACHE_CAPACITY_BYTES=256 +define+YSYX_DCACHE_WAY_COUNT=2 +define+YSYX_DCACHE_LINE_BYTES=16 +define+YSYX_BRANCH_HISTORY_ENTRY_COUNT=16 +define+YSYX_BRANCH_TARGET_ENTRY_COUNT=16 +define+YSYX_BRANCH_TARGET_WAY_COUNT=2 +define+YSYX_RETURN_STACK_ENTRY_COUNT=4 +define+YSYX_SDRAM_NATIVE_READ_BURST=1 \
	--top-module riscv32_pipeline_control_tb \
	/home/yong/ysyx/ysyx-workbench-rv32-interview/npc/vsrc/riscv32/common/riscv_config_pkg.sv /home/yong/ysyx/ysyx-workbench-rv32-interview/npc/vsrc/riscv32/common/riscv32_addr_map_pkg.sv /home/yong/ysyx/ysyx-workbench-rv32-interview/npc/vsrc/riscv32/common/riscv32_pkg.sv /home/yong/ysyx/ysyx-workbench-rv32-interview/npc/vsrc/riscv32/core/riscv32_register_read_stage.sv /home/yong/ysyx/ysyx-workbench-rv32-interview/npc/vsrc/riscv32/core/riscv32_decode_execute_stage.sv /home/yong/ysyx/ysyx-workbench-rv32-interview/npc/vsrc/riscv32/core/riscv32_pipeline_hazard_controller.sv /home/yong/ysyx/ysyx-workbench-rv32-interview/npc/vsrc/riscv32/core/riscv32_completion_mux.sv /home/yong/ysyx/ysyx-workbench-rv32-interview/npc/vsrc/riscv32/core/riscv32_writeback_stage.sv /home/yong/ysyx/ysyx-workbench-rv32-interview/npc/vsrc/riscv32/core/riscv32_commit.sv /home/yong/ysyx/ysyx-workbench-rv32-interview/npc/vsrc/riscv32/core/riscv32_trap_controller.sv /home/yong/ysyx/ysyx-workbench-rv32-interview/npc/vsrc/riscv32/core/frontend/riscv32_fetch_buffer.sv /home/yong/ysyx/ysyx-workbench-rv32-interview/npc/vsrc/riscv32/core/frontend/riscv32_branch_history_table.sv /home/yong/ysyx/ysyx-workbench-rv32-interview/npc/vsrc/riscv32/core/frontend/riscv32_branch_target_buffer.sv /home/yong/ysyx/ysyx-workbench-rv32-interview/npc/vsrc/riscv32/core/frontend/riscv32_return_address_stack.sv /home/yong/ysyx/ysyx-workbench-rv32-interview/npc/vsrc/riscv32/core/frontend/riscv32_fetch_control_flow_predictor.sv /home/yong/ysyx/ysyx-workbench-rv32-interview/npc/vsrc/riscv32/core/riscv32_ifu.sv /home/yong/ysyx/ysyx-workbench-rv32-interview/npc/tests/rtl/riscv32_pipeline_control_tb.sv \
	--Mdir /home/yong/ysyx/ysyx-workbench-rv32-interview/npc/build/riscv32/rv32-baseline/icache-256b-way-1-line-16b/dcache-256b-way-2-line-16b/predictor-bht-16-btb-16x2-ras-4/obj_dir_pipeline_test \
	-o /home/yong/ysyx/ysyx-workbench-rv32-interview/npc/build/riscv32/rv32-baseline/icache-256b-way-1-line-16b/dcache-256b-way-2-line-16b/predictor-bht-16-btb-16x2-ras-4/pipeline_control_test
%Warning-PINCONNECTEMPTY: /home/yong/ysyx/ysyx-workbench-rv32-interview/npc/tests/rtl/riscv32_pipeline_control_tb.sv:217:8: Instance pin connected by name with empty reference: 'writeback_result_ready_o'
  217 |       .writeback_result_ready_o(),
      |        ^~~~~~~~~~~~~~~~~~~~~~~~
                          ... For warning description see https://verilator.org/warn/PINCONNECTEMPTY?v=5.043
                          ... Use "/* verilator lint_off PINCONNECTEMPTY */" and lint_on around source to disable this message.
%Warning-PINCONNECTEMPTY: /home/yong/ysyx/ysyx-workbench-rv32-interview/npc/tests/rtl/riscv32_pipeline_control_tb.sv:220:8: Instance pin connected by name with empty reference: 'gpr_write_data_o'
  220 |       .gpr_write_data_o        (),
      |        ^~~~~~~~~~~~~~~~
%Warning-PINCONNECTEMPTY: /home/yong/ysyx/ysyx-workbench-rv32-interview/npc/tests/rtl/riscv32_pipeline_control_tb.sv:221:8: Instance pin connected by name with empty reference: 'gpr_write_addr_o'
  221 |       .gpr_write_addr_o        (),
      |        ^~~~~~~~~~~~~~~~
%Warning-PINCONNECTEMPTY: /home/yong/ysyx/ysyx-workbench-rv32-interview/npc/tests/rtl/riscv32_pipeline_control_tb.sv:222:8: Instance pin connected by name with empty reference: 'gpr_write_enable_o'
  222 |       .gpr_write_enable_o      ()
      |        ^~~~~~~~~~~~~~~~~~
%Warning-PINCONNECTEMPTY: /home/yong/ysyx/ysyx-workbench-rv32-interview/npc/tests/rtl/riscv32_pipeline_control_tb.sv:232:8: Instance pin connected by name with empty reference: 'trap_valid_o'
  232 |       .trap_valid_o        (),
      |        ^~~~~~~~~~~~
%Warning-PINCONNECTEMPTY: /home/yong/ysyx/ysyx-workbench-rv32-interview/npc/tests/rtl/riscv32_pipeline_control_tb.sv:233:8: Instance pin connected by name with empty reference: 'trap_pc_o'
  233 |       .trap_pc_o           (),
      |        ^~~~~~~~~
%Warning-PINCONNECTEMPTY: /home/yong/ysyx/ysyx-workbench-rv32-interview/npc/tests/rtl/riscv32_pipeline_control_tb.sv:234:8: Instance pin connected by name with empty reference: 'trap_cause_o'
  234 |       .trap_cause_o        (),
      |        ^~~~~~~~~~~~
%Warning-PINCONNECTEMPTY: /home/yong/ysyx/ysyx-workbench-rv32-interview/npc/tests/rtl/riscv32_pipeline_control_tb.sv:235:8: Instance pin connected by name with empty reference: 'trap_tval_o'
  235 |       .trap_tval_o         (),
      |        ^~~~~~~~~~~
%Warning-PINCONNECTEMPTY: /home/yong/ysyx/ysyx-workbench-rv32-interview/npc/tests/rtl/riscv32_pipeline_control_tb.sv:236:8: Instance pin connected by name with empty reference: 'mret_valid_o'
  236 |       .mret_valid_o        (),
      |        ^~~~~~~~~~~~
%Warning-SYNCASYNCNET: /home/yong/ysyx/ysyx-workbench-rv32-interview/npc/tests/rtl/riscv32_pipeline_control_tb.sv:8:24: Signal flopped as both synchronous and async: 'riscv32_pipeline_control_tb.rst_ni'
                       /home/yong/ysyx/ysyx-workbench-rv32-interview/npc/vsrc/riscv32/core/riscv32_ifu.sv:196:10: ... Location of async usage
  196 |     if (!rst_ni) begin
      |          ^~~~~~
                       /home/yong/ysyx/ysyx-workbench-rv32-interview/npc/vsrc/riscv32/core/riscv32_ifu.sv:283:51: ... Location of sync usage
  283 |   assert property (@(posedge clk_i) disable iff (!rst_ni)
      |                                                   ^~~~~~
                       ... For warning description see https://verilator.org/warn/SYNCASYNCNET?v=5.043
                       ... Use "/* verilator lint_off SYNCASYNCNET */" and lint_on around source to disable this message.
make[1]: Entering directory '/home/yong/ysyx/ysyx-workbench-rv32-interview/npc/build/riscv32/rv32-baseline/icache-256b-way-1-line-16b/dcache-256b-way-2-line-16b/predictor-bht-16-btb-16x2-ras-4/obj_dir_pipeline_test'
g++ -Os  -I.  -MMD -I/home/yong/tools/oss-cad-suite/share/verilator/include -I/home/yong/tools/oss-cad-suite/share/verilator/include/vltstd -DVERILATOR=1 -DVM_COVERAGE=0 -DVM_SC=0 -DVM_TIMING=1 -DVM_TRACE=0 -DVM_TRACE_FST=0 -DVM_TRACE_VCD=0 -DVM_TRACE_SAIF=0 -faligned-new -fcf-protection=none -Wno-bool-operation -Wno-int-in-bool-context -Wno-shadow -Wno-sign-compare -Wno-subobject-linkage -Wno-tautological-compare -Wno-uninitialized -Wno-unused-but-set-parameter -Wno-unused-but-set-variable -Wno-unused-parameter -Wno-unused-variable    -DVL_TIME_CONTEXT   -fcoroutines -c -o verilated.o /home/yong/tools/oss-cad-suite/share/verilator/include/verilated.cpp
g++ -Os  -I.  -MMD -I/home/yong/tools/oss-cad-suite/share/verilator/include -I/home/yong/tools/oss-cad-suite/share/verilator/include/vltstd -DVERILATOR=1 -DVM_COVERAGE=0 -DVM_SC=0 -DVM_TIMING=1 -DVM_TRACE=0 -DVM_TRACE_FST=0 -DVM_TRACE_VCD=0 -DVM_TRACE_SAIF=0 -faligned-new -fcf-protection=none -Wno-bool-operation -Wno-int-in-bool-context -Wno-shadow -Wno-sign-compare -Wno-subobject-linkage -Wno-tautological-compare -Wno-uninitialized -Wno-unused-but-set-parameter -Wno-unused-but-set-variable -Wno-unused-parameter -Wno-unused-variable    -DVL_TIME_CONTEXT   -fcoroutines -c -o verilated_timing.o /home/yong/tools/oss-cad-suite/share/verilator/include/verilated_timing.cpp
g++ -Os  -I.  -MMD -I/home/yong/tools/oss-cad-suite/share/verilator/include -I/home/yong/tools/oss-cad-suite/share/verilator/include/vltstd -DVERILATOR=1 -DVM_COVERAGE=0 -DVM_SC=0 -DVM_TIMING=1 -DVM_TRACE=0 -DVM_TRACE_FST=0 -DVM_TRACE_VCD=0 -DVM_TRACE_SAIF=0 -faligned-new -fcf-protection=none -Wno-bool-operation -Wno-int-in-bool-context -Wno-shadow -Wno-sign-compare -Wno-subobject-linkage -Wno-tautological-compare -Wno-uninitialized -Wno-unused-but-set-parameter -Wno-unused-but-set-variable -Wno-unused-parameter -Wno-unused-variable    -DVL_TIME_CONTEXT   -fcoroutines -c -o verilated_threads.o /home/yong/tools/oss-cad-suite/share/verilator/include/verilated_threads.cpp
g++ -Os  -I.  -MMD -I/home/yong/tools/oss-cad-suite/share/verilator/include -I/home/yong/tools/oss-cad-suite/share/verilator/include/vltstd -DVERILATOR=1 -DVM_COVERAGE=0 -DVM_SC=0 -DVM_TIMING=1 -DVM_TRACE=0 -DVM_TRACE_FST=0 -DVM_TRACE_VCD=0 -DVM_TRACE_SAIF=0 -faligned-new -fcf-protection=none -Wno-bool-operation -Wno-int-in-bool-context -Wno-shadow -Wno-sign-compare -Wno-subobject-linkage -Wno-tautological-compare -Wno-uninitialized -Wno-unused-but-set-parameter -Wno-unused-but-set-variable -Wno-unused-parameter -Wno-unused-variable    -DVL_TIME_CONTEXT   -fcoroutines -x c++-header Vriscv32_pipeline_control_tb__pch.h -o Vriscv32_pipeline_control_tb__pch.h.fast.gch
g++ -Os  -I.  -MMD -I/home/yong/tools/oss-cad-suite/share/verilator/include -I/home/yong/tools/oss-cad-suite/share/verilator/include/vltstd -DVERILATOR=1 -DVM_COVERAGE=0 -DVM_SC=0 -DVM_TIMING=1 -DVM_TRACE=0 -DVM_TRACE_FST=0 -DVM_TRACE_VCD=0 -DVM_TRACE_SAIF=0 -faligned-new -fcf-protection=none -Wno-bool-operation -Wno-int-in-bool-context -Wno-shadow -Wno-sign-compare -Wno-subobject-linkage -Wno-tautological-compare -Wno-uninitialized -Wno-unused-but-set-parameter -Wno-unused-but-set-variable -Wno-unused-parameter -Wno-unused-variable    -DVL_TIME_CONTEXT   -fcoroutines -include Vriscv32_pipeline_control_tb__pch.h.fast -c -o Vriscv32_pipeline_control_tb.o Vriscv32_pipeline_control_tb.cpp
g++ -Os  -I.  -MMD -I/home/yong/tools/oss-cad-suite/share/verilator/include -I/home/yong/tools/oss-cad-suite/share/verilator/include/vltstd -DVERILATOR=1 -DVM_COVERAGE=0 -DVM_SC=0 -DVM_TIMING=1 -DVM_TRACE=0 -DVM_TRACE_FST=0 -DVM_TRACE_VCD=0 -DVM_TRACE_SAIF=0 -faligned-new -fcf-protection=none -Wno-bool-operation -Wno-int-in-bool-context -Wno-shadow -Wno-sign-compare -Wno-subobject-linkage -Wno-tautological-compare -Wno-uninitialized -Wno-unused-but-set-parameter -Wno-unused-but-set-variable -Wno-unused-parameter -Wno-unused-variable    -DVL_TIME_CONTEXT   -fcoroutines -include Vriscv32_pipeline_control_tb__pch.h.fast -c -o Vriscv32_pipeline_control_tb___024root__0.o Vriscv32_pipeline_control_tb___024root__0.cpp
g++ -Os  -I.  -MMD -I/home/yong/tools/oss-cad-suite/share/verilator/include -I/home/yong/tools/oss-cad-suite/share/verilator/include/vltstd -DVERILATOR=1 -DVM_COVERAGE=0 -DVM_SC=0 -DVM_TIMING=1 -DVM_TRACE=0 -DVM_TRACE_FST=0 -DVM_TRACE_VCD=0 -DVM_TRACE_SAIF=0 -faligned-new -fcf-protection=none -Wno-bool-operation -Wno-int-in-bool-context -Wno-shadow -Wno-sign-compare -Wno-subobject-linkage -Wno-tautological-compare -Wno-uninitialized -Wno-unused-but-set-parameter -Wno-unused-but-set-variable -Wno-unused-parameter -Wno-unused-variable    -DVL_TIME_CONTEXT   -fcoroutines -include Vriscv32_pipeline_control_tb__pch.h.fast -c -o Vriscv32_pipeline_control_tb___024root__1.o Vriscv32_pipeline_control_tb___024root__1.cpp
g++ -Os  -I.  -MMD -I/home/yong/tools/oss-cad-suite/share/verilator/include -I/home/yong/tools/oss-cad-suite/share/verilator/include/vltstd -DVERILATOR=1 -DVM_COVERAGE=0 -DVM_SC=0 -DVM_TIMING=1 -DVM_TRACE=0 -DVM_TRACE_FST=0 -DVM_TRACE_VCD=0 -DVM_TRACE_SAIF=0 -faligned-new -fcf-protection=none -Wno-bool-operation -Wno-int-in-bool-context -Wno-shadow -Wno-sign-compare -Wno-subobject-linkage -Wno-tautological-compare -Wno-uninitialized -Wno-unused-but-set-parameter -Wno-unused-but-set-variable -Wno-unused-parameter -Wno-unused-variable    -DVL_TIME_CONTEXT   -fcoroutines -include Vriscv32_pipeline_control_tb__pch.h.fast -c -o Vriscv32_pipeline_control_tb__main.o Vriscv32_pipeline_control_tb__main.cpp
g++   -I.  -MMD -I/home/yong/tools/oss-cad-suite/share/verilator/include -I/home/yong/tools/oss-cad-suite/share/verilator/include/vltstd -DVERILATOR=1 -DVM_COVERAGE=0 -DVM_SC=0 -DVM_TIMING=1 -DVM_TRACE=0 -DVM_TRACE_FST=0 -DVM_TRACE_VCD=0 -DVM_TRACE_SAIF=0 -faligned-new -fcf-protection=none -Wno-bool-operation -Wno-int-in-bool-context -Wno-shadow -Wno-sign-compare -Wno-subobject-linkage -Wno-tautological-compare -Wno-uninitialized -Wno-unused-but-set-parameter -Wno-unused-but-set-variable -Wno-unused-parameter -Wno-unused-variable    -DVL_TIME_CONTEXT   -fcoroutines -x c++-header Vriscv32_pipeline_control_tb__pch.h -o Vriscv32_pipeline_control_tb__pch.h.slow.gch
g++   -I.  -MMD -I/home/yong/tools/oss-cad-suite/share/verilator/include -I/home/yong/tools/oss-cad-suite/share/verilator/include/vltstd -DVERILATOR=1 -DVM_COVERAGE=0 -DVM_SC=0 -DVM_TIMING=1 -DVM_TRACE=0 -DVM_TRACE_FST=0 -DVM_TRACE_VCD=0 -DVM_TRACE_SAIF=0 -faligned-new -fcf-protection=none -Wno-bool-operation -Wno-int-in-bool-context -Wno-shadow -Wno-sign-compare -Wno-subobject-linkage -Wno-tautological-compare -Wno-uninitialized -Wno-unused-but-set-parameter -Wno-unused-but-set-variable -Wno-unused-parameter -Wno-unused-variable    -DVL_TIME_CONTEXT   -fcoroutines -include Vriscv32_pipeline_control_tb__pch.h.slow -c -o Vriscv32_pipeline_control_tb__ConstPool__0__Slow.o Vriscv32_pipeline_control_tb__ConstPool__0__Slow.cpp
g++   -I.  -MMD -I/home/yong/tools/oss-cad-suite/share/verilator/include -I/home/yong/tools/oss-cad-suite/share/verilator/include/vltstd -DVERILATOR=1 -DVM_COVERAGE=0 -DVM_SC=0 -DVM_TIMING=1 -DVM_TRACE=0 -DVM_TRACE_FST=0 -DVM_TRACE_VCD=0 -DVM_TRACE_SAIF=0 -faligned-new -fcf-protection=none -Wno-bool-operation -Wno-int-in-bool-context -Wno-shadow -Wno-sign-compare -Wno-subobject-linkage -Wno-tautological-compare -Wno-uninitialized -Wno-unused-but-set-parameter -Wno-unused-but-set-variable -Wno-unused-parameter -Wno-unused-variable    -DVL_TIME_CONTEXT   -fcoroutines -include Vriscv32_pipeline_control_tb__pch.h.slow -c -o Vriscv32_pipeline_control_tb___024root__Slow.o Vriscv32_pipeline_control_tb___024root__Slow.cpp
g++   -I.  -MMD -I/home/yong/tools/oss-cad-suite/share/verilator/include -I/home/yong/tools/oss-cad-suite/share/verilator/include/vltstd -DVERILATOR=1 -DVM_COVERAGE=0 -DVM_SC=0 -DVM_TIMING=1 -DVM_TRACE=0 -DVM_TRACE_FST=0 -DVM_TRACE_VCD=0 -DVM_TRACE_SAIF=0 -faligned-new -fcf-protection=none -Wno-bool-operation -Wno-int-in-bool-context -Wno-shadow -Wno-sign-compare -Wno-subobject-linkage -Wno-tautological-compare -Wno-uninitialized -Wno-unused-but-set-parameter -Wno-unused-but-set-variable -Wno-unused-parameter -Wno-unused-variable    -DVL_TIME_CONTEXT   -fcoroutines -include Vriscv32_pipeline_control_tb__pch.h.slow -c -o Vriscv32_pipeline_control_tb___024root__0__Slow.o Vriscv32_pipeline_control_tb___024root__0__Slow.cpp
g++   -I.  -MMD -I/home/yong/tools/oss-cad-suite/share/verilator/include -I/home/yong/tools/oss-cad-suite/share/verilator/include/vltstd -DVERILATOR=1 -DVM_COVERAGE=0 -DVM_SC=0 -DVM_TIMING=1 -DVM_TRACE=0 -DVM_TRACE_FST=0 -DVM_TRACE_VCD=0 -DVM_TRACE_SAIF=0 -faligned-new -fcf-protection=none -Wno-bool-operation -Wno-int-in-bool-context -Wno-shadow -Wno-sign-compare -Wno-subobject-linkage -Wno-tautological-compare -Wno-uninitialized -Wno-unused-but-set-parameter -Wno-unused-but-set-variable -Wno-unused-parameter -Wno-unused-variable    -DVL_TIME_CONTEXT   -fcoroutines -include Vriscv32_pipeline_control_tb__pch.h.slow -c -o Vriscv32_pipeline_control_tb__Syms__Slow.o Vriscv32_pipeline_control_tb__Syms__Slow.cpp
g++    verilated.o verilated_timing.o verilated_threads.o Vriscv32_pipeline_control_tb__ALL.a    -pthread -lpthread -latomic   -o /home/yong/ysyx/ysyx-workbench-rv32-interview/npc/build/riscv32/rv32-baseline/icache-256b-way-1-line-16b/dcache-256b-way-2-line-16b/predictor-bht-16-btb-16x2-ras-4/pipeline_control_test
rm Vriscv32_pipeline_control_tb__ALL.verilator_deplist.tmp
make[1]: Leaving directory '/home/yong/ysyx/ysyx-workbench-rv32-interview/npc/build/riscv32/rv32-baseline/icache-256b-way-1-line-16b/dcache-256b-way-2-line-16b/predictor-bht-16-btb-16x2-ras-4/obj_dir_pipeline_test'
- V e r i l a t i o n   R e p o r t: Verilator 5.043 devel rev v5.042-244-g4080284e5
- Verilator: Built from 1.619 MB sources in 18 modules, into 1.056 MB in 8 C++ files needing 0.002 MB
- Verilator: Walltime 131.385 s (elab=0.376, cvt=0.737, bld=129.830); cpu 1.562 s on 1 threads; alloced 29.105 MB
/home/yong/ysyx/ysyx-workbench-rv32-interview/npc/build/riscv32/rv32-baseline/icache-256b-way-1-line-16b/dcache-256b-way-2-line-16b/predictor-bht-16-btb-16x2-ras-4/pipeline_control_test
PASS fetch queue: 991 checked outputs, 476 simultaneous transfers, 34 flushes
pipeline control tests passed: XLEN=32
- /home/yong/ysyx/ysyx-workbench-rv32-interview/npc/tests/rtl/riscv32_pipeline_control_tb.sv:1285: Verilog $finish
- S i m u l a t i o n   R e p o r t: Verilator 5.043 devel
- Verilator: $finish at 21ns; walltime 0.020 s; speed 1.037 us/s
- Verilator: cpu 0.020 s on 1 threads; alloced 6 MB
make: Leaving directory '/home/yong/ysyx/ysyx-workbench-rv32-interview/npc'
