NPC: No MROM image supplied
NPC: loaded 24572 bytes into flash
======= Running MicroBench [input *train*] =======
[qsort] Quick sort: ISSUE_WINDOW end=1 sampled_cycles=34384376 cumulative_observed_cycles=34384376
* Passed.
  min time: 41.935 ms [0]
[queen] Queen placement: ISSUE_WINDOW end=2 sampled_cycles=14753374 cumulative_observed_cycles=49137750
* Passed.
  min time: 17.994 ms [0]
[bf] Brainf**k interpreter: ISSUE_WINDOW end=3 sampled_cycles=45469724 cumulative_observed_cycles=94607474
* Passed.
  min time: 55.454 ms [0]
[fib] Fibonacci number: ISSUE_WINDOW end=4 sampled_cycles=361507880 cumulative_observed_cycles=456115354
* Passed.
  min time: 440.867 ms [0]
[sieve] Eratosthenes sieve: ISSUE_WINDOW end=5 sampled_cycles=63697240 cumulative_observed_cycles=519812594
* Passed.
  min time: 77.683 ms [0]
[15pz] A* 15-puzzle search: ISSUE_WINDOW end=6 sampled_cycles=167047034 cumulative_observed_cycles=686859628
* Passed.
  min time: 203.719 ms [0]
[dinic] Dinic's maxflow algorithm: ISSUE_WINDOW end=7 sampled_cycles=60121676 cumulative_observed_cycles=746981304
* Passed.
  min time: 73.323 ms [0]
[lzip] Lzip compression: ISSUE_WINDOW end=8 sampled_cycles=119974151 cumulative_observed_cycles=866955455
* Passed.
  min time: 146.313 ms [0]
[ssort] Suffix sort: ISSUE_WINDOW end=9 sampled_cycles=119815460 cumulative_observed_cycles=986770915
* Passed.
  min time: 146.119 ms [0]
[md5] MD5 digest: ISSUE_WINDOW end=10 sampled_cycles=102572404 cumulative_observed_cycles=1089343319
* Passed.
  min time: 125.091 ms [0]
==================================================
MicroBench PASS
Scored time: 1328.498 ms
Total  time: 1953.871 ms
MicroBench PMU measurement window:
  cycles               = 1089343319
  retired instructions = 186810217
  IPC                  = 0.171488
[1;32mNPC: HIT GOOD TRAP[0m at pc = 0xa0003dbc
NPC performance statistics:
 retired instructions = 266874637
 CPU cycle            = 1602965648
 IPC                  = 0.166488
ISSUE_WINDOW total windows=10 active=0 cycles=1089343319 issue=186810217 recovery=205323664 lsu_block=376150087 result_block=0 execute_wait=0 raw=0 serial=42 delivery_gap=321059309 redirects=11457709 lsu_busy=383842027 recovery_observed=205323664 ic_miss=4883426 dc_miss=2457135 dirty_miss=591845

================ NPC performance counters ================
active core cycles                 : 1602965636
decoded instructions               : 317004352
retired instructions               : 266874636
IPC                                : 0.166488

instruction class        count       ratio       average execution cycles
integer               196506563    61.989%         1.049
branch/jump            95549789    30.141%         2.465
load/store             24947877     7.870%         2.103
  load                 16868915     5.321%
  store                 8078962     2.549%
CSR                          120     0.000%         2.633
system                         3     0.000%        41.000
unclassified                   0     0.000%         0.000

IFU requests / responses / deliveries : 332898574 / 332898573 / 317004352
IFU average response latency           : 3.727 cycles
IFU AR backpressure cycles             : 1075009143 (67.064%)
IFU response-wait cycles               : 1240832451 (77.409%)
IFU downstream-backpressure cycles     : 347423172 (21.674%)
IFU discarded wrong-path responses     : 15670502

LSU requests / completions             : 21695732 / 21695732
LSU load operation average latency     : 24.785 cycles (14462052 operations)
LSU store operation average latency    : 8.338 cycles (7233680 operations)
LSU AXI read average latency           : 31.804 cycles (6893374 transactions)
LSU AXI write-response average latency : 15.829 cycles (4536074 transactions)
EXU / LSU completions                  : 245178905 / 21695732

exclusive pipeline issue-slot attribution
  issued instructions                 : 317004352 (19.776%)
  control recovery stalls             : 312108293 (19.471%)
  LSU structural stalls               : 343800452 (21.448%)
  unresolved RAW stalls               : 13167025 (0.821%)
  serializing stalls                  : 132 (0.000%)
  frontend supply stalls              : 494472861 (30.847%)
    request backpressure              : 427518508 (26.670%)
    I-cache miss service              : 708917 (0.044%)
    lookup response in flight         : 66245433 (4.133%)
    request launch or delivery gap    : 3 (0.000%)
  other empty issue slots             : 122412521 (7.637%)
recovery redirects / taken fetch predictions / EX corrections: 17657599 / 72266435 / 17657598
actual EX corrections by branch / JAL / JALR          : 15455019 / 952572 / 1250007
pipeline execute discards             : 0

resolved control-flow profile
conditional branches / taken        : 76987012 / 56005853 (72.747% taken)
  backward / taken                  : 37528392 / 33808885 (90.089% taken)
  forward / taken                   : 39458620 / 22196968 (56.254% taken)
direct / indirect jumps             : 6451099 / 3260515
always-not-taken prediction errors  : 65717467 (75.800% of control flow)
BTFNT+JAL prediction errors          : 29176990 (33.653% of control flow)
16-entry BHT+JAL errors              : 18262731 (conditional 15002216 + JALR 3260515)
64-entry BHT+JAL errors              : 18058958 (conditional 14798443 + JALR 3260515)

idealized upper-bound estimates
memory execution excess cycles        : 27506738.000
I-cache critical miss excess cycles   : 594188872.000
oracle 1-cycle data memory / speedup   : 1575458898.000 / 1.017x
ideal single-issue pipeline cycles     : 888570246.000 / 1.804x
ideal pipeline + oracle data memory    : 861063508.000 / 1.862x
==========================================================

================ I-cache AMAT counters ===================
lookups / cacheable hits / cacheable misses : 332898574 / 324485729 / 8412845
I-cache hit rate                            : 97.473%
average hit response latency                : 1.000 cycles
average miss critical response latency      : 71.629 cycles
average miss penalty                        : 70.629 cycles
I-cache AMAT                                : 2.785 cycles
average complete refill latency             : 90.230 cycles
lookup request waiting cycles               : 1075007704
successful line installs / refill finishes  : 8412844 / 8412844
discarded stale responses                   : 0
==========================================================

================ D-cache performance counters ============
lookups / hits / misses                    : 13558193 / 10968631 / 2589562
D-cache hit rate                           : 80.900%
load lookups / hits / misses               : 10158240 / 7833864 / 2324376
store lookups / hits / misses              : 3399953 / 3134767 / 265186
average hit response latency               : 1.000 cycles
average miss response latency              : 129.961 cycles
  clean-victim miss latency                : 110.114 cycles (1887230)
  dirty-victim miss latency                : 183.291 cycles (702332)
average miss penalty                       : 128.961 cycles
D-cache AMAT                               : 25.631 cycles
dirty victim misses                        : 702332 (27.122% of misses)
refill requests / words / completions      : 2589562 / 10358248 / 2589562
line installs / writeback requests/responses: 2589562 / 702347 / 702347
lookup request waiting cycles              : 0
store-hit same-cycle next lookups          : 0
==========================================================
