itrace: enabled with Capstone
NPC: No MROM image supplied
NPC: loaded 84 bytes into flash
itrace: 0x30000000: 00000e17  auipc    t3, 0
itrace: 0x30000004: 044e0e13  addi     t3, t3, 0x44
itrace: 0x30000008: 305e1073  csrw     mtvec, t3
itrace: 0x3000000c: 020002b7  lui      t0, 0x2000
itrace: 0x30000010: 0482a303  lw       t1, 0x48(t0)
itrace: 0x30000014: 04c2a383  lw       t2, 0x4c(t0)
itrace: 0x30000018: 00100413  addi     s0, zero, 1
itrace: 0x3000001c: 00200493  addi     s1, zero, 2
itrace: 0x30000020: 00300913  addi     s2, zero, 3
itrace: 0x30000024: 00000073  ecall
itrace: 0x30000044: 34102e73  csrr     t3, mepc
itrace: 0x30000048: 004e0e13  addi     t3, t3, 4
itrace: 0x3000004c: 341e1073  csrw     mepc, t3
itrace: 0x30000050: 30200073  mret
itrace: 0x30000028: 0482a303  lw       t1, 0x48(t0)
itrace: 0x3000002c: 04c2a383  lw       t2, 0x4c(t0)
itrace: 0x30000030: 00400993  addi     s3, zero, 4
itrace: 0x30000034: 0482a303  lw       t1, 0x48(t0)
itrace: 0x30000038: 04c2a383  lw       t2, 0x4c(t0)
itrace: 0x3000003c: 00000513  mv       a0, zero
[1;32mNPC: HIT GOOD TRAP[0m at pc = 0x30000048
itrace: 0x30000040: 00100073  ebreak
NPC performance statistics:
 retired instructions = 19
 CPU cycle            = 340
 IPC                  = 0.055882
NPC architectural audit = b221640e822a8c6e
ISSUE_WINDOW total windows=0 active=0 cycles=0 issue=0 recovery=0 lsu_block=0 result_block=0 execute_wait=0 raw=0 serial=0 delivery_gap=0 redirects=0 lsu_busy=0 recovery_observed=0 ic_miss=0 dc_miss=0 dirty_miss=0

================ NPC performance counters ================
active core cycles                 : 328
decoded instructions               : 24
retired instructions               : 19
IPC                                : 0.057927

instruction class        count       ratio       average execution cycles
integer                       9    37.500%         4.333
branch/jump                   0     0.000%         0.000
load/store                    8    33.333%         5.000
  load                        8    33.333%
  store                       0     0.000%
CSR                            4    16.667%         2.250
system                         3    12.500%         2.000
unclassified                   0     0.000%         0.000

IFU requests / responses / deliveries : 30 / 29 / 24
IFU average response latency           : 4.552 cycles
IFU AR backpressure cycles             : 295 (89.939%)
IFU response-wait cycles               : 134 (40.854%)
IFU downstream-backpressure cycles     : 25 (7.622%)
IFU discarded wrong-path responses     : 3

LSU requests / completions             : 6 / 6
LSU load operation average latency     : 15.333 cycles (6 operations)
LSU store operation average latency    : 0.000 cycles (0 operations)
LSU AXI read average latency           : 1.000 cycles (6 transactions)
LSU AXI write-response average latency : 0.000 cycles (0 transactions)
EXU / LSU completions                  : 15 / 6

exclusive pipeline issue-slot attribution
  issued instructions                 : 24 (7.317%)
  control recovery stalls             : 97 (29.573%)
  LSU structural stalls               : 39 (11.890%)
  unresolved RAW stalls               : 0 (0.000%)
  serializing stalls                  : 23 (7.012%)
  frontend supply stalls              : 91 (27.744%)
    request backpressure              : 82 (25.000%)
    I-cache miss service              : 0 (0.000%)
    lookup response in flight         : 6 (1.829%)
    request launch or delivery gap    : 3 (0.915%)
  other empty issue slots             : 54 (16.463%)
recovery redirects / taken fetch predictions / EX corrections: 2 / 0 / 0
actual EX corrections by branch / JAL / JALR          : 0 / 0 / 0
pipeline execute discards             : 0

resolved control-flow profile
conditional branches / taken        : 0 / 0 (0.000% taken)
  backward / taken                  : 0 / 0 (0.000% taken)
  forward / taken                   : 0 / 0 (0.000% taken)
direct / indirect jumps             : 0 / 0
always-not-taken prediction errors  : 0 (0.000% of control flow)
BTFNT+JAL prediction errors          : 0 (0.000% of control flow)
16-entry BHT+JAL errors              : 0 (conditional 0 + JALR 0)
64-entry BHT+JAL errors              : 0 (conditional 0 + JALR 0)

idealized upper-bound estimates
memory execution excess cycles        : 32.000
I-cache critical miss excess cycles   : 90.000
oracle 1-cycle data memory / speedup   : 296.000 / 1.108x
ideal single-issue pipeline cycles     : 141.000 / 2.326x
ideal pipeline + oracle data memory    : 109.000 / 3.009x
==========================================================

================ I-cache AMAT counters ===================
lookups / cacheable hits / cacheable misses : 30 / 24 / 6
I-cache hit rate                            : 80.000%
average hit response latency                : 1.000 cycles
average miss critical response latency      : 16.000 cycles
average miss penalty                        : 15.000 cycles
I-cache AMAT                                : 4.000 cycles
average complete refill latency             : 45.667 cycles
lookup request waiting cycles               : 295
successful line installs / refill finishes  : 6 / 6
discarded stale responses                   : 0
==========================================================
