NPC: No MROM image supplied
NPC: loaded 23768 bytes into flash
======= Running MicroBench [input *train*] =======
[qsort] Quick sort: * Passed.
  min time: 41.920 ms [0]
[queen] Queen placement: * Passed.
  min time: 17.993 ms [0]
[bf] Brainf**k interpreter: * Passed.
  min time: 34.220 ms [0]
[fib] Fibonacci number: * Passed.
  min time: 451.664 ms [0]
[sieve] Eratosthenes sieve: * Passed.
  min time: 117.569 ms [0]
[15pz] A* 15-puzzle search: * Passed.
  min time: 144.916 ms [0]
[dinic] Dinic's maxflow algorithm: * Passed.
  min time: 73.093 ms [0]
[lzip] Lzip compression: * Passed.
  min time: 147.329 ms [0]
[ssort] Suffix sort: * Passed.
  min time: 141.516 ms [0]
[md5] MD5 digest: * Passed.
  min time: 108.679 ms [0]
==================================================
MicroBench PASS
Scored time: 1278.899 ms
Total  time: 1911.282 ms
[1;32mNPC: HIT GOOD TRAP[0m at pc = 0xa0003b10
NPC performance statistics:
 retired instructions = 266857748
 CPU cycle            = 1567857632
 IPC                  = 0.170205
ISSUE_WINDOW total windows=0 active=0 cycles=0 issue=0 recovery=0 lsu_block=0 result_block=0 execute_wait=0 raw=0 serial=0 delivery_gap=0 redirects=0 lsu_busy=0 recovery_observed=0 ic_miss=0 dc_miss=0 dirty_miss=0

================ NPC performance counters ================
active core cycles                 : 1567857620
decoded instructions               : 317840019
retired instructions               : 266857748
IPC                                : 0.170205

instruction class        count       ratio       average execution cycles
integer               197275075    62.067%         1.021
branch/jump            95501396    30.047%         2.490
load/store             25063533     7.886%         2.322
  load                 16860171     5.305%
  store                 8203362     2.581%
CSR                            0     0.000%         0.000
system                        15     0.000%         1.067
unclassified                   0     0.000%         0.000

IFU requests / responses / deliveries : 334187017 / 334187017 / 317840019
IFU average response latency           : 3.623 cycles
IFU AR backpressure cycles             : 1037814151 (66.193%)
IFU response-wait cycles               : 1210688795 (77.219%)
IFU downstream-backpressure cycles     : 351907727 (22.445%)
IFU discarded wrong-path responses     : 16123281

LSU requests / completions             : 21693241 / 21693241
LSU load operation average latency     : 25.268 cycles (14460768 operations)
LSU store operation average latency    : 8.279 cycles (7232473 operations)
LSU AXI read average latency           : 32.028 cycles (6913587 transactions)
LSU AXI write-response average latency : 15.737 cycles (4536795 transactions)
EXU / LSU completions                  : 245164508 / 21693241

exclusive pipeline issue-slot attribution
  issued instructions                 : 317840019 (20.272%)
  control recovery stalls             : 288250911 (18.385%)
  LSU structural stalls               : 346744447 (22.116%)
  unresolved RAW stalls               : 13231988 (0.844%)
  serializing stalls                  : 6 (0.000%)
  frontend supply stalls              : 475954352 (30.357%)
    request backpressure              : 410629907 (26.191%)
    I-cache miss service              : 640437 (0.041%)
    lookup response in flight         : 64684005 (4.126%)
    request launch or delivery gap    : 3 (0.000%)
  other empty issue slots             : 125835897 (8.026%)
recovery redirects / taken fetch predictions / EX corrections: 17898096 / 72247473 / 17898095
actual EX corrections by branch / JAL / JALR          : 15481378 / 1014433 / 1402284
pipeline execute discards             : 0

resolved control-flow profile
conditional branches / taken        : 76982395 / 56003669 (72.749% taken)
  backward / taken                  : 37526510 / 33807338 (90.089% taken)
  forward / taken                   : 39455885 / 22196331 (56.256% taken)
direct / indirect jumps             : 6450114 / 3260184
always-not-taken prediction errors  : 65713967 (75.801% of control flow)
BTFNT+JAL prediction errors          : 29175687 (33.654% of control flow)
16-entry BHT+JAL errors              : 18327944 (conditional 15067760 + JALR 3260184)
64-entry BHT+JAL errors              : 18104568 (conditional 14844384 + JALR 3260184)

idealized upper-bound estimates
memory execution excess cycles        : 33145314.000
I-cache critical miss excess cycles   : 561095191.000
oracle 1-cycle data memory / speedup   : 1534712306.000 / 1.022x
ideal single-issue pipeline cycles     : 861098253.000 / 1.821x
ideal pipeline + oracle data memory    : 827952939.000 / 1.894x
==========================================================

================ I-cache AMAT counters ===================
lookups / cacheable hits / cacheable misses : 334187017 / 326151065 / 8035952
I-cache hit rate                            : 97.595%
average hit response latency                : 1.000 cycles
average miss critical response latency      : 70.823 cycles
average miss penalty                        : 69.823 cycles
I-cache AMAT                                : 2.679 cycles
average complete refill latency             : 89.593 cycles
lookup request waiting cycles               : 1037812893
successful line installs / refill finishes  : 8035951 / 8035951
discarded stale responses                   : 0
==========================================================

================ D-cache performance counters ============
lookups / hits / misses                    : 13557579 / 10946890 / 2610689
D-cache hit rate                           : 80.744%
load lookups / hits / misses               : 10157870 / 7811159 / 2346711
store lookups / hits / misses              : 3399709 / 3135731 / 263978
average hit response latency               : 1.000 cycles
average miss response latency              : 130.693 cycles
  clean-victim miss latency                : 111.442 cycles (1906672)
  dirty-victim miss latency                : 182.832 cycles (704017)
average miss penalty                       : 129.693 cycles
D-cache AMAT                               : 25.974 cycles
dirty victim misses                        : 704017 (26.967% of misses)
refill requests / words / completions      : 2610689 / 10442756 / 2610689
line installs / writeback requests/responses: 2610689 / 704031 / 704031
lookup request waiting cycles              : 0
store-hit same-cycle next lookups          : 0
==========================================================
