make: Entering directory '/home/yong/ysyx/ysyx-workbench-rv32-interview/npc'
python3 scripts/test_cache_recovery.py --test core --output "/home/yong/ysyx/ysyx-workbench-rv32-interview/npc/result/verification/rv32-fence-error-fix-20260921" +define+YSYX_RV32_BASELINE  +define+YSYX_ICACHE_CAPACITY_BYTES=256 +define+YSYX_ICACHE_WAY_COUNT=1 +define+YSYX_ICACHE_LINE_BYTES=16 +define+YSYX_DCACHE_ENABLE=1 +define+YSYX_DCACHE_CAPACITY_BYTES=256 +define+YSYX_DCACHE_WAY_COUNT=2 +define+YSYX_DCACHE_LINE_BYTES=16 +define+YSYX_BRANCH_HISTORY_ENTRY_COUNT=16 +define+YSYX_BRANCH_TARGET_ENTRY_COUNT=16 +define+YSYX_BRANCH_TARGET_WAY_COUNT=2 +define+YSYX_RETURN_STACK_ENTRY_COUNT=4 +define+YSYX_SDRAM_NATIVE_READ_BURST=1
Traceback (most recent call last):
  File "/home/yong/ysyx/ysyx-workbench-rv32-interview/npc/scripts/test_cache_recovery.py", line 102, in <module>
    main()
  File "/home/yong/ysyx/ysyx-workbench-rv32-interview/npc/scripts/test_cache_recovery.py", line 95, in main
    run(command, output / f'{label}.log')
  File "/home/yong/ysyx/ysyx-workbench-rv32-interview/npc/scripts/test_cache_recovery.py", line 18, in run
    raise RuntimeError(f'{log}: exit {result.returncode}\n{log.read_text()[-4000:]}')
RuntimeError: /home/yong/ysyx/ysyx-workbench-rv32-interview/npc/result/verification/rv32-fence-error-fix-20260921/core/dirty-lw-partial0-s0.log: exit 1
IT cycle=1432 pc=800001c0 next=800001c0 trap=0
COMMIT cycle=1433 pc=800001c0 next=800001c0 trap=0
COMMIT cycle=1434 pc=800001c0 next=800001c0 trap=0
COMMIT cycle=1435 pc=800001c0 next=800001c0 trap=0
COMMIT cycle=1436 pc=800001c0 next=800001c0 trap=0
COMMIT cycle=1437 pc=800001c0 next=800001c0 trap=0
COMMIT cycle=1438 pc=800001c0 next=800001c0 trap=0
COMMIT cycle=1439 pc=800001c0 next=800001c0 trap=0
COMMIT cycle=1440 pc=800001c0 next=800001c0 trap=0
COMMIT cycle=1441 pc=800001c0 next=800001c0 trap=0
COMMIT cycle=1442 pc=800001c0 next=800001c0 trap=0
COMMIT cycle=1443 pc=800001c0 next=800001c0 trap=0
COMMIT cycle=1444 pc=800001c0 next=800001c0 trap=0
COMMIT cycle=1445 pc=800001c0 next=800001c0 trap=0
COMMIT cycle=1446 pc=800001c0 next=800001c0 trap=0
COMMIT cycle=1447 pc=800001c0 next=800001c0 trap=0
COMMIT cycle=1448 pc=800001c0 next=800001c0 trap=0
COMMIT cycle=1449 pc=800001c0 next=800001c0 trap=0
COMMIT cycle=1450 pc=800001c0 next=800001c0 trap=0
COMMIT cycle=1451 pc=800001c0 next=800001c0 trap=0
COMMIT cycle=1452 pc=800001c0 next=800001c0 trap=0
COMMIT cycle=1453 pc=800001c0 next=800001c0 trap=0
COMMIT cycle=1454 pc=800001c0 next=800001c0 trap=0
COMMIT cycle=1455 pc=800001c0 next=800001c0 trap=0
COMMIT cycle=1456 pc=800001c0 next=800001c0 trap=0
COMMIT cycle=1457 pc=800001c0 next=800001c0 trap=0
COMMIT cycle=1458 pc=800001c0 next=800001c0 trap=0
COMMIT cycle=1459 pc=800001c0 next=800001c0 trap=0
COMMIT cycle=1460 pc=800001c0 next=800001c0 trap=0
COMMIT cycle=1461 pc=800001c0 next=800001c0 trap=0
COMMIT cycle=1462 pc=800001c0 next=800001c0 trap=0
COMMIT cycle=1463 pc=800001c0 next=800001c0 trap=0
COMMIT cycle=1464 pc=800001c0 next=800001c0 trap=0
COMMIT cycle=1465 pc=800001c0 next=800001c0 trap=0
COMMIT cycle=1466 pc=800001c0 next=800001c0 trap=0
COMMIT cycle=1467 pc=800001c0 next=800001c0 trap=0
COMMIT cycle=1468 pc=800001c0 next=800001c0 trap=0
COMMIT cycle=1469 pc=800001c0 next=800001c0 trap=0
COMMIT cycle=1470 pc=800001c0 next=800001c0 trap=0
COMMIT cycle=1471 pc=800001c0 next=800001c0 trap=0
COMMIT cycle=1472 pc=800001c0 next=800001c0 trap=0
COMMIT cycle=1473 pc=800001c0 next=800001c0 trap=0
COMMIT cycle=1474 pc=800001c0 next=800001c0 trap=0
COMMIT cycle=1475 pc=800001c0 next=800001c0 trap=0
COMMIT cycle=1476 pc=800001c0 next=800001c0 trap=0
COMMIT cycle=1477 pc=800001c0 next=800001c0 trap=0
COMMIT cycle=1478 pc=800001c0 next=800001c0 trap=0
COMMIT cycle=1479 pc=800001c0 next=800001c0 trap=0
COMMIT cycle=1480 pc=800001c0 next=800001c0 trap=0
COMMIT cycle=1481 pc=800001c0 next=800001c0 trap=0
COMMIT cycle=1482 pc=800001c0 next=800001c0 trap=0
COMMIT cycle=1483 pc=800001c0 next=800001c0 trap=0
COMMIT cycle=1484 pc=800001c0 next=800001c0 trap=0
COMMIT cycle=1485 pc=800001c0 next=800001c0 trap=0
COMMIT cycle=1486 pc=800001c0 next=800001c0 trap=0
COMMIT cycle=1487 pc=800001c0 next=800001c0 trap=0
COMMIT cycle=1488 pc=800001c0 next=800001c0 trap=0
COMMIT cycle=1489 pc=800001c0 next=800001c0 trap=0
COMMIT cycle=1490 pc=800001c0 next=800001c0 trap=0
COMMIT cycle=1491 pc=800001c0 next=800001c0 trap=0
COMMIT cycle=1492 pc=800001c0 next=800001c0 trap=0
COMMIT cycle=1493 pc=800001c0 next=800001c0 trap=0
COMMIT cycle=1494 pc=800001c0 next=800001c0 trap=0
COMMIT cycle=1495 pc=800001c0 next=800001c0 trap=0
COMMIT cycle=1496 pc=800001c0 next=800001c0 trap=0
COMMIT cycle=1497 pc=800001c0 next=800001c0 trap=0
COMMIT cycle=1498 pc=800001c0 next=800001c0 trap=0
COMMIT cycle=1499 pc=800001c0 next=800001c0 trap=0
COMMIT cycle=1500 pc=800001c0 next=800001c0 trap=0
RESULT fences=0 site=0 wrong_target_stores=0 correct_path_stores=1
PASS retired-store preservation across trap and retry
- /home/yong/ysyx/ysyx-workbench-rv32-interview/npc/tests/exception/riscv32_fence_i_tb.sv:136: Verilog $finish
[15045] %Fatal: riscv32_fence_i_tb.sv:138: Assertion failed in riscv32_fence_i_tb: fence count or wrong-path MMIO side effect
%Error: /home/yong/ysyx/ysyx-workbench-rv32-interview/npc/tests/exception/riscv32_fence_i_tb.sv:138: Verilog $stop
Aborting...

make: *** [Makefile:613: test-fence-i] Error 1
make: Leaving directory '/home/yong/ysyx/ysyx-workbench-rv32-interview/npc'
