FENCE commit cycle=73
B cycle=94 addr=80000080 resp=0
INVALIDATE cycle=103 done=1
QUERY A cycle=104 maintenance=0 invalidate=0
FETCH A cycle=107 instr=0040006f predicted_taken=0 target=00000000
COMMIT cycle=110 pc=80000080 next=80000084 trap=0
COMMIT cycle=115 pc=80000084 next=80000180 trap=0
SITE_SUCCESSOR actual=80000084 expected=80000084
B cycle=133 addr=10002004 resp=0
COMMIT cycle=134 pc=80000180 next=80000184 trap=0
COMMIT cycle=135 pc=80000184 next=800001c0 trap=0
COMMIT cycle=141 pc=800001c0 next=800001c0 trap=0
COMMIT cycle=147 pc=800001c0 next=800001c0 trap=0
COMMIT cycle=148 pc=800001c0 next=800001c0 trap=0
COMMIT cycle=149 pc=800001c0 next=800001c0 trap=0
COMMIT cycle=150 pc=800001c0 next=800001c0 trap=0
COMMIT cycle=151 pc=800001c0 next=800001c0 trap=0
COMMIT cycle=152 pc=800001c0 next=800001c0 trap=0
COMMIT cycle=153 pc=800001c0 next=800001c0 trap=0
COMMIT cycle=154 pc=800001c0 next=800001c0 trap=0
COMMIT cycle=155 pc=800001c0 next=800001c0 trap=0
COMMIT cycle=156 pc=800001c0 next=800001c0 trap=0
COMMIT cycle=157 pc=800001c0 next=800001c0 trap=0
COMMIT cycle=158 pc=800001c0 next=800001c0 trap=0
COMMIT cycle=159 pc=800001c0 next=800001c0 trap=0
COMMIT cycle=160 pc=800001c0 next=800001c0 trap=0
COMMIT cycle=161 pc=800001c0 next=800001c0 trap=0
COMMIT cycle=162 pc=800001c0 next=800001c0 trap=0
COMMIT cycle=163 pc=800001c0 next=800001c0 trap=0
COMMIT cycle=164 pc=800001c0 next=800001c0 trap=0
COMMIT cycle=165 pc=800001c0 next=800001c0 trap=0
COMMIT cycle=166 pc=800001c0 next=800001c0 trap=0
COMMIT cycle=167 pc=800001c0 next=800001c0 trap=0
COMMIT cycle=168 pc=800001c0 next=800001c0 trap=0
COMMIT cycle=169 pc=800001c0 next=800001c0 trap=0
COMMIT cycle=170 pc=800001c0 next=800001c0 trap=0
COMMIT cycle=171 pc=800001c0 next=800001c0 trap=0
COMMIT cycle=172 pc=800001c0 next=800001c0 trap=0
COMMIT cycle=173 pc=800001c0 next=800001c0 trap=0
COMMIT cycle=174 pc=800001c0 next=800001c0 trap=0
COMMIT cycle=175 pc=800001c0 next=800001c0 trap=0
COMMIT cycle=176 pc=800001c0 next=800001c0 trap=0
COMMIT cycle=177 pc=800001c0 next=800001c0 trap=0
COMMIT cycle=178 pc=800001c0 next=800001c0 trap=0
COMMIT cycle=179 pc=800001c0 next=800001c0 trap=0
COMMIT cycle=180 pc=800001c0 next=800001c0 trap=0
COMMIT cycle=181 pc=800001c0 next=800001c0 trap=0
COMMIT cycle=182 pc=800001c0 next=800001c0 trap=0
COMMIT cycle=183 pc=800001c0 next=800001c0 trap=0
COMMIT cycle=184 pc=800001c0 next=800001c0 trap=0
COMMIT cycle=185 pc=800001c0 next=800001c0 trap=0
COMMIT cycle=186 pc=800001c0 next=800001c0 trap=0
COMMIT cycle=187 pc=800001c0 next=800001c0 trap=0
COMMIT cycle=188 pc=800001c0 next=800001c0 trap=0
COMMIT cycle=189 pc=800001c0 next=800001c0 trap=0
COMMIT cycle=190 pc=800001c0 next=800001c0 trap=0
COMMIT cycle=191 pc=800001c0 next=800001c0 trap=0
COMMIT cycle=192 pc=800001c0 next=800001c0 trap=0
COMMIT cycle=193 pc=800001c0 next=800001c0 trap=0
COMMIT cycle=194 pc=800001c0 next=800001c0 trap=0
COMMIT cycle=195 pc=800001c0 next=800001c0 trap=0
COMMIT cycle=196 pc=800001c0 next=800001c0 trap=0
COMMIT cycle=197 pc=800001c0 next=800001c0 trap=0
COMMIT cycle=198 pc=800001c0 next=800001c0 trap=0
COMMIT cycle=199 pc=800001c0 next=800001c0 trap=0
COMMIT cycle=200 pc=800001c0 next=800001c0 trap=0
COMMIT cycle=201 pc=800001c0 next=800001c0 trap=0
COMMIT cycle=202 pc=800001c0 next=800001c0 trap=0
COMMIT cycle=203 pc=800001c0 next=800001c0 trap=0
COMMIT cycle=204 pc=800001c0 next=800001c0 trap=0
COMMIT cycle=205 pc=800001c0 next=800001c0 trap=0
COMMIT cycle=206 pc=800001c0 next=800001c0 trap=0
COMMIT cycle=207 pc=800001c0 next=800001c0 trap=0
COMMIT cycle=208 pc=800001c0 next=800001c0 trap=0
COMMIT cycle=209 pc=800001c0 next=800001c0 trap=0
COMMIT cycle=210 pc=800001c0 next=800001c0 trap=0
COMMIT cycle=211 pc=800001c0 next=800001c0 trap=0
COMMIT cycle=212 pc=800001c0 next=800001c0 trap=0
COMMIT cycle=213 pc=800001c0 next=800001c0 trap=0
COMMIT cycle=214 pc=800001c0 next=800001c0 trap=0
COMMIT cycle=215 pc=800001c0 next=800001c0 trap=0
COMMIT cycle=216 pc=800001c0 next=800001c0 trap=0
COMMIT cycle=217 pc=800001c0 next=800001c0 trap=0
COMMIT cycle=218 pc=800001c0 next=800001c0 trap=0
COMMIT cycle=219 pc=800001c0 next=800001c0 trap=0
COMMIT cycle=220 pc=800001c0 next=800001c0 trap=0
COMMIT cycle=221 pc=800001c0 next=800001c0 trap=0
COMMIT cycle=222 pc=800001c0 next=800001c0 trap=0
COMMIT cycle=223 pc=800001c0 next=800001c0 trap=0
COMMIT cycle=224 pc=800001c0 next=800001c0 trap=0
COMMIT cycle=225 pc=800001c0 next=800001c0 trap=0
COMMIT cycle=226 pc=800001c0 next=800001c0 trap=0
COMMIT cycle=227 pc=800001c0 next=800001c0 trap=0
COMMIT cycle=228 pc=800001c0 next=800001c0 trap=0
COMMIT cycle=229 pc=800001c0 next=800001c0 trap=0
COMMIT cycle=230 pc=800001c0 next=800001c0 trap=0
COMMIT cycle=231 pc=800001c0 next=800001c0 trap=0
COMMIT cycle=232 pc=800001c0 next=800001c0 trap=0
COMMIT cycle=233 pc=800001c0 next=800001c0 trap=0
COMMIT cycle=234 pc=800001c0 next=800001c0 trap=0
COMMIT cycle=235 pc=800001c0 next=800001c0 trap=0
COMMIT cycle=236 pc=800001c0 next=800001c0 trap=0
COMMIT cycle=237 pc=800001c0 next=800001c0 trap=0
COMMIT cycle=238 pc=800001c0 next=800001c0 trap=0
COMMIT cycle=239 pc=800001c0 next=800001c0 trap=0
COMMIT cycle=240 pc=800001c0 next=800001c0 trap=0
COMMIT cycle=241 pc=800001c0 next=800001c0 trap=0
COMMIT cycle=242 pc=800001c0 next=800001c0 trap=0
COMMIT cycle=243 pc=800001c0 next=800001c0 trap=0
COMMIT cycle=244 pc=800001c0 next=800001c0 trap=0
COMMIT cycle=245 pc=800001c0 next=800001c0 trap=0
COMMIT cycle=246 pc=800001c0 next=800001c0 trap=0
COMMIT cycle=247 pc=800001c0 next=800001c0 trap=0
COMMIT cycle=248 pc=800001c0 next=800001c0 trap=0
COMMIT cycle=249 pc=800001c0 next=800001c0 trap=0
COMMIT cycle=250 pc=800001c0 next=800001c0 trap=0
COMMIT cycle=251 pc=800001c0 next=800001c0 trap=0
COMMIT cycle=252 pc=800001c0 next=800001c0 trap=0
COMMIT cycle=253 pc=800001c0 next=800001c0 trap=0
COMMIT cycle=254 pc=800001c0 next=800001c0 trap=0
COMMIT cycle=255 pc=800001c0 next=800001c0 trap=0
COMMIT cycle=256 pc=800001c0 next=800001c0 trap=0
COMMIT cycle=257 pc=800001c0 next=800001c0 trap=0
COMMIT cycle=258 pc=800001c0 next=800001c0 trap=0
COMMIT cycle=259 pc=800001c0 next=800001c0 trap=0
COMMIT cycle=260 pc=800001c0 next=800001c0 trap=0
COMMIT cycle=261 pc=800001c0 next=800001c0 trap=0
COMMIT cycle=262 pc=800001c0 next=800001c0 trap=0
COMMIT cycle=263 pc=800001c0 next=800001c0 trap=0
COMMIT cycle=264 pc=800001c0 next=800001c0 trap=0
COMMIT cycle=265 pc=800001c0 next=800001c0 trap=0
COMMIT cycle=266 pc=800001c0 next=800001c0 trap=0
COMMIT cycle=267 pc=800001c0 next=800001c0 trap=0
COMMIT cycle=268 pc=800001c0 next=800001c0 trap=0
COMMIT cycle=269 pc=800001c0 next=800001c0 trap=0
COMMIT cycle=270 pc=800001c0 next=800001c0 trap=0
COMMIT cycle=271 pc=800001c0 next=800001c0 trap=0
COMMIT cycle=272 pc=800001c0 next=800001c0 trap=0
COMMIT cycle=273 pc=800001c0 next=800001c0 trap=0
COMMIT cycle=274 pc=800001c0 next=800001c0 trap=0
COMMIT cycle=275 pc=800001c0 next=800001c0 trap=0
COMMIT cycle=276 pc=800001c0 next=800001c0 trap=0
COMMIT cycle=277 pc=800001c0 next=800001c0 trap=0
COMMIT cycle=278 pc=800001c0 next=800001c0 trap=0
COMMIT cycle=279 pc=800001c0 next=800001c0 trap=0
COMMIT cycle=280 pc=800001c0 next=800001c0 trap=0
COMMIT cycle=281 pc=800001c0 next=800001c0 trap=0
COMMIT cycle=282 pc=800001c0 next=800001c0 trap=0
COMMIT cycle=283 pc=800001c0 next=800001c0 trap=0
COMMIT cycle=284 pc=800001c0 next=800001c0 trap=0
COMMIT cycle=285 pc=800001c0 next=800001c0 trap=0
COMMIT cycle=286 pc=800001c0 next=800001c0 trap=0
COMMIT cycle=287 pc=800001c0 next=800001c0 trap=0
COMMIT cycle=288 pc=800001c0 next=800001c0 trap=0
COMMIT cycle=289 pc=800001c0 next=800001c0 trap=0
COMMIT cycle=290 pc=800001c0 next=800001c0 trap=0
COMMIT cycle=291 pc=800001c0 next=800001c0 trap=0
COMMIT cycle=292 pc=800001c0 next=800001c0 trap=0
COMMIT cycle=293 pc=800001c0 next=800001c0 trap=0
COMMIT cycle=294 pc=800001c0 next=800001c0 trap=0
COMMIT cycle=295 pc=800001c0 next=800001c0 trap=0
COMMIT cycle=296 pc=800001c0 next=800001c0 trap=0
COMMIT cycle=297 pc=800001c0 next=800001c0 trap=0
COMMIT cycle=298 pc=800001c0 next=800001c0 trap=0
COMMIT cycle=299 pc=800001c0 next=800001c0 trap=0
COMMIT cycle=300 pc=800001c0 next=800001c0 trap=0
COMMIT cycle=301 pc=800001c0 next=800001c0 trap=0
COMMIT cycle=302 pc=800001c0 next=800001c0 trap=0
COMMIT cycle=303 pc=800001c0 next=800001c0 trap=0
COMMIT cycle=304 pc=800001c0 next=800001c0 trap=0
COMMIT cycle=305 pc=800001c0 next=800001c0 trap=0
COMMIT cycle=306 pc=800001c0 next=800001c0 trap=0
COMMIT cycle=307 pc=800001c0 next=800001c0 trap=0
COMMIT cycle=308 pc=800001c0 next=800001c0 trap=0
COMMIT cycle=309 pc=800001c0 next=800001c0 trap=0
COMMIT cycle=310 pc=800001c0 next=800001c0 trap=0
COMMIT cycle=311 pc=800001c0 next=800001c0 trap=0
COMMIT cycle=312 pc=800001c0 next=800001c0 trap=0
COMMIT cycle=313 pc=800001c0 next=800001c0 trap=0
COMMIT cycle=314 pc=800001c0 next=800001c0 trap=0
COMMIT cycle=315 pc=800001c0 next=800001c0 trap=0
COMMIT cycle=316 pc=800001c0 next=800001c0 trap=0
COMMIT cycle=317 pc=800001c0 next=800001c0 trap=0
COMMIT cycle=318 pc=800001c0 next=800001c0 trap=0
COMMIT cycle=319 pc=800001c0 next=800001c0 trap=0
COMMIT cycle=320 pc=800001c0 next=800001c0 trap=0
COMMIT cycle=321 pc=800001c0 next=800001c0 trap=0
COMMIT cycle=322 pc=800001c0 next=800001c0 trap=0
COMMIT cycle=323 pc=800001c0 next=800001c0 trap=0
COMMIT cycle=324 pc=800001c0 next=800001c0 trap=0
COMMIT cycle=325 pc=800001c0 next=800001c0 trap=0
COMMIT cycle=326 pc=800001c0 next=800001c0 trap=0
COMMIT cycle=327 pc=800001c0 next=800001c0 trap=0
COMMIT cycle=328 pc=800001c0 next=800001c0 trap=0
COMMIT cycle=329 pc=800001c0 next=800001c0 trap=0
COMMIT cycle=330 pc=800001c0 next=800001c0 trap=0
COMMIT cycle=331 pc=800001c0 next=800001c0 trap=0
COMMIT cycle=332 pc=800001c0 next=800001c0 trap=0
COMMIT cycle=333 pc=800001c0 next=800001c0 trap=0
COMMIT cycle=334 pc=800001c0 next=800001c0 trap=0
COMMIT cycle=335 pc=800001c0 next=800001c0 trap=0
COMMIT cycle=336 pc=800001c0 next=800001c0 trap=0
COMMIT cycle=337 pc=800001c0 next=800001c0 trap=0
COMMIT cycle=338 pc=800001c0 next=800001c0 trap=0
COMMIT cycle=339 pc=800001c0 next=800001c0 trap=0
COMMIT cycle=340 pc=800001c0 next=800001c0 trap=0
COMMIT cycle=341 pc=800001c0 next=800001c0 trap=0
COMMIT cycle=342 pc=800001c0 next=800001c0 trap=0
COMMIT cycle=343 pc=800001c0 next=800001c0 trap=0
COMMIT cycle=344 pc=800001c0 next=800001c0 trap=0
COMMIT cycle=345 pc=800001c0 next=800001c0 trap=0
COMMIT cycle=346 pc=800001c0 next=800001c0 trap=0
COMMIT cycle=347 pc=800001c0 next=800001c0 trap=0
COMMIT cycle=348 pc=800001c0 next=800001c0 trap=0
COMMIT cycle=349 pc=800001c0 next=800001c0 trap=0
COMMIT cycle=350 pc=800001c0 next=800001c0 trap=0
COMMIT cycle=351 pc=800001c0 next=800001c0 trap=0
COMMIT cycle=352 pc=800001c0 next=800001c0 trap=0
COMMIT cycle=353 pc=800001c0 next=800001c0 trap=0
COMMIT cycle=354 pc=800001c0 next=800001c0 trap=0
COMMIT cycle=355 pc=800001c0 next=800001c0 trap=0
COMMIT cycle=356 pc=800001c0 next=800001c0 trap=0
COMMIT cycle=357 pc=800001c0 next=800001c0 trap=0
COMMIT cycle=358 pc=800001c0 next=800001c0 trap=0
COMMIT cycle=359 pc=800001c0 next=800001c0 trap=0
COMMIT cycle=360 pc=800001c0 next=800001c0 trap=0
COMMIT cycle=361 pc=800001c0 next=800001c0 trap=0
COMMIT cycle=362 pc=800001c0 next=800001c0 trap=0
COMMIT cycle=363 pc=800001c0 next=800001c0 trap=0
COMMIT cycle=364 pc=800001c0 next=800001c0 trap=0
COMMIT cycle=365 pc=800001c0 next=800001c0 trap=0
COMMIT cycle=366 pc=800001c0 next=800001c0 trap=0
COMMIT cycle=367 pc=800001c0 next=800001c0 trap=0
COMMIT cycle=368 pc=800001c0 next=800001c0 trap=0
COMMIT cycle=369 pc=800001c0 next=800001c0 trap=0
COMMIT cycle=370 pc=800001c0 next=800001c0 trap=0
COMMIT cycle=371 pc=800001c0 next=800001c0 trap=0
COMMIT cycle=372 pc=800001c0 next=800001c0 trap=0
COMMIT cycle=373 pc=800001c0 next=800001c0 trap=0
COMMIT cycle=374 pc=800001c0 next=800001c0 trap=0
COMMIT cycle=375 pc=800001c0 next=800001c0 trap=0
COMMIT cycle=376 pc=800001c0 next=800001c0 trap=0
COMMIT cycle=377 pc=800001c0 next=800001c0 trap=0
COMMIT cycle=378 pc=800001c0 next=800001c0 trap=0
COMMIT cycle=379 pc=800001c0 next=800001c0 trap=0
COMMIT cycle=380 pc=800001c0 next=800001c0 trap=0
COMMIT cycle=381 pc=800001c0 next=800001c0 trap=0
COMMIT cycle=382 pc=800001c0 next=800001c0 trap=0
COMMIT cycle=383 pc=800001c0 next=800001c0 trap=0
COMMIT cycle=384 pc=800001c0 next=800001c0 trap=0
COMMIT cycle=385 pc=800001c0 next=800001c0 trap=0
COMMIT cycle=386 pc=800001c0 next=800001c0 trap=0
COMMIT cycle=387 pc=800001c0 next=800001c0 trap=0
COMMIT cycle=388 pc=800001c0 next=800001c0 trap=0
COMMIT cycle=389 pc=800001c0 next=800001c0 trap=0
COMMIT cycle=390 pc=800001c0 next=800001c0 trap=0
COMMIT cycle=391 pc=800001c0 next=800001c0 trap=0
COMMIT cycle=392 pc=800001c0 next=800001c0 trap=0
COMMIT cycle=393 pc=800001c0 next=800001c0 trap=0
COMMIT cycle=394 pc=800001c0 next=800001c0 trap=0
COMMIT cycle=395 pc=800001c0 next=800001c0 trap=0
COMMIT cycle=396 pc=800001c0 next=800001c0 trap=0
COMMIT cycle=397 pc=800001c0 next=800001c0 trap=0
COMMIT cycle=398 pc=800001c0 next=800001c0 trap=0
COMMIT cycle=399 pc=800001c0 next=800001c0 trap=0
COMMIT cycle=400 pc=800001c0 next=800001c0 trap=0
COMMIT cycle=401 pc=800001c0 next=800001c0 trap=0
COMMIT cycle=402 pc=800001c0 next=800001c0 trap=0
COMMIT cycle=403 pc=800001c0 next=800001c0 trap=0
COMMIT cycle=404 pc=800001c0 next=800001c0 trap=0
COMMIT cycle=405 pc=800001c0 next=800001c0 trap=0
COMMIT cycle=406 pc=800001c0 next=800001c0 trap=0
COMMIT cycle=407 pc=800001c0 next=800001c0 trap=0
COMMIT cycle=408 pc=800001c0 next=800001c0 trap=0
COMMIT cycle=409 pc=800001c0 next=800001c0 trap=0
COMMIT cycle=410 pc=800001c0 next=800001c0 trap=0
COMMIT cycle=411 pc=800001c0 next=800001c0 trap=0
COMMIT cycle=412 pc=800001c0 next=800001c0 trap=0
COMMIT cycle=413 pc=800001c0 next=800001c0 trap=0
COMMIT cycle=414 pc=800001c0 next=800001c0 trap=0
COMMIT cycle=415 pc=800001c0 next=800001c0 trap=0
COMMIT cycle=416 pc=800001c0 next=800001c0 trap=0
COMMIT cycle=417 pc=800001c0 next=800001c0 trap=0
COMMIT cycle=418 pc=800001c0 next=800001c0 trap=0
COMMIT cycle=419 pc=800001c0 next=800001c0 trap=0
COMMIT cycle=420 pc=800001c0 next=800001c0 trap=0
COMMIT cycle=421 pc=800001c0 next=800001c0 trap=0
COMMIT cycle=422 pc=800001c0 next=800001c0 trap=0
COMMIT cycle=423 pc=800001c0 next=800001c0 trap=0
COMMIT cycle=424 pc=800001c0 next=800001c0 trap=0
COMMIT cycle=425 pc=800001c0 next=800001c0 trap=0
COMMIT cycle=426 pc=800001c0 next=800001c0 trap=0
COMMIT cycle=427 pc=800001c0 next=800001c0 trap=0
COMMIT cycle=428 pc=800001c0 next=800001c0 trap=0
COMMIT cycle=429 pc=800001c0 next=800001c0 trap=0
COMMIT cycle=430 pc=800001c0 next=800001c0 trap=0
COMMIT cycle=431 pc=800001c0 next=800001c0 trap=0
COMMIT cycle=432 pc=800001c0 next=800001c0 trap=0
COMMIT cycle=433 pc=800001c0 next=800001c0 trap=0
COMMIT cycle=434 pc=800001c0 next=800001c0 trap=0
COMMIT cycle=435 pc=800001c0 next=800001c0 trap=0
COMMIT cycle=436 pc=800001c0 next=800001c0 trap=0
COMMIT cycle=437 pc=800001c0 next=800001c0 trap=0
COMMIT cycle=438 pc=800001c0 next=800001c0 trap=0
COMMIT cycle=439 pc=800001c0 next=800001c0 trap=0
COMMIT cycle=440 pc=800001c0 next=800001c0 trap=0
COMMIT cycle=441 pc=800001c0 next=800001c0 trap=0
COMMIT cycle=442 pc=800001c0 next=800001c0 trap=0
COMMIT cycle=443 pc=800001c0 next=800001c0 trap=0
COMMIT cycle=444 pc=800001c0 next=800001c0 trap=0
COMMIT cycle=445 pc=800001c0 next=800001c0 trap=0
COMMIT cycle=446 pc=800001c0 next=800001c0 trap=0
COMMIT cycle=447 pc=800001c0 next=800001c0 trap=0
COMMIT cycle=448 pc=800001c0 next=800001c0 trap=0
COMMIT cycle=449 pc=800001c0 next=800001c0 trap=0
COMMIT cycle=450 pc=800001c0 next=800001c0 trap=0
COMMIT cycle=451 pc=800001c0 next=800001c0 trap=0
COMMIT cycle=452 pc=800001c0 next=800001c0 trap=0
COMMIT cycle=453 pc=800001c0 next=800001c0 trap=0
COMMIT cycle=454 pc=800001c0 next=800001c0 trap=0
COMMIT cycle=455 pc=800001c0 next=800001c0 trap=0
COMMIT cycle=456 pc=800001c0 next=800001c0 trap=0
COMMIT cycle=457 pc=800001c0 next=800001c0 trap=0
COMMIT cycle=458 pc=800001c0 next=800001c0 trap=0
COMMIT cycle=459 pc=800001c0 next=800001c0 trap=0
COMMIT cycle=460 pc=800001c0 next=800001c0 trap=0
COMMIT cycle=461 pc=800001c0 next=800001c0 trap=0
COMMIT cycle=462 pc=800001c0 next=800001c0 trap=0
COMMIT cycle=463 pc=800001c0 next=800001c0 trap=0
COMMIT cycle=464 pc=800001c0 next=800001c0 trap=0
COMMIT cycle=465 pc=800001c0 next=800001c0 trap=0
COMMIT cycle=466 pc=800001c0 next=800001c0 trap=0
COMMIT cycle=467 pc=800001c0 next=800001c0 trap=0
COMMIT cycle=468 pc=800001c0 next=800001c0 trap=0
COMMIT cycle=469 pc=800001c0 next=800001c0 trap=0
COMMIT cycle=470 pc=800001c0 next=800001c0 trap=0
COMMIT cycle=471 pc=800001c0 next=800001c0 trap=0
COMMIT cycle=472 pc=800001c0 next=800001c0 trap=0
COMMIT cycle=473 pc=800001c0 next=800001c0 trap=0
COMMIT cycle=474 pc=800001c0 next=800001c0 trap=0
COMMIT cycle=475 pc=800001c0 next=800001c0 trap=0
COMMIT cycle=476 pc=800001c0 next=800001c0 trap=0
COMMIT cycle=477 pc=800001c0 next=800001c0 trap=0
COMMIT cycle=478 pc=800001c0 next=800001c0 trap=0
COMMIT cycle=479 pc=800001c0 next=800001c0 trap=0
COMMIT cycle=480 pc=800001c0 next=800001c0 trap=0
COMMIT cycle=481 pc=800001c0 next=800001c0 trap=0
COMMIT cycle=482 pc=800001c0 next=800001c0 trap=0
COMMIT cycle=483 pc=800001c0 next=800001c0 trap=0
COMMIT cycle=484 pc=800001c0 next=800001c0 trap=0
COMMIT cycle=485 pc=800001c0 next=800001c0 trap=0
COMMIT cycle=486 pc=800001c0 next=800001c0 trap=0
COMMIT cycle=487 pc=800001c0 next=800001c0 trap=0
COMMIT cycle=488 pc=800001c0 next=800001c0 trap=0
COMMIT cycle=489 pc=800001c0 next=800001c0 trap=0
COMMIT cycle=490 pc=800001c0 next=800001c0 trap=0
COMMIT cycle=491 pc=800001c0 next=800001c0 trap=0
COMMIT cycle=492 pc=800001c0 next=800001c0 trap=0
COMMIT cycle=493 pc=800001c0 next=800001c0 trap=0
COMMIT cycle=494 pc=800001c0 next=800001c0 trap=0
COMMIT cycle=495 pc=800001c0 next=800001c0 trap=0
COMMIT cycle=496 pc=800001c0 next=800001c0 trap=0
COMMIT cycle=497 pc=800001c0 next=800001c0 trap=0
COMMIT cycle=498 pc=800001c0 next=800001c0 trap=0
COMMIT cycle=499 pc=800001c0 next=800001c0 trap=0
COMMIT cycle=500 pc=800001c0 next=800001c0 trap=0
COMMIT cycle=501 pc=800001c0 next=800001c0 trap=0
COMMIT cycle=502 pc=800001c0 next=800001c0 trap=0
COMMIT cycle=503 pc=800001c0 next=800001c0 trap=0
COMMIT cycle=504 pc=800001c0 next=800001c0 trap=0
COMMIT cycle=505 pc=800001c0 next=800001c0 trap=0
COMMIT cycle=506 pc=800001c0 next=800001c0 trap=0
COMMIT cycle=507 pc=800001c0 next=800001c0 trap=0
COMMIT cycle=508 pc=800001c0 next=800001c0 trap=0
COMMIT cycle=509 pc=800001c0 next=800001c0 trap=0
COMMIT cycle=510 pc=800001c0 next=800001c0 trap=0
COMMIT cycle=511 pc=800001c0 next=800001c0 trap=0
COMMIT cycle=512 pc=800001c0 next=800001c0 trap=0
COMMIT cycle=513 pc=800001c0 next=800001c0 trap=0
COMMIT cycle=514 pc=800001c0 next=800001c0 trap=0
COMMIT cycle=515 pc=800001c0 next=800001c0 trap=0
COMMIT cycle=516 pc=800001c0 next=800001c0 trap=0
COMMIT cycle=517 pc=800001c0 next=800001c0 trap=0
COMMIT cycle=518 pc=800001c0 next=800001c0 trap=0
COMMIT cycle=519 pc=800001c0 next=800001c0 trap=0
COMMIT cycle=520 pc=800001c0 next=800001c0 trap=0
COMMIT cycle=521 pc=800001c0 next=800001c0 trap=0
COMMIT cycle=522 pc=800001c0 next=800001c0 trap=0
COMMIT cycle=523 pc=800001c0 next=800001c0 trap=0
COMMIT cycle=524 pc=800001c0 next=800001c0 trap=0
COMMIT cycle=525 pc=800001c0 next=800001c0 trap=0
COMMIT cycle=526 pc=800001c0 next=800001c0 trap=0
COMMIT cycle=527 pc=800001c0 next=800001c0 trap=0
COMMIT cycle=528 pc=800001c0 next=800001c0 trap=0
COMMIT cycle=529 pc=800001c0 next=800001c0 trap=0
COMMIT cycle=530 pc=800001c0 next=800001c0 trap=0
COMMIT cycle=531 pc=800001c0 next=800001c0 trap=0
COMMIT cycle=532 pc=800001c0 next=800001c0 trap=0
COMMIT cycle=533 pc=800001c0 next=800001c0 trap=0
COMMIT cycle=534 pc=800001c0 next=800001c0 trap=0
COMMIT cycle=535 pc=800001c0 next=800001c0 trap=0
COMMIT cycle=536 pc=800001c0 next=800001c0 trap=0
COMMIT cycle=537 pc=800001c0 next=800001c0 trap=0
COMMIT cycle=538 pc=800001c0 next=800001c0 trap=0
COMMIT cycle=539 pc=800001c0 next=800001c0 trap=0
COMMIT cycle=540 pc=800001c0 next=800001c0 trap=0
COMMIT cycle=541 pc=800001c0 next=800001c0 trap=0
COMMIT cycle=542 pc=800001c0 next=800001c0 trap=0
COMMIT cycle=543 pc=800001c0 next=800001c0 trap=0
COMMIT cycle=544 pc=800001c0 next=800001c0 trap=0
COMMIT cycle=545 pc=800001c0 next=800001c0 trap=0
COMMIT cycle=546 pc=800001c0 next=800001c0 trap=0
COMMIT cycle=547 pc=800001c0 next=800001c0 trap=0
COMMIT cycle=548 pc=800001c0 next=800001c0 trap=0
COMMIT cycle=549 pc=800001c0 next=800001c0 trap=0
COMMIT cycle=550 pc=800001c0 next=800001c0 trap=0
COMMIT cycle=551 pc=800001c0 next=800001c0 trap=0
COMMIT cycle=552 pc=800001c0 next=800001c0 trap=0
COMMIT cycle=553 pc=800001c0 next=800001c0 trap=0
COMMIT cycle=554 pc=800001c0 next=800001c0 trap=0
COMMIT cycle=555 pc=800001c0 next=800001c0 trap=0
COMMIT cycle=556 pc=800001c0 next=800001c0 trap=0
COMMIT cycle=557 pc=800001c0 next=800001c0 trap=0
COMMIT cycle=558 pc=800001c0 next=800001c0 trap=0
COMMIT cycle=559 pc=800001c0 next=800001c0 trap=0
COMMIT cycle=560 pc=800001c0 next=800001c0 trap=0
COMMIT cycle=561 pc=800001c0 next=800001c0 trap=0
COMMIT cycle=562 pc=800001c0 next=800001c0 trap=0
COMMIT cycle=563 pc=800001c0 next=800001c0 trap=0
COMMIT cycle=564 pc=800001c0 next=800001c0 trap=0
COMMIT cycle=565 pc=800001c0 next=800001c0 trap=0
COMMIT cycle=566 pc=800001c0 next=800001c0 trap=0
COMMIT cycle=567 pc=800001c0 next=800001c0 trap=0
COMMIT cycle=568 pc=800001c0 next=800001c0 trap=0
COMMIT cycle=569 pc=800001c0 next=800001c0 trap=0
COMMIT cycle=570 pc=800001c0 next=800001c0 trap=0
COMMIT cycle=571 pc=800001c0 next=800001c0 trap=0
COMMIT cycle=572 pc=800001c0 next=800001c0 trap=0
COMMIT cycle=573 pc=800001c0 next=800001c0 trap=0
COMMIT cycle=574 pc=800001c0 next=800001c0 trap=0
COMMIT cycle=575 pc=800001c0 next=800001c0 trap=0
COMMIT cycle=576 pc=800001c0 next=800001c0 trap=0
COMMIT cycle=577 pc=800001c0 next=800001c0 trap=0
COMMIT cycle=578 pc=800001c0 next=800001c0 trap=0
COMMIT cycle=579 pc=800001c0 next=800001c0 trap=0
COMMIT cycle=580 pc=800001c0 next=800001c0 trap=0
COMMIT cycle=581 pc=800001c0 next=800001c0 trap=0
COMMIT cycle=582 pc=800001c0 next=800001c0 trap=0
COMMIT cycle=583 pc=800001c0 next=800001c0 trap=0
COMMIT cycle=584 pc=800001c0 next=800001c0 trap=0
COMMIT cycle=585 pc=800001c0 next=800001c0 trap=0
COMMIT cycle=586 pc=800001c0 next=800001c0 trap=0
COMMIT cycle=587 pc=800001c0 next=800001c0 trap=0
COMMIT cycle=588 pc=800001c0 next=800001c0 trap=0
COMMIT cycle=589 pc=800001c0 next=800001c0 trap=0
COMMIT cycle=590 pc=800001c0 next=800001c0 trap=0
COMMIT cycle=591 pc=800001c0 next=800001c0 trap=0
COMMIT cycle=592 pc=800001c0 next=800001c0 trap=0
COMMIT cycle=593 pc=800001c0 next=800001c0 trap=0
COMMIT cycle=594 pc=800001c0 next=800001c0 trap=0
COMMIT cycle=595 pc=800001c0 next=800001c0 trap=0
COMMIT cycle=596 pc=800001c0 next=800001c0 trap=0
COMMIT cycle=597 pc=800001c0 next=800001c0 trap=0
COMMIT cycle=598 pc=800001c0 next=800001c0 trap=0
COMMIT cycle=599 pc=800001c0 next=800001c0 trap=0
COMMIT cycle=600 pc=800001c0 next=800001c0 trap=0
RESULT fences=1 site=2 wrong_target_stores=0 correct_path_stores=1
- /home/yong/ysyx/ysyx-workbench-rv32-interview/npc/result/verification/rv32-fence-error-audit-20260921/fence_probe_tb.sv:88: Verilog $finish
- S i m u l a t i o n   R e p o r t: Verilator 5.043 devel
- Verilator: $finish at 6ns; walltime 0.002 s; speed 3.902 us/s
- Verilator: cpu 0.002 s on 1 threads; alloced 6 MB
