%Warning-WIDTHEXPAND: /home/yong/ysyx/ysyx-workbench-rv32-interview/npc/vsrc/riscv32/core/frontend/riscv32_icache_axi.sv:89:63: Operator COND expects 8 bits on the Conditional True, but Conditional True's SEL generates 3 bits.
                                                                                                                              : ... note: In instance 'fence_probe_tb.dut.u_icache_axi'
   89 |         axi_manager_o.ar.len   = 8'(((state_q == REFILL_IDLE) ?
      |                                                               ^
                      ... For warning description see https://verilator.org/warn/WIDTHEXPAND?v=5.043
                      ... Use "/* verilator lint_off WIDTHEXPAND */" and lint_on around source to disable this message.
%Warning-WIDTHEXPAND: /home/yong/ysyx/ysyx-workbench-rv32-interview/npc/vsrc/riscv32/core/frontend/riscv32_icache_axi.sv:89:63: Operator COND expects 8 bits on the Conditional False, but Conditional False's SEL generates 3 bits.
                                                                                                                              : ... note: In instance 'fence_probe_tb.dut.u_icache_axi'
   89 |         axi_manager_o.ar.len   = 8'(((state_q == REFILL_IDLE) ?
      |                                                               ^
%Warning-WIDTHTRUNC: /home/yong/ysyx/ysyx-workbench-rv32-interview/npc/result/verification/rv32-fence-error-audit-20260921/fence_probe_tb.sv:36:28: Logical operator LOGAND expects 1 bit on the LHS, but LHS's VARREF 'clean_fault' generates 32 bits.
                                                                                                                                                  : ... note: In instance 'fence_probe_tb'
   36 |     dr.b.resp=(clean_fault && wa.addr>=32'h80000000) ? AXI4_RESP_SLVERR : AXI4_RESP_OKAY;
      |                            ^~
                     ... For warning description see https://verilator.org/warn/WIDTHTRUNC?v=5.043
                     ... Use "/* verilator lint_off WIDTHTRUNC */" and lint_on around source to disable this message.
%Warning-WIDTHTRUNC: /home/yong/ysyx/ysyx-workbench-rv32-interview/npc/result/verification/rv32-fence-error-audit-20260921/fence_probe_tb.sv:50:35: Logical operator LOGNOT expects 1 bit on the LHS, but LHS's VARREF 'clean_fault' generates 32 bits.
                                                                                                                                                  : ... note: In instance 'fence_probe_tb'
   50 |       if(wa.addr>=32'h80000000 && !clean_fault) begin
      |                                   ^
%Warning-WIDTHTRUNC: /home/yong/ysyx/ysyx-workbench-rv32-interview/npc/result/verification/rv32-fence-error-audit-20260921/fence_probe_tb.sv:71:15: Logical operator LOGAND expects 1 bit on the LHS, but LHS's VARREF 'fences' generates 32 bits.
                                                                                                                                                  : ... note: In instance 'fence_probe_tb'
   71 |     if(fences && dut.next_pc_predictor_lookup_request_valid && dut.next_pc_predictor_lookup_request_ready && dut.next_pc_predictor_lookup_request_pc==32'h80000080)
      |               ^~
%Warning-WIDTHTRUNC: /home/yong/ysyx/ysyx-workbench-rv32-interview/npc/result/verification/rv32-fence-error-audit-20260921/fence_probe_tb.sv:73:15: Logical operator LOGAND expects 1 bit on the LHS, but LHS's VARREF 'fences' generates 32 bits.
                                                                                                                                                  : ... note: In instance 'fence_probe_tb'
   73 |     if(fences && dut.ifu_fetch_entry_valid && dut.ifu_fetch_entry_ready && dut.ifu_fetch_entry.pc==32'h80000080)
      |               ^~
%Warning-WIDTHTRUNC: /home/yong/ysyx/ysyx-workbench-rv32-interview/npc/result/verification/rv32-fence-error-audit-20260921/fence_probe_tb.sv:76:25: Logical operator LOGAND expects 1 bit on the RHS, but RHS's VARREF 'fences' generates 32 bits.
                                                                                                                                                  : ... note: In instance 'fence_probe_tb'
   76 |     if(dut.commit_valid && fences) begin
      |                         ^~
%Warning-UNOPTFLAT: /home/yong/ysyx/ysyx-workbench-rv32-interview/npc/vsrc/riscv32/core/memory/riscv32_uncached_axi.sv:63:9: Signal unoptimizable: Circular combinational logic: 'fence_probe_tb.dut.u_data_mem.u_uncached_axi.new_request_window_open'
   63 |   logic new_request_window_open;
      |         ^~~~~~~~~~~~~~~~~~~~~~~
                    ... For warning description see https://verilator.org/warn/UNOPTFLAT?v=5.043
                    ... Use "/* verilator lint_off UNOPTFLAT */" and lint_on around source to disable this message.
                    /home/yong/ysyx/ysyx-workbench-rv32-interview/npc/vsrc/riscv32/core/memory/riscv32_uncached_axi.sv:63:9:      Example path: fence_probe_tb.dut.u_data_mem.u_uncached_axi.new_request_window_open
                    /home/yong/ysyx/ysyx-workbench-rv32-interview/npc/vsrc/riscv32/core/memory/riscv32_data_mem.sv:59:28:      Example path: ASSIGNW
                    /home/yong/ysyx/ysyx-workbench-rv32-interview/npc/vsrc/riscv32/core/memory/riscv32_data_mem.sv:59:28:      Example path: fence_probe_tb.dut.u_data_mem.uncached_axi_manager
                    /home/yong/ysyx/ysyx-workbench-rv32-interview/npc/vsrc/riscv32/core/memory/riscv32_uncached_axi.sv:69:39:      Example path: ASSIGNW
                    /home/yong/ysyx/ysyx-workbench-rv32-interview/npc/vsrc/riscv32/core/memory/riscv32_uncached_axi.sv:57:9:      Example path: fence_probe_tb.dut.u_data_mem.u_uncached_axi.axi_read_data_handshake
                    /home/yong/ysyx/ysyx-workbench-rv32-interview/npc/vsrc/riscv32/core/memory/riscv32_uncached_axi.sv:79:34:      Example path: ASSIGNW
                    /home/yong/ysyx/ysyx-workbench-rv32-interview/npc/vsrc/riscv32/core/memory/riscv32_uncached_axi.sv:63:9:      Example path: fence_probe_tb.dut.u_data_mem.u_uncached_axi.new_request_window_open
make: Entering directory '/home/yong/ysyx/ysyx-workbench-rv32-interview/npc/result/verification/rv32-fence-error-audit-20260921/obj'
g++ -Os  -I.  -MMD -I/home/yong/tools/oss-cad-suite/share/verilator/include -I/home/yong/tools/oss-cad-suite/share/verilator/include/vltstd -DVERILATOR=1 -DVM_COVERAGE=0 -DVM_SC=0 -DVM_TIMING=1 -DVM_TRACE=0 -DVM_TRACE_FST=0 -DVM_TRACE_VCD=0 -DVM_TRACE_SAIF=0 -faligned-new -fcf-protection=none -Wno-bool-operation -Wno-int-in-bool-context -Wno-shadow -Wno-sign-compare -Wno-subobject-linkage -Wno-tautological-compare -Wno-uninitialized -Wno-unused-but-set-parameter -Wno-unused-but-set-variable -Wno-unused-parameter -Wno-unused-variable    -DVL_TIME_CONTEXT   -fcoroutines -c -o verilated.o /home/yong/tools/oss-cad-suite/share/verilator/include/verilated.cpp
g++ -Os  -I.  -MMD -I/home/yong/tools/oss-cad-suite/share/verilator/include -I/home/yong/tools/oss-cad-suite/share/verilator/include/vltstd -DVERILATOR=1 -DVM_COVERAGE=0 -DVM_SC=0 -DVM_TIMING=1 -DVM_TRACE=0 -DVM_TRACE_FST=0 -DVM_TRACE_VCD=0 -DVM_TRACE_SAIF=0 -faligned-new -fcf-protection=none -Wno-bool-operation -Wno-int-in-bool-context -Wno-shadow -Wno-sign-compare -Wno-subobject-linkage -Wno-tautological-compare -Wno-uninitialized -Wno-unused-but-set-parameter -Wno-unused-but-set-variable -Wno-unused-parameter -Wno-unused-variable    -DVL_TIME_CONTEXT   -fcoroutines -c -o verilated_timing.o /home/yong/tools/oss-cad-suite/share/verilator/include/verilated_timing.cpp
g++ -Os  -I.  -MMD -I/home/yong/tools/oss-cad-suite/share/verilator/include -I/home/yong/tools/oss-cad-suite/share/verilator/include/vltstd -DVERILATOR=1 -DVM_COVERAGE=0 -DVM_SC=0 -DVM_TIMING=1 -DVM_TRACE=0 -DVM_TRACE_FST=0 -DVM_TRACE_VCD=0 -DVM_TRACE_SAIF=0 -faligned-new -fcf-protection=none -Wno-bool-operation -Wno-int-in-bool-context -Wno-shadow -Wno-sign-compare -Wno-subobject-linkage -Wno-tautological-compare -Wno-uninitialized -Wno-unused-but-set-parameter -Wno-unused-but-set-variable -Wno-unused-parameter -Wno-unused-variable    -DVL_TIME_CONTEXT   -fcoroutines -c -o verilated_threads.o /home/yong/tools/oss-cad-suite/share/verilator/include/verilated_threads.cpp
g++ -Os  -I.  -MMD -I/home/yong/tools/oss-cad-suite/share/verilator/include -I/home/yong/tools/oss-cad-suite/share/verilator/include/vltstd -DVERILATOR=1 -DVM_COVERAGE=0 -DVM_SC=0 -DVM_TIMING=1 -DVM_TRACE=0 -DVM_TRACE_FST=0 -DVM_TRACE_VCD=0 -DVM_TRACE_SAIF=0 -faligned-new -fcf-protection=none -Wno-bool-operation -Wno-int-in-bool-context -Wno-shadow -Wno-sign-compare -Wno-subobject-linkage -Wno-tautological-compare -Wno-uninitialized -Wno-unused-but-set-parameter -Wno-unused-but-set-variable -Wno-unused-parameter -Wno-unused-variable    -DVL_TIME_CONTEXT   -fcoroutines -x c++-header Vfence_probe_tb__pch.h -o Vfence_probe_tb__pch.h.fast.gch
g++   -I.  -MMD -I/home/yong/tools/oss-cad-suite/share/verilator/include -I/home/yong/tools/oss-cad-suite/share/verilator/include/vltstd -DVERILATOR=1 -DVM_COVERAGE=0 -DVM_SC=0 -DVM_TIMING=1 -DVM_TRACE=0 -DVM_TRACE_FST=0 -DVM_TRACE_VCD=0 -DVM_TRACE_SAIF=0 -faligned-new -fcf-protection=none -Wno-bool-operation -Wno-int-in-bool-context -Wno-shadow -Wno-sign-compare -Wno-subobject-linkage -Wno-tautological-compare -Wno-uninitialized -Wno-unused-but-set-parameter -Wno-unused-but-set-variable -Wno-unused-parameter -Wno-unused-variable    -DVL_TIME_CONTEXT   -fcoroutines -x c++-header Vfence_probe_tb__pch.h -o Vfence_probe_tb__pch.h.slow.gch
g++ -Os  -I.  -MMD -I/home/yong/tools/oss-cad-suite/share/verilator/include -I/home/yong/tools/oss-cad-suite/share/verilator/include/vltstd -DVERILATOR=1 -DVM_COVERAGE=0 -DVM_SC=0 -DVM_TIMING=1 -DVM_TRACE=0 -DVM_TRACE_FST=0 -DVM_TRACE_VCD=0 -DVM_TRACE_SAIF=0 -faligned-new -fcf-protection=none -Wno-bool-operation -Wno-int-in-bool-context -Wno-shadow -Wno-sign-compare -Wno-subobject-linkage -Wno-tautological-compare -Wno-uninitialized -Wno-unused-but-set-parameter -Wno-unused-but-set-variable -Wno-unused-parameter -Wno-unused-variable    -DVL_TIME_CONTEXT   -fcoroutines -include Vfence_probe_tb__pch.h.fast -c -o Vfence_probe_tb.o Vfence_probe_tb.cpp
g++ -Os  -I.  -MMD -I/home/yong/tools/oss-cad-suite/share/verilator/include -I/home/yong/tools/oss-cad-suite/share/verilator/include/vltstd -DVERILATOR=1 -DVM_COVERAGE=0 -DVM_SC=0 -DVM_TIMING=1 -DVM_TRACE=0 -DVM_TRACE_FST=0 -DVM_TRACE_VCD=0 -DVM_TRACE_SAIF=0 -faligned-new -fcf-protection=none -Wno-bool-operation -Wno-int-in-bool-context -Wno-shadow -Wno-sign-compare -Wno-subobject-linkage -Wno-tautological-compare -Wno-uninitialized -Wno-unused-but-set-parameter -Wno-unused-but-set-variable -Wno-unused-parameter -Wno-unused-variable    -DVL_TIME_CONTEXT   -fcoroutines -include Vfence_probe_tb__pch.h.fast -c -o Vfence_probe_tb___024root__0.o Vfence_probe_tb___024root__0.cpp
g++ -Os  -I.  -MMD -I/home/yong/tools/oss-cad-suite/share/verilator/include -I/home/yong/tools/oss-cad-suite/share/verilator/include/vltstd -DVERILATOR=1 -DVM_COVERAGE=0 -DVM_SC=0 -DVM_TIMING=1 -DVM_TRACE=0 -DVM_TRACE_FST=0 -DVM_TRACE_VCD=0 -DVM_TRACE_SAIF=0 -faligned-new -fcf-protection=none -Wno-bool-operation -Wno-int-in-bool-context -Wno-shadow -Wno-sign-compare -Wno-subobject-linkage -Wno-tautological-compare -Wno-uninitialized -Wno-unused-but-set-parameter -Wno-unused-but-set-variable -Wno-unused-parameter -Wno-unused-variable    -DVL_TIME_CONTEXT   -fcoroutines -include Vfence_probe_tb__pch.h.fast -c -o Vfence_probe_tb___024root__1.o Vfence_probe_tb___024root__1.cpp
g++ -Os  -I.  -MMD -I/home/yong/tools/oss-cad-suite/share/verilator/include -I/home/yong/tools/oss-cad-suite/share/verilator/include/vltstd -DVERILATOR=1 -DVM_COVERAGE=0 -DVM_SC=0 -DVM_TIMING=1 -DVM_TRACE=0 -DVM_TRACE_FST=0 -DVM_TRACE_VCD=0 -DVM_TRACE_SAIF=0 -faligned-new -fcf-protection=none -Wno-bool-operation -Wno-int-in-bool-context -Wno-shadow -Wno-sign-compare -Wno-subobject-linkage -Wno-tautological-compare -Wno-uninitialized -Wno-unused-but-set-parameter -Wno-unused-but-set-variable -Wno-unused-parameter -Wno-unused-variable    -DVL_TIME_CONTEXT   -fcoroutines -include Vfence_probe_tb__pch.h.fast -c -o Vfence_probe_tb___024root__2.o Vfence_probe_tb___024root__2.cpp
g++ -Os  -I.  -MMD -I/home/yong/tools/oss-cad-suite/share/verilator/include -I/home/yong/tools/oss-cad-suite/share/verilator/include/vltstd -DVERILATOR=1 -DVM_COVERAGE=0 -DVM_SC=0 -DVM_TIMING=1 -DVM_TRACE=0 -DVM_TRACE_FST=0 -DVM_TRACE_VCD=0 -DVM_TRACE_SAIF=0 -faligned-new -fcf-protection=none -Wno-bool-operation -Wno-int-in-bool-context -Wno-shadow -Wno-sign-compare -Wno-subobject-linkage -Wno-tautological-compare -Wno-uninitialized -Wno-unused-but-set-parameter -Wno-unused-but-set-variable -Wno-unused-parameter -Wno-unused-variable    -DVL_TIME_CONTEXT   -fcoroutines -include Vfence_probe_tb__pch.h.fast -c -o Vfence_probe_tb__main.o Vfence_probe_tb__main.cpp
g++   -I.  -MMD -I/home/yong/tools/oss-cad-suite/share/verilator/include -I/home/yong/tools/oss-cad-suite/share/verilator/include/vltstd -DVERILATOR=1 -DVM_COVERAGE=0 -DVM_SC=0 -DVM_TIMING=1 -DVM_TRACE=0 -DVM_TRACE_FST=0 -DVM_TRACE_VCD=0 -DVM_TRACE_SAIF=0 -faligned-new -fcf-protection=none -Wno-bool-operation -Wno-int-in-bool-context -Wno-shadow -Wno-sign-compare -Wno-subobject-linkage -Wno-tautological-compare -Wno-uninitialized -Wno-unused-but-set-parameter -Wno-unused-but-set-variable -Wno-unused-parameter -Wno-unused-variable    -DVL_TIME_CONTEXT   -fcoroutines -include Vfence_probe_tb__pch.h.slow -c -o Vfence_probe_tb__ConstPool__0__Slow.o Vfence_probe_tb__ConstPool__0__Slow.cpp
g++   -I.  -MMD -I/home/yong/tools/oss-cad-suite/share/verilator/include -I/home/yong/tools/oss-cad-suite/share/verilator/include/vltstd -DVERILATOR=1 -DVM_COVERAGE=0 -DVM_SC=0 -DVM_TIMING=1 -DVM_TRACE=0 -DVM_TRACE_FST=0 -DVM_TRACE_VCD=0 -DVM_TRACE_SAIF=0 -faligned-new -fcf-protection=none -Wno-bool-operation -Wno-int-in-bool-context -Wno-shadow -Wno-sign-compare -Wno-subobject-linkage -Wno-tautological-compare -Wno-uninitialized -Wno-unused-but-set-parameter -Wno-unused-but-set-variable -Wno-unused-parameter -Wno-unused-variable    -DVL_TIME_CONTEXT   -fcoroutines -include Vfence_probe_tb__pch.h.slow -c -o Vfence_probe_tb___024root__Slow.o Vfence_probe_tb___024root__Slow.cpp
g++   -I.  -MMD -I/home/yong/tools/oss-cad-suite/share/verilator/include -I/home/yong/tools/oss-cad-suite/share/verilator/include/vltstd -DVERILATOR=1 -DVM_COVERAGE=0 -DVM_SC=0 -DVM_TIMING=1 -DVM_TRACE=0 -DVM_TRACE_FST=0 -DVM_TRACE_VCD=0 -DVM_TRACE_SAIF=0 -faligned-new -fcf-protection=none -Wno-bool-operation -Wno-int-in-bool-context -Wno-shadow -Wno-sign-compare -Wno-subobject-linkage -Wno-tautological-compare -Wno-uninitialized -Wno-unused-but-set-parameter -Wno-unused-but-set-variable -Wno-unused-parameter -Wno-unused-variable    -DVL_TIME_CONTEXT   -fcoroutines -include Vfence_probe_tb__pch.h.slow -c -o Vfence_probe_tb___024root__0__Slow.o Vfence_probe_tb___024root__0__Slow.cpp
g++   -I.  -MMD -I/home/yong/tools/oss-cad-suite/share/verilator/include -I/home/yong/tools/oss-cad-suite/share/verilator/include/vltstd -DVERILATOR=1 -DVM_COVERAGE=0 -DVM_SC=0 -DVM_TIMING=1 -DVM_TRACE=0 -DVM_TRACE_FST=0 -DVM_TRACE_VCD=0 -DVM_TRACE_SAIF=0 -faligned-new -fcf-protection=none -Wno-bool-operation -Wno-int-in-bool-context -Wno-shadow -Wno-sign-compare -Wno-subobject-linkage -Wno-tautological-compare -Wno-uninitialized -Wno-unused-but-set-parameter -Wno-unused-but-set-variable -Wno-unused-parameter -Wno-unused-variable    -DVL_TIME_CONTEXT   -fcoroutines -include Vfence_probe_tb__pch.h.slow -c -o Vfence_probe_tb___024root__1__Slow.o Vfence_probe_tb___024root__1__Slow.cpp
g++   -I.  -MMD -I/home/yong/tools/oss-cad-suite/share/verilator/include -I/home/yong/tools/oss-cad-suite/share/verilator/include/vltstd -DVERILATOR=1 -DVM_COVERAGE=0 -DVM_SC=0 -DVM_TIMING=1 -DVM_TRACE=0 -DVM_TRACE_FST=0 -DVM_TRACE_VCD=0 -DVM_TRACE_SAIF=0 -faligned-new -fcf-protection=none -Wno-bool-operation -Wno-int-in-bool-context -Wno-shadow -Wno-sign-compare -Wno-subobject-linkage -Wno-tautological-compare -Wno-uninitialized -Wno-unused-but-set-parameter -Wno-unused-but-set-variable -Wno-unused-parameter -Wno-unused-variable    -DVL_TIME_CONTEXT   -fcoroutines -include Vfence_probe_tb__pch.h.slow -c -o Vfence_probe_tb__Syms__Slow.o Vfence_probe_tb__Syms__Slow.cpp
g++    verilated.o verilated_timing.o verilated_threads.o Vfence_probe_tb__ALL.a    -pthread -lpthread -latomic   -o Vfence_probe_tb
rm Vfence_probe_tb__ALL.verilator_deplist.tmp
make: Leaving directory '/home/yong/ysyx/ysyx-workbench-rv32-interview/npc/result/verification/rv32-fence-error-audit-20260921/obj'
- V e r i l a t i o n   R e p o r t: Verilator 5.043 devel rev v5.042-244-g4080284e5
- Verilator: Built from 9.012 MB sources in 43 modules, into 2.563 MB in 10 C++ files needing 0.004 MB
- Verilator: Walltime 9.970 s (elab=0.062, cvt=0.361, bld=9.428); cpu 0.589 s on 2 threads; alloced 240.098 MB
