make: Entering directory '/home/yong/ysyx/ysyx-workbench-rv32-interview/npc'
verilator --binary --timing --assert -Wno-fatal -j 2 +define+YSYX_RV64_SEQUENTIAL  +define+YSYX_ICACHE_CAPACITY_BYTES=64 +define+YSYX_ICACHE_WAY_COUNT=2 +define+YSYX_ICACHE_LINE_BYTES=16 +define+YSYX_DCACHE_ENABLE=1 +define+YSYX_DCACHE_CAPACITY_BYTES=1024 +define+YSYX_DCACHE_WAY_COUNT=2 +define+YSYX_DCACHE_LINE_BYTES=32 +define+YSYX_BRANCH_HISTORY_ENTRY_COUNT=16 +define+YSYX_BRANCH_TARGET_ENTRY_COUNT=16 +define+YSYX_BRANCH_TARGET_WAY_COUNT=2 +define+YSYX_RETURN_STACK_ENTRY_COUNT=4 +define+YSYX_SDRAM_NATIVE_READ_BURST=1 \
	--top-module riscv32_dcache_miss_contract_tb \
	/home/yong/ysyx/ysyx-workbench-rv32-interview/npc/vsrc/riscv32/common/riscv_config_pkg.sv /home/yong/ysyx/ysyx-workbench-rv32-interview/npc/vsrc/riscv32/common/riscv32_addr_map_pkg.sv \
	/home/yong/ysyx/ysyx-workbench-rv32-interview/npc/vsrc/riscv32/common/riscv32_pkg.sv /home/yong/ysyx/ysyx-workbench-rv32-interview/npc/vsrc/riscv32/core/memory/riscv32_dcache_miss_unit.sv \
	/home/yong/ysyx/ysyx-workbench-rv32-interview/npc/tests/rtl/riscv32_dcache_miss_contract_tb.sv \
	--Mdir /home/yong/ysyx/ysyx-workbench-rv32-interview/npc/build/riscv32/rv64-sequential/icache-64b-way-2-line-16b/dcache-1024b-way-2-line-32b/predictor-bht-16-btb-16x2-ras-4/obj_dir_dcache_miss_test
%Warning-WIDTHEXPAND: /home/yong/ysyx/ysyx-workbench-rv32-interview/npc/tests/rtl/riscv32_dcache_miss_contract_tb.sv:87:53: Operator ADD expects 64 bits on the LHS, but LHS's CONST '32'h12000000' generates 32 bits.
                                                                                                                          : ... note: In instance 'riscv32_dcache_miss_contract_tb'
   87 |       victim_data[way] <= core_data_t'(32'h12000000 + int'(victim_word));
      |                                                     ^
                      ... For warning description see https://verilator.org/warn/WIDTHEXPAND?v=5.043
                      ... Use "/* verilator lint_off WIDTHEXPAND */" and lint_on around source to disable this message.
%Warning-WIDTHEXPAND: /home/yong/ysyx/ysyx-workbench-rv32-interview/npc/tests/rtl/riscv32_dcache_miss_contract_tb.sv:87:53: Operator ADD expects 64 bits on the RHS, but RHS's CASTWRAP generates 32 bits.
                                                                                                                          : ... note: In instance 'riscv32_dcache_miss_contract_tb'
   87 |       victim_data[way] <= core_data_t'(32'h12000000 + int'(victim_word));
      |                                                     ^
%Warning-WIDTHEXPAND: /home/yong/ysyx/ysyx-workbench-rv32-interview/npc/tests/rtl/riscv32_dcache_miss_contract_tb.sv:131:39: Operator ADD expects 64 bits on the LHS, but LHS's CONST '32'h12000000' generates 32 bits.
                                                                                                                           : ... note: In instance 'riscv32_dcache_miss_contract_tb'
  131 |              core_data_t'(32'h12000000+word_index))
      |                                       ^
%Warning-WIDTHEXPAND: /home/yong/ysyx/ysyx-workbench-rv32-interview/npc/tests/rtl/riscv32_dcache_miss_contract_tb.sv:131:39: Operator ADD expects 64 bits on the RHS, but RHS's VARREF 'word_index' generates 32 bits.
                                                                                                                           : ... note: In instance 'riscv32_dcache_miss_contract_tb'
  131 |              core_data_t'(32'h12000000+word_index))
      |                                       ^
%Warning-WIDTHEXPAND: /home/yong/ysyx/ysyx-workbench-rv32-interview/npc/tests/rtl/riscv32_dcache_miss_contract_tb.sv:189:64: Operator ADD expects 64 bits on the LHS, but LHS's CONST '32'h34000000' generates 32 bits.
                                                                                                                           : ... note: In instance 'riscv32_dcache_miss_contract_tb'
  189 |       refill_response.word_data    = core_data_t'(32'h34000000 + word_index);
      |                                                                ^
%Warning-WIDTHEXPAND: /home/yong/ysyx/ysyx-workbench-rv32-interview/npc/tests/rtl/riscv32_dcache_miss_contract_tb.sv:189:64: Operator ADD expects 64 bits on the RHS, but RHS's VARREF 'word_index' generates 32 bits.
                                                                                                                           : ... note: In instance 'riscv32_dcache_miss_contract_tb'
  189 |       refill_response.word_data    = core_data_t'(32'h34000000 + word_index);
      |                                                                ^
%Warning-WIDTHEXPAND: /home/yong/ysyx/ysyx-workbench-rv32-interview/npc/tests/rtl/riscv32_dcache_miss_contract_tb.sv:227:54: Operator ADD expects 64 bits on the LHS, but LHS's CONST '32'h12000000' generates 32 bits.
                                                                                                                           : ... note: In instance 'riscv32_dcache_miss_contract_tb'
  227 |                 data_value==core_data_t'(32'h12000000+word_index) && data_strobe=='1 &&
      |                                                      ^
%Warning-WIDTHEXPAND: /home/yong/ysyx/ysyx-workbench-rv32-interview/npc/tests/rtl/riscv32_dcache_miss_contract_tb.sv:227:54: Operator ADD expects 64 bits on the RHS, but RHS's VARREF 'word_index' generates 32 bits.
                                                                                                                           : ... note: In instance 'riscv32_dcache_miss_contract_tb'
  227 |                 data_value==core_data_t'(32'h12000000+word_index) && data_strobe=='1 &&
      |                                                      ^
%Warning-WIDTHEXPAND: /home/yong/ysyx/ysyx-workbench-rv32-interview/npc/tests/rtl/riscv32_dcache_miss_contract_tb.sv:242:55: Operator ADD expects 64 bits on the LHS, but LHS's CONST '32'h34000000' generates 32 bits.
                                                                                                                           : ... note: In instance 'riscv32_dcache_miss_contract_tb'
  242 |              held.read_data==core_data_t'(32'h34000000+critical) && held.access_fault==expected_fault)
      |                                                       ^
%Warning-WIDTHEXPAND: /home/yong/ysyx/ysyx-workbench-rv32-interview/npc/tests/rtl/riscv32_dcache_miss_contract_tb.sv:242:55: Operator ADD expects 64 bits on the RHS, but RHS's VARREF 'critical' generates 32 bits.
                                                                                                                           : ... note: In instance 'riscv32_dcache_miss_contract_tb'
  242 |              held.read_data==core_data_t'(32'h34000000+critical) && held.access_fault==expected_fault)
      |                                                       ^
make[1]: Entering directory '/home/yong/ysyx/ysyx-workbench-rv32-interview/npc/build/riscv32/rv64-sequential/icache-64b-way-2-line-16b/dcache-1024b-way-2-line-32b/predictor-bht-16-btb-16x2-ras-4/obj_dir_dcache_miss_test'
g++ -Os  -I.  -MMD -I/home/yong/tools/oss-cad-suite/share/verilator/include -I/home/yong/tools/oss-cad-suite/share/verilator/include/vltstd -DVERILATOR=1 -DVM_COVERAGE=0 -DVM_SC=0 -DVM_TIMING=1 -DVM_TRACE=0 -DVM_TRACE_FST=0 -DVM_TRACE_VCD=0 -DVM_TRACE_SAIF=0 -faligned-new -fcf-protection=none -Wno-bool-operation -Wno-int-in-bool-context -Wno-shadow -Wno-sign-compare -Wno-subobject-linkage -Wno-tautological-compare -Wno-uninitialized -Wno-unused-but-set-parameter -Wno-unused-but-set-variable -Wno-unused-parameter -Wno-unused-variable    -DVL_TIME_CONTEXT   -fcoroutines -c -o verilated.o /home/yong/tools/oss-cad-suite/share/verilator/include/verilated.cpp
g++ -Os  -I.  -MMD -I/home/yong/tools/oss-cad-suite/share/verilator/include -I/home/yong/tools/oss-cad-suite/share/verilator/include/vltstd -DVERILATOR=1 -DVM_COVERAGE=0 -DVM_SC=0 -DVM_TIMING=1 -DVM_TRACE=0 -DVM_TRACE_FST=0 -DVM_TRACE_VCD=0 -DVM_TRACE_SAIF=0 -faligned-new -fcf-protection=none -Wno-bool-operation -Wno-int-in-bool-context -Wno-shadow -Wno-sign-compare -Wno-subobject-linkage -Wno-tautological-compare -Wno-uninitialized -Wno-unused-but-set-parameter -Wno-unused-but-set-variable -Wno-unused-parameter -Wno-unused-variable    -DVL_TIME_CONTEXT   -fcoroutines -c -o verilated_timing.o /home/yong/tools/oss-cad-suite/share/verilator/include/verilated_timing.cpp
g++ -Os  -I.  -MMD -I/home/yong/tools/oss-cad-suite/share/verilator/include -I/home/yong/tools/oss-cad-suite/share/verilator/include/vltstd -DVERILATOR=1 -DVM_COVERAGE=0 -DVM_SC=0 -DVM_TIMING=1 -DVM_TRACE=0 -DVM_TRACE_FST=0 -DVM_TRACE_VCD=0 -DVM_TRACE_SAIF=0 -faligned-new -fcf-protection=none -Wno-bool-operation -Wno-int-in-bool-context -Wno-shadow -Wno-sign-compare -Wno-subobject-linkage -Wno-tautological-compare -Wno-uninitialized -Wno-unused-but-set-parameter -Wno-unused-but-set-variable -Wno-unused-parameter -Wno-unused-variable    -DVL_TIME_CONTEXT   -fcoroutines -c -o verilated_threads.o /home/yong/tools/oss-cad-suite/share/verilator/include/verilated_threads.cpp
python3 /home/yong/tools/oss-cad-suite/share/verilator/bin/verilator_includer -DVL_INCLUDE_OPT=include Vriscv32_dcache_miss_contract_tb.cpp Vriscv32_dcache_miss_contract_tb___024root__0.cpp Vriscv32_dcache_miss_contract_tb__main.cpp Vriscv32_dcache_miss_contract_tb___024root__Slow.cpp Vriscv32_dcache_miss_contract_tb___024root__0__Slow.cpp Vriscv32_dcache_miss_contract_tb__Syms__Slow.cpp > Vriscv32_dcache_miss_contract_tb__ALL.cpp
g++ -Os  -I.  -MMD -I/home/yong/tools/oss-cad-suite/share/verilator/include -I/home/yong/tools/oss-cad-suite/share/verilator/include/vltstd -DVERILATOR=1 -DVM_COVERAGE=0 -DVM_SC=0 -DVM_TIMING=1 -DVM_TRACE=0 -DVM_TRACE_FST=0 -DVM_TRACE_VCD=0 -DVM_TRACE_SAIF=0 -faligned-new -fcf-protection=none -Wno-bool-operation -Wno-int-in-bool-context -Wno-shadow -Wno-sign-compare -Wno-subobject-linkage -Wno-tautological-compare -Wno-uninitialized -Wno-unused-but-set-parameter -Wno-unused-but-set-variable -Wno-unused-parameter -Wno-unused-variable    -DVL_TIME_CONTEXT   -fcoroutines -c -o Vriscv32_dcache_miss_contract_tb__ALL.o Vriscv32_dcache_miss_contract_tb__ALL.cpp
g++    verilated.o verilated_timing.o verilated_threads.o Vriscv32_dcache_miss_contract_tb__ALL.a    -pthread -lpthread -latomic   -o Vriscv32_dcache_miss_contract_tb
rm Vriscv32_dcache_miss_contract_tb__ALL.verilator_deplist.tmp
make[1]: Leaving directory '/home/yong/ysyx/ysyx-workbench-rv32-interview/npc/build/riscv32/rv64-sequential/icache-64b-way-2-line-16b/dcache-1024b-way-2-line-32b/predictor-bht-16-btb-16x2-ras-4/obj_dir_dcache_miss_test'
- V e r i l a t i o n   R e p o r t: Verilator 5.043 devel rev v5.042-244-g4080284e5
- Verilator: Built from 0.276 MB sources in 6 modules, into 0.727 MB in 6 C++ files needing 0.001 MB
- Verilator: Walltime 6.311 s (elab=0.007, cvt=0.046, bld=6.234); cpu 0.086 s on 2 threads; alloced 221.016 MB
/home/yong/ysyx/ysyx-workbench-rv32-interview/npc/build/riscv32/rv64-sequential/icache-64b-way-2-line-16b/dcache-1024b-way-2-line-32b/predictor-bht-16-btb-16x2-ras-4/obj_dir_dcache_miss_test/Vriscv32_dcache_miss_contract_tb
BOUNDARIES capture_waits=0 refill_waits=36
PASS D-cache miss contract: 102 cases, R/B order, faults, response stalls, allocation bypass, clean
- /home/yong/ysyx/ysyx-workbench-rv32-interview/npc/tests/rtl/riscv32_dcache_miss_contract_tb.sv:323: Verilog $finish
- S i m u l a t i o n   R e p o r t: Verilator 5.043 devel
- Verilator: $finish at 17ns; walltime 0.001 s; speed 18.188 us/s
- Verilator: cpu 0.001 s on 1 threads; alloced 6 MB
python3 scripts/test_cache_recovery.py --test cache --output "/home/yong/ysyx/ysyx-workbench-rv32-interview/npc/result/verification/rv32-fence-error-fix-20260921/rv64" +define+YSYX_RV64_SEQUENTIAL  +define+YSYX_ICACHE_CAPACITY_BYTES=64 +define+YSYX_ICACHE_WAY_COUNT=2 +define+YSYX_ICACHE_LINE_BYTES=16 +define+YSYX_DCACHE_ENABLE=1 +define+YSYX_DCACHE_CAPACITY_BYTES=1024 +define+YSYX_DCACHE_WAY_COUNT=2 +define+YSYX_DCACHE_LINE_BYTES=32 +define+YSYX_BRANCH_HISTORY_ENTRY_COUNT=16 +define+YSYX_BRANCH_TARGET_ENTRY_COUNT=16 +define+YSYX_BRANCH_TARGET_WAY_COUNT=2 +define+YSYX_RETURN_STACK_ENTRY_COUNT=4 +define+YSYX_SDRAM_NATIVE_READ_BURST=1
PASS cache: 75 cases
verilator --binary --timing --assert -Wall -Wno-fatal -Wno-UNUSEDPARAM \
	-Wno-UNUSEDSIGNAL \
	+define+YSYX_RV64_SEQUENTIAL  +define+YSYX_ICACHE_CAPACITY_BYTES=64 +define+YSYX_ICACHE_WAY_COUNT=2 +define+YSYX_ICACHE_LINE_BYTES=16 +define+YSYX_DCACHE_ENABLE=1 +define+YSYX_DCACHE_CAPACITY_BYTES=1024 +define+YSYX_DCACHE_WAY_COUNT=2 +define+YSYX_DCACHE_LINE_BYTES=32 +define+YSYX_BRANCH_HISTORY_ENTRY_COUNT=16 +define+YSYX_BRANCH_TARGET_ENTRY_COUNT=16 +define+YSYX_BRANCH_TARGET_WAY_COUNT=2 +define+YSYX_RETURN_STACK_ENTRY_COUNT=4 +define+YSYX_SDRAM_NATIVE_READ_BURST=1 \
	--top-module riscv32_exu_alu_tb \
	/home/yong/ysyx/ysyx-workbench-rv32-interview/npc/vsrc/riscv32/common/riscv_config_pkg.sv /home/yong/ysyx/ysyx-workbench-rv32-interview/npc/vsrc/riscv32/common/riscv32_addr_map_pkg.sv /home/yong/ysyx/ysyx-workbench-rv32-interview/npc/vsrc/riscv32/common/riscv32_pkg.sv /home/yong/ysyx/ysyx-workbench-rv32-interview/npc/vsrc/riscv32/core/execute/riscv32_exu.sv /home/yong/ysyx/ysyx-workbench-rv32-interview/npc/tests/rtl/riscv32_exu_alu_tb.sv \
	--Mdir /home/yong/ysyx/ysyx-workbench-rv32-interview/npc/build/riscv32/rv64-sequential/icache-64b-way-2-line-16b/dcache-1024b-way-2-line-32b/predictor-bht-16-btb-16x2-ras-4/obj_dir_exu_test \
	-o /home/yong/ysyx/ysyx-workbench-rv32-interview/npc/build/riscv32/rv64-sequential/icache-64b-way-2-line-16b/dcache-1024b-way-2-line-32b/predictor-bht-16-btb-16x2-ras-4/exu_alu_test
%Warning-PINCONNECTEMPTY: /home/yong/ysyx/ysyx-workbench-rv32-interview/npc/tests/rtl/riscv32_exu_alu_tb.sv:13:8: Instance pin connected by name with empty reference: 'sequential_redirect_o'
   13 |       .sequential_redirect_o(), .sequential_redirect_valid_o(),
      |        ^~~~~~~~~~~~~~~~~~~~~
                          ... For warning description see https://verilator.org/warn/PINCONNECTEMPTY?v=5.043
                          ... Use "/* verilator lint_off PINCONNECTEMPTY */" and lint_on around source to disable this message.
%Warning-PINCONNECTEMPTY: /home/yong/ysyx/ysyx-workbench-rv32-interview/npc/tests/rtl/riscv32_exu_alu_tb.sv:13:34: Instance pin connected by name with empty reference: 'sequential_redirect_valid_o'
   13 |       .sequential_redirect_o(), .sequential_redirect_valid_o(),
      |                                  ^~~~~~~~~~~~~~~~~~~~~~~~~~~
make[1]: Entering directory '/home/yong/ysyx/ysyx-workbench-rv32-interview/npc/build/riscv32/rv64-sequential/icache-64b-way-2-line-16b/dcache-1024b-way-2-line-32b/predictor-bht-16-btb-16x2-ras-4/obj_dir_exu_test'
g++ -Os  -I.  -MMD -I/home/yong/tools/oss-cad-suite/share/verilator/include -I/home/yong/tools/oss-cad-suite/share/verilator/include/vltstd -DVERILATOR=1 -DVM_COVERAGE=0 -DVM_SC=0 -DVM_TIMING=1 -DVM_TRACE=0 -DVM_TRACE_FST=0 -DVM_TRACE_VCD=0 -DVM_TRACE_SAIF=0 -faligned-new -fcf-protection=none -Wno-bool-operation -Wno-int-in-bool-context -Wno-shadow -Wno-sign-compare -Wno-subobject-linkage -Wno-tautological-compare -Wno-uninitialized -Wno-unused-but-set-parameter -Wno-unused-but-set-variable -Wno-unused-parameter -Wno-unused-variable    -DVL_TIME_CONTEXT   -fcoroutines -c -o verilated.o /home/yong/tools/oss-cad-suite/share/verilator/include/verilated.cpp
g++ -Os  -I.  -MMD -I/home/yong/tools/oss-cad-suite/share/verilator/include -I/home/yong/tools/oss-cad-suite/share/verilator/include/vltstd -DVERILATOR=1 -DVM_COVERAGE=0 -DVM_SC=0 -DVM_TIMING=1 -DVM_TRACE=0 -DVM_TRACE_FST=0 -DVM_TRACE_VCD=0 -DVM_TRACE_SAIF=0 -faligned-new -fcf-protection=none -Wno-bool-operation -Wno-int-in-bool-context -Wno-shadow -Wno-sign-compare -Wno-subobject-linkage -Wno-tautological-compare -Wno-uninitialized -Wno-unused-but-set-parameter -Wno-unused-but-set-variable -Wno-unused-parameter -Wno-unused-variable    -DVL_TIME_CONTEXT   -fcoroutines -c -o verilated_timing.o /home/yong/tools/oss-cad-suite/share/verilator/include/verilated_timing.cpp
g++ -Os  -I.  -MMD -I/home/yong/tools/oss-cad-suite/share/verilator/include -I/home/yong/tools/oss-cad-suite/share/verilator/include/vltstd -DVERILATOR=1 -DVM_COVERAGE=0 -DVM_SC=0 -DVM_TIMING=1 -DVM_TRACE=0 -DVM_TRACE_FST=0 -DVM_TRACE_VCD=0 -DVM_TRACE_SAIF=0 -faligned-new -fcf-protection=none -Wno-bool-operation -Wno-int-in-bool-context -Wno-shadow -Wno-sign-compare -Wno-subobject-linkage -Wno-tautological-compare -Wno-uninitialized -Wno-unused-but-set-parameter -Wno-unused-but-set-variable -Wno-unused-parameter -Wno-unused-variable    -DVL_TIME_CONTEXT   -fcoroutines -c -o verilated_threads.o /home/yong/tools/oss-cad-suite/share/verilator/include/verilated_threads.cpp
python3 /home/yong/tools/oss-cad-suite/share/verilator/bin/verilator_includer -DVL_INCLUDE_OPT=include Vriscv32_exu_alu_tb.cpp Vriscv32_exu_alu_tb___024root__0.cpp Vriscv32_exu_alu_tb__main.cpp Vriscv32_exu_alu_tb__ConstPool__0__Slow.cpp Vriscv32_exu_alu_tb___024root__Slow.cpp Vriscv32_exu_alu_tb___024root__0__Slow.cpp Vriscv32_exu_alu_tb__Syms__Slow.cpp > Vriscv32_exu_alu_tb__ALL.cpp
g++ -Os  -I.  -MMD -I/home/yong/tools/oss-cad-suite/share/verilator/include -I/home/yong/tools/oss-cad-suite/share/verilator/include/vltstd -DVERILATOR=1 -DVM_COVERAGE=0 -DVM_SC=0 -DVM_TIMING=1 -DVM_TRACE=0 -DVM_TRACE_FST=0 -DVM_TRACE_VCD=0 -DVM_TRACE_SAIF=0 -faligned-new -fcf-protection=none -Wno-bool-operation -Wno-int-in-bool-context -Wno-shadow -Wno-sign-compare -Wno-subobject-linkage -Wno-tautological-compare -Wno-uninitialized -Wno-unused-but-set-parameter -Wno-unused-but-set-variable -Wno-unused-parameter -Wno-unused-variable    -DVL_TIME_CONTEXT   -fcoroutines -c -o Vriscv32_exu_alu_tb__ALL.o Vriscv32_exu_alu_tb__ALL.cpp
g++    verilated.o verilated_timing.o verilated_threads.o Vriscv32_exu_alu_tb__ALL.a    -pthread -lpthread -latomic   -o /home/yong/ysyx/ysyx-workbench-rv32-interview/npc/build/riscv32/rv64-sequential/icache-64b-way-2-line-16b/dcache-1024b-way-2-line-32b/predictor-bht-16-btb-16x2-ras-4/exu_alu_test
rm Vriscv32_exu_alu_tb__ALL.verilator_deplist.tmp
make[1]: Leaving directory '/home/yong/ysyx/ysyx-workbench-rv32-interview/npc/build/riscv32/rv64-sequential/icache-64b-way-2-line-16b/dcache-1024b-way-2-line-32b/predictor-bht-16-btb-16x2-ras-4/obj_dir_exu_test'
- V e r i l a t i o n   R e p o r t: Verilator 5.043 devel rev v5.042-244-g4080284e5
- Verilator: Built from 0.244 MB sources in 6 modules, into 0.256 MB in 7 C++ files needing 0.001 MB
- Verilator: Walltime 7.706 s (elab=0.005, cvt=0.023, bld=7.656); cpu 0.050 s on 1 threads; alloced 23.082 MB
/home/yong/ysyx/ysyx-workbench-rv32-interview/npc/build/riscv32/rv64-sequential/icache-64b-way-2-line-16b/dcache-1024b-way-2-line-32b/predictor-bht-16-btb-16x2-ras-4/exu_alu_test
EXU directed ALU test passed for XLEN=64
- /home/yong/ysyx/ysyx-workbench-rv32-interview/npc/tests/rtl/riscv32_exu_alu_tb.sv:153: Verilog $finish
- S i m u l a t i o n   R e p o r t: Verilator 5.043 devel
- Verilator: $finish at 17ps; walltime 0.000 s; speed 153.153 ns/s
- Verilator: cpu 0.000 s on 1 threads; alloced 6 MB
python3 scripts/test_frontend.py --test fetch --output "/home/yong/ysyx/ysyx-workbench-rv32-interview/npc/build/tests/frontend" +define+YSYX_RV64_SEQUENTIAL  +define+YSYX_ICACHE_CAPACITY_BYTES=64 +define+YSYX_ICACHE_WAY_COUNT=2 +define+YSYX_ICACHE_LINE_BYTES=16 +define+YSYX_DCACHE_ENABLE=1 +define+YSYX_DCACHE_CAPACITY_BYTES=1024 +define+YSYX_DCACHE_WAY_COUNT=2 +define+YSYX_DCACHE_LINE_BYTES=32 +define+YSYX_BRANCH_HISTORY_ENTRY_COUNT=16 +define+YSYX_BRANCH_TARGET_ENTRY_COUNT=16 +define+YSYX_BRANCH_TARGET_WAY_COUNT=2 +define+YSYX_RETURN_STACK_ENTRY_COUNT=4 +define+YSYX_SDRAM_NATIVE_READ_BURST=1
PASS fetch taken loop: 100 deliveries, target interval 1 cycle
- /home/yong/ysyx/ysyx-workbench-rv32-interview/npc/tests/rtl/riscv32_fetch_contract_tb.sv:73: Verilog $finish
- S i m u l a t i o n   R e p o r t: Verilator 5.043 devel
- Verilator: $finish at 1ns; walltime 0.000 s; speed 8.023 us/s
- Verilator: cpu 0.000 s on 1 threads; alloced 6 MB

make: Leaving directory '/home/yong/ysyx/ysyx-workbench-rv32-interview/npc'
