make: Entering directory '/home/yong/ysyx/ysyx-workbench-rv32-interview/npc'
python3 tests/exception/run.py --output "/home/yong/ysyx/ysyx-workbench-rv32-interview/npc/result/verification/rv32-fence-error-fix-20260921/exception" +define+YSYX_RV32_BASELINE  +define+YSYX_ICACHE_CAPACITY_BYTES=256 +define+YSYX_ICACHE_WAY_COUNT=1 +define+YSYX_ICACHE_LINE_BYTES=16 +define+YSYX_DCACHE_ENABLE=1 +define+YSYX_DCACHE_CAPACITY_BYTES=256 +define+YSYX_DCACHE_WAY_COUNT=2 +define+YSYX_DCACHE_LINE_BYTES=16 +define+YSYX_BRANCH_HISTORY_ENTRY_COUNT=16 +define+YSYX_BRANCH_TARGET_ENTRY_COUNT=16 +define+YSYX_BRANCH_TARGET_WAY_COUNT=2 +define+YSYX_RETURN_STACK_ENTRY_COUNT=4 +define+YSYX_SDRAM_NATIVE_READ_BURST=1
Precise exception: 40/40 passed
python3 tests/interrupt/run.py +define+YSYX_RV32_BASELINE  +define+YSYX_ICACHE_CAPACITY_BYTES=256 +define+YSYX_ICACHE_WAY_COUNT=1 +define+YSYX_ICACHE_LINE_BYTES=16 +define+YSYX_DCACHE_ENABLE=1 +define+YSYX_DCACHE_CAPACITY_BYTES=256 +define+YSYX_DCACHE_WAY_COUNT=2 +define+YSYX_DCACHE_LINE_BYTES=16 +define+YSYX_BRANCH_HISTORY_ENTRY_COUNT=16 +define+YSYX_BRANCH_TARGET_ENTRY_COUNT=16 +define+YSYX_BRANCH_TARGET_WAY_COUNT=2 +define+YSYX_RETURN_STACK_ENTRY_COUNT=4 +define+YSYX_SDRAM_NATIVE_READ_BURST=1
+ riscv64-linux-gnu-gcc -march=rv32i_zicsr_zifencei -mabi=ilp32 -nostdlib -static -fno-pic -fno-pie -mcmodel=medany -ffreestanding -fno-builtin -fno-stack-protector -ffunction-sections -fdata-sections -msmall-data-limit=0 -O2 -Wall -Werror -Wl,--no-relax,--build-id=none,--gc-sections,-e,_start -Wl,-T,/home/yong/ysyx/ysyx-workbench-rv32-interview/npc/build/tests/interrupt/test.ld /home/yong/ysyx/ysyx-workbench-rv32-interview/npc/tests/interrupt/timer_interrupt.S -o /home/yong/ysyx/ysyx-workbench-rv32-interview/npc/build/tests/interrupt/timer_interrupt.elf
+ riscv64-linux-gnu-objcopy -O binary /home/yong/ysyx/ysyx-workbench-rv32-interview/npc/build/tests/interrupt/timer_interrupt.elf /home/yong/ysyx/ysyx-workbench-rv32-interview/npc/build/tests/interrupt/timer_interrupt.bin
+ riscv64-linux-gnu-gcc -march=rv32i_zicsr_zifencei -mabi=ilp32 -nostdlib -static -fno-pic -fno-pie -mcmodel=medany -ffreestanding -fno-builtin -fno-stack-protector -ffunction-sections -fdata-sections -msmall-data-limit=0 -O2 -Wall -Werror -Wl,--no-relax,--build-id=none,--gc-sections,-e,_start -Wl,-T,/home/yong/ysyx/ysyx-workbench-rv32-interview/npc/build/tests/interrupt/test.ld -DARCH_H="arch/riscv.h" -I/home/yong/ysyx/ysyx-workbench-rv32-interview/abstract-machine/am/include -I/home/yong/ysyx/ysyx-workbench-rv32-interview/abstract-machine/am/src -I/home/yong/ysyx/ysyx-workbench-rv32-interview/abstract-machine/klib/include /home/yong/ysyx/ysyx-workbench-rv32-interview/npc/tests/interrupt/am_start.S /home/yong/ysyx/ysyx-workbench-rv32-interview/npc/tests/interrupt/am_timer.c /home/yong/ysyx/ysyx-workbench-rv32-interview/abstract-machine/am/src/riscv/npc/cte.c /home/yong/ysyx/ysyx-workbench-rv32-interview/abstract-machine/am/src/riscv/npc/trap.S -o /home/yong/ysyx/ysyx-workbench-rv32-interview/npc/build/tests/interrupt/am_timer.elf
+ riscv64-linux-gnu-objcopy -O binary /home/yong/ysyx/ysyx-workbench-rv32-interview/npc/build/tests/interrupt/am_timer.elf /home/yong/ysyx/ysyx-workbench-rv32-interview/npc/build/tests/interrupt/am_timer.bin
+ verilator --binary --timing --assert -Wno-fatal -j 2 --top-module riscv32_timer_system_tb --Mdir /home/yong/ysyx/ysyx-workbench-rv32-interview/npc/build/tests/interrupt/system_obj +define+YSYX_RV32_BASELINE +define+YSYX_ICACHE_CAPACITY_BYTES=256 +define+YSYX_ICACHE_WAY_COUNT=1 +define+YSYX_ICACHE_LINE_BYTES=16 +define+YSYX_DCACHE_ENABLE=1 +define+YSYX_DCACHE_CAPACITY_BYTES=256 +define+YSYX_DCACHE_WAY_COUNT=2 +define+YSYX_DCACHE_LINE_BYTES=16 +define+YSYX_BRANCH_HISTORY_ENTRY_COUNT=16 +define+YSYX_BRANCH_TARGET_ENTRY_COUNT=16 +define+YSYX_BRANCH_TARGET_WAY_COUNT=2 +define+YSYX_RETURN_STACK_ENTRY_COUNT=4 +define+YSYX_SDRAM_NATIVE_READ_BURST=1 -f /home/yong/ysyx/ysyx-workbench-rv32-interview/npc/vsrc/riscv32/filelist/filelist.f /home/yong/ysyx/ysyx-workbench-rv32-interview/npc/tests/interrupt/riscv32_timer_system_tb.sv
+ /home/yong/ysyx/ysyx-workbench-rv32-interview/npc/build/tests/interrupt/system_obj/Vriscv32_timer_system_tb +image=/home/yong/ysyx/ysyx-workbench-rv32-interview/npc/build/tests/interrupt/timer_interrupt.hex +delay=0
PASS RV32 timer system am=0 delay=0 cycles=34187 irq=11 retired=3998 write_beats=5056 pending_load=4108 pending_store=135 pending_fault=4068 empty_frontend_irq=1
+ /home/yong/ysyx/ysyx-workbench-rv32-interview/npc/build/tests/interrupt/system_obj/Vriscv32_timer_system_tb +image=/home/yong/ysyx/ysyx-workbench-rv32-interview/npc/build/tests/interrupt/timer_interrupt.hex +delay=17
PASS RV32 timer system am=0 delay=17 cycles=38032 irq=11 retired=2182 write_beats=2332 pending_load=4459 pending_store=301 pending_fault=4115 empty_frontend_irq=1
+ /home/yong/ysyx/ysyx-workbench-rv32-interview/npc/build/tests/interrupt/system_obj/Vriscv32_timer_system_tb +image=/home/yong/ysyx/ysyx-workbench-rv32-interview/npc/build/tests/interrupt/timer_interrupt.hex +delay=83
PASS RV32 timer system am=0 delay=83 cycles=53257 irq=11 retired=926 write_beats=448 pending_load=5737 pending_store=727 pending_fault=4436 empty_frontend_irq=1
+ /home/yong/ysyx/ysyx-workbench-rv32-interview/npc/build/tests/interrupt/system_obj/Vriscv32_timer_system_tb +image=/home/yong/ysyx/ysyx-workbench-rv32-interview/npc/build/tests/interrupt/am_timer.hex +delay=0 +am=1
PASS RV32 timer system am=1 delay=0 cycles=101429 irq=5 retired=85258 write_beats=4 pending_load=0 pending_store=0 pending_fault=0 empty_frontend_irq=0
+ /home/yong/ysyx/ysyx-workbench-rv32-interview/npc/build/tests/interrupt/system_obj/Vriscv32_timer_system_tb +image=/home/yong/ysyx/ysyx-workbench-rv32-interview/npc/build/tests/interrupt/am_timer.hex +delay=83 +am=1
PASS RV32 timer system am=1 delay=83 cycles=130434 irq=5 retired=65512 write_beats=4 pending_load=0 pending_store=0 pending_fault=0 empty_frontend_irq=0
+ verilator --binary --timing --assert -Wno-fatal -j 2 --top-module riscv32_clint_tb --Mdir /home/yong/ysyx/ysyx-workbench-rv32-interview/npc/build/tests/interrupt/clint_obj +define+YSYX_RV32_BASELINE +define+YSYX_ICACHE_CAPACITY_BYTES=256 +define+YSYX_ICACHE_WAY_COUNT=1 +define+YSYX_ICACHE_LINE_BYTES=16 +define+YSYX_DCACHE_ENABLE=1 +define+YSYX_DCACHE_CAPACITY_BYTES=256 +define+YSYX_DCACHE_WAY_COUNT=2 +define+YSYX_DCACHE_LINE_BYTES=16 +define+YSYX_BRANCH_HISTORY_ENTRY_COUNT=16 +define+YSYX_BRANCH_TARGET_ENTRY_COUNT=16 +define+YSYX_BRANCH_TARGET_WAY_COUNT=2 +define+YSYX_RETURN_STACK_ENTRY_COUNT=4 +define+YSYX_SDRAM_NATIVE_READ_BURST=1 -f /home/yong/ysyx/ysyx-workbench-rv32-interview/npc/vsrc/riscv32/filelist/filelist.f /home/yong/ysyx/ysyx-workbench-rv32-interview/npc/tests/interrupt/riscv32_clint_tb.sv
+ /home/yong/ysyx/ysyx-workbench-rv32-interview/npc/build/tests/interrupt/clint_obj/Vriscv32_clint_tb
PASS CLINT handoff: R/AR and B/AW, old/new identity, stalled responses, separate W
PASS CLINT: reset, equality, rearm, 64-bit compare, byte writes, W-before-AW, R/B backpressure, invalid access/bursts, mtime snapshot
+ verilator --binary --timing --assert -Wno-fatal -j 2 --top-module riscv32_interrupt_control_tb --Mdir /home/yong/ysyx/ysyx-workbench-rv32-interview/npc/build/tests/interrupt/control_obj +define+YSYX_RV32_BASELINE +define+YSYX_ICACHE_CAPACITY_BYTES=256 +define+YSYX_ICACHE_WAY_COUNT=1 +define+YSYX_ICACHE_LINE_BYTES=16 +define+YSYX_DCACHE_ENABLE=1 +define+YSYX_DCACHE_CAPACITY_BYTES=256 +define+YSYX_DCACHE_WAY_COUNT=2 +define+YSYX_DCACHE_LINE_BYTES=16 +define+YSYX_BRANCH_HISTORY_ENTRY_COUNT=16 +define+YSYX_BRANCH_TARGET_ENTRY_COUNT=16 +define+YSYX_BRANCH_TARGET_WAY_COUNT=2 +define+YSYX_RETURN_STACK_ENTRY_COUNT=4 +define+YSYX_SDRAM_NATIVE_READ_BURST=1 -f /home/yong/ysyx/ysyx-workbench-rv32-interview/npc/vsrc/riscv32/filelist/filelist.f /home/yong/ysyx/ysyx-workbench-rv32-interview/npc/tests/interrupt/riscv32_interrupt_control_tb.sv
+ /home/yong/ysyx/ysyx-workbench-rv32-interview/npc/build/tests/interrupt/control_obj/Vriscv32_interrupt_control_tb
PASS interrupt control: idle entry, LSU drain, withdrawal, maintenance, branch PC, trap/mret redirect priority
+ verilator --binary --timing --assert -Wno-fatal -j 2 --top-module riscv32_ifu_redirect_tb --Mdir /home/yong/ysyx/ysyx-workbench-rv32-interview/npc/build/tests/interrupt/ifu_obj +define+YSYX_RV32_BASELINE +define+YSYX_ICACHE_CAPACITY_BYTES=256 +define+YSYX_ICACHE_WAY_COUNT=1 +define+YSYX_ICACHE_LINE_BYTES=16 +define+YSYX_DCACHE_ENABLE=1 +define+YSYX_DCACHE_CAPACITY_BYTES=256 +define+YSYX_DCACHE_WAY_COUNT=2 +define+YSYX_DCACHE_LINE_BYTES=16 +define+YSYX_BRANCH_HISTORY_ENTRY_COUNT=16 +define+YSYX_BRANCH_TARGET_ENTRY_COUNT=16 +define+YSYX_BRANCH_TARGET_WAY_COUNT=2 +define+YSYX_RETURN_STACK_ENTRY_COUNT=4 +define+YSYX_SDRAM_NATIVE_READ_BURST=1 -f /home/yong/ysyx/ysyx-workbench-rv32-interview/npc/vsrc/riscv32/filelist/filelist.f /home/yong/ysyx/ysyx-workbench-rv32-interview/npc/tests/interrupt/riscv32_ifu_redirect_tb.sv
+ /home/yong/ysyx/ysyx-workbench-rv32-interview/npc/build/tests/interrupt/ifu_obj/Vriscv32_ifu_redirect_tb
PASS IFU redirect: backpressured lookup, consecutive redirects, late handshake, stale response drain
PASS timer regression: 3 assembly system runs, 2 AM system runs, 3 RTL unit tests
verilator --binary --timing --assert -Wall -Wno-fatal -Wno-UNUSEDPARAM \
	-Wno-UNUSEDSIGNAL \
	+define+YSYX_RV32_BASELINE  +define+YSYX_ICACHE_CAPACITY_BYTES=256 +define+YSYX_ICACHE_WAY_COUNT=1 +define+YSYX_ICACHE_LINE_BYTES=16 +define+YSYX_DCACHE_ENABLE=1 +define+YSYX_DCACHE_CAPACITY_BYTES=256 +define+YSYX_DCACHE_WAY_COUNT=2 +define+YSYX_DCACHE_LINE_BYTES=16 +define+YSYX_BRANCH_HISTORY_ENTRY_COUNT=16 +define+YSYX_BRANCH_TARGET_ENTRY_COUNT=16 +define+YSYX_BRANCH_TARGET_WAY_COUNT=2 +define+YSYX_RETURN_STACK_ENTRY_COUNT=4 +define+YSYX_SDRAM_NATIVE_READ_BURST=1 \
	--top-module riscv32_dcache_tb \
	/home/yong/ysyx/ysyx-workbench-rv32-interview/npc/vsrc/riscv32/common/riscv_config_pkg.sv /home/yong/ysyx/ysyx-workbench-rv32-interview/npc/vsrc/riscv32/common/riscv32_addr_map_pkg.sv /home/yong/ysyx/ysyx-workbench-rv32-interview/npc/vsrc/riscv32/common/riscv32_axi4_pkg.sv /home/yong/ysyx/ysyx-workbench-rv32-interview/npc/vsrc/riscv32/common/riscv32_pkg.sv /home/yong/ysyx/ysyx-workbench-rv32-interview/npc/vsrc/riscv32/core/memory/riscv32_dcache_tag_array.sv /home/yong/ysyx/ysyx-workbench-rv32-interview/npc/vsrc/riscv32/core/memory/riscv32_dcache_data_array.sv /home/yong/ysyx/ysyx-workbench-rv32-interview/npc/vsrc/riscv32/core/memory/riscv32_dcache_axi.sv /home/yong/ysyx/ysyx-workbench-rv32-interview/npc/vsrc/riscv32/core/memory/riscv32_dcache_miss_unit.sv /home/yong/ysyx/ysyx-workbench-rv32-interview/npc/vsrc/riscv32/core/memory/riscv32_dcache.sv /home/yong/ysyx/ysyx-workbench-rv32-interview/npc/tests/rtl/riscv32_dcache_tb.sv \
	--Mdir /home/yong/ysyx/ysyx-workbench-rv32-interview/npc/build/riscv32/rv32-baseline/icache-256b-way-1-line-16b/dcache-256b-way-2-line-16b/predictor-bht-16-btb-16x2-ras-4/obj_dir_dcache_test \
	-o /home/yong/ysyx/ysyx-workbench-rv32-interview/npc/build/riscv32/rv32-baseline/icache-256b-way-1-line-16b/dcache-256b-way-2-line-16b/predictor-bht-16-btb-16x2-ras-4/dcache_test
%Warning-SYNCASYNCNET: /home/yong/ysyx/ysyx-workbench-rv32-interview/npc/tests/rtl/riscv32_dcache_tb.sv:16:9: Signal flopped as both synchronous and async: 'riscv32_dcache_tb.rst_ni'
                       /home/yong/ysyx/ysyx-workbench-rv32-interview/npc/tests/rtl/riscv32_dcache_tb.sv:102:10: ... Location of async usage
  102 |     if (!rst_ni) begin
      |          ^~~~~~
                       /home/yong/ysyx/ysyx-workbench-rv32-interview/npc/vsrc/riscv32/core/memory/riscv32_dcache.sv:594:51: ... Location of sync usage
  594 |   assert property (@(posedge clk_i) disable iff (!rst_ni)
      |                                                   ^~~~~~
                       ... For warning description see https://verilator.org/warn/SYNCASYNCNET?v=5.043
                       ... Use "/* verilator lint_off SYNCASYNCNET */" and lint_on around source to disable this message.
make[1]: Entering directory '/home/yong/ysyx/ysyx-workbench-rv32-interview/npc/build/riscv32/rv32-baseline/icache-256b-way-1-line-16b/dcache-256b-way-2-line-16b/predictor-bht-16-btb-16x2-ras-4/obj_dir_dcache_test'
g++ -Os  -I.  -MMD -I/home/yong/tools/oss-cad-suite/share/verilator/include -I/home/yong/tools/oss-cad-suite/share/verilator/include/vltstd -DVERILATOR=1 -DVM_COVERAGE=0 -DVM_SC=0 -DVM_TIMING=1 -DVM_TRACE=0 -DVM_TRACE_FST=0 -DVM_TRACE_VCD=0 -DVM_TRACE_SAIF=0 -faligned-new -fcf-protection=none -Wno-bool-operation -Wno-int-in-bool-context -Wno-shadow -Wno-sign-compare -Wno-subobject-linkage -Wno-tautological-compare -Wno-uninitialized -Wno-unused-but-set-parameter -Wno-unused-but-set-variable -Wno-unused-parameter -Wno-unused-variable    -DVL_TIME_CONTEXT   -fcoroutines -c -o verilated.o /home/yong/tools/oss-cad-suite/share/verilator/include/verilated.cpp
g++ -Os  -I.  -MMD -I/home/yong/tools/oss-cad-suite/share/verilator/include -I/home/yong/tools/oss-cad-suite/share/verilator/include/vltstd -DVERILATOR=1 -DVM_COVERAGE=0 -DVM_SC=0 -DVM_TIMING=1 -DVM_TRACE=0 -DVM_TRACE_FST=0 -DVM_TRACE_VCD=0 -DVM_TRACE_SAIF=0 -faligned-new -fcf-protection=none -Wno-bool-operation -Wno-int-in-bool-context -Wno-shadow -Wno-sign-compare -Wno-subobject-linkage -Wno-tautological-compare -Wno-uninitialized -Wno-unused-but-set-parameter -Wno-unused-but-set-variable -Wno-unused-parameter -Wno-unused-variable    -DVL_TIME_CONTEXT   -fcoroutines -c -o verilated_timing.o /home/yong/tools/oss-cad-suite/share/verilator/include/verilated_timing.cpp
g++ -Os  -I.  -MMD -I/home/yong/tools/oss-cad-suite/share/verilator/include -I/home/yong/tools/oss-cad-suite/share/verilator/include/vltstd -DVERILATOR=1 -DVM_COVERAGE=0 -DVM_SC=0 -DVM_TIMING=1 -DVM_TRACE=0 -DVM_TRACE_FST=0 -DVM_TRACE_VCD=0 -DVM_TRACE_SAIF=0 -faligned-new -fcf-protection=none -Wno-bool-operation -Wno-int-in-bool-context -Wno-shadow -Wno-sign-compare -Wno-subobject-linkage -Wno-tautological-compare -Wno-uninitialized -Wno-unused-but-set-parameter -Wno-unused-but-set-variable -Wno-unused-parameter -Wno-unused-variable    -DVL_TIME_CONTEXT   -fcoroutines -c -o verilated_threads.o /home/yong/tools/oss-cad-suite/share/verilator/include/verilated_threads.cpp
python3 /home/yong/tools/oss-cad-suite/share/verilator/bin/verilator_includer -DVL_INCLUDE_OPT=include Vriscv32_dcache_tb.cpp Vriscv32_dcache_tb___024root__0.cpp Vriscv32_dcache_tb__main.cpp Vriscv32_dcache_tb___024root__Slow.cpp Vriscv32_dcache_tb___024root__0__Slow.cpp Vriscv32_dcache_tb__Syms__Slow.cpp > Vriscv32_dcache_tb__ALL.cpp
g++ -Os  -I.  -MMD -I/home/yong/tools/oss-cad-suite/share/verilator/include -I/home/yong/tools/oss-cad-suite/share/verilator/include/vltstd -DVERILATOR=1 -DVM_COVERAGE=0 -DVM_SC=0 -DVM_TIMING=1 -DVM_TRACE=0 -DVM_TRACE_FST=0 -DVM_TRACE_VCD=0 -DVM_TRACE_SAIF=0 -faligned-new -fcf-protection=none -Wno-bool-operation -Wno-int-in-bool-context -Wno-shadow -Wno-sign-compare -Wno-subobject-linkage -Wno-tautological-compare -Wno-uninitialized -Wno-unused-but-set-parameter -Wno-unused-but-set-variable -Wno-unused-parameter -Wno-unused-variable    -DVL_TIME_CONTEXT   -fcoroutines -c -o Vriscv32_dcache_tb__ALL.o Vriscv32_dcache_tb__ALL.cpp
g++    verilated.o verilated_timing.o verilated_threads.o Vriscv32_dcache_tb__ALL.a    -pthread -lpthread -latomic   -o /home/yong/ysyx/ysyx-workbench-rv32-interview/npc/build/riscv32/rv32-baseline/icache-256b-way-1-line-16b/dcache-256b-way-2-line-16b/predictor-bht-16-btb-16x2-ras-4/dcache_test
rm Vriscv32_dcache_tb__ALL.verilator_deplist.tmp
make[1]: Leaving directory '/home/yong/ysyx/ysyx-workbench-rv32-interview/npc/build/riscv32/rv32-baseline/icache-256b-way-1-line-16b/dcache-256b-way-2-line-16b/predictor-bht-16-btb-16x2-ras-4/obj_dir_dcache_test'
- V e r i l a t i o n   R e p o r t: Verilator 5.043 devel rev v5.042-244-g4080284e5
- Verilator: Built from 0.721 MB sources in 11 modules, into 0.722 MB in 6 C++ files needing 0.001 MB
- Verilator: Walltime 9.683 s (elab=0.012, cvt=0.066, bld=9.567); cpu 0.116 s on 1 threads; alloced 26.418 MB
/home/yong/ysyx/ysyx-workbench-rv32-interview/npc/build/riscv32/rv32-baseline/icache-256b-way-1-line-16b/dcache-256b-way-2-line-16b/predictor-bht-16-btb-16x2-ras-4/dcache_test
D-cache simultaneous refill/writeback address handshakes: 0
D-cache directed test passed: XLEN=32 sets=8 ways=2 line=16B
- /home/yong/ysyx/ysyx-workbench-rv32-interview/npc/tests/rtl/riscv32_dcache_tb.sv:442: Verilog $finish
- S i m u l a t i o n   R e p o r t: Verilator 5.043 devel
- Verilator: $finish at 4ns; walltime 0.000 s; speed 8.321 us/s
- Verilator: cpu 0.000 s on 1 threads; alloced 6 MB
mkdir -p "/home/yong/ysyx/ysyx-workbench-rv32-interview/npc/result/verification/rv32-fence-error-fix-20260921/control"
verilator --binary --timing --assert -Wno-fatal -j 2 +define+YSYX_RV32_BASELINE  +define+YSYX_ICACHE_CAPACITY_BYTES=256 +define+YSYX_ICACHE_WAY_COUNT=1 +define+YSYX_ICACHE_LINE_BYTES=16 +define+YSYX_DCACHE_ENABLE=1 +define+YSYX_DCACHE_CAPACITY_BYTES=256 +define+YSYX_DCACHE_WAY_COUNT=2 +define+YSYX_DCACHE_LINE_BYTES=16 +define+YSYX_BRANCH_HISTORY_ENTRY_COUNT=16 +define+YSYX_BRANCH_TARGET_ENTRY_COUNT=16 +define+YSYX_BRANCH_TARGET_WAY_COUNT=2 +define+YSYX_RETURN_STACK_ENTRY_COUNT=4 +define+YSYX_SDRAM_NATIVE_READ_BURST=1 \
	--top-module riscv32_fence_i_ctrl_tb --Mdir "/home/yong/ysyx/ysyx-workbench-rv32-interview/npc/result/verification/rv32-fence-error-fix-20260921/control/obj" \
	/home/yong/ysyx/ysyx-workbench-rv32-interview/npc/vsrc/riscv32/common/riscv_config_pkg.sv \
	/home/yong/ysyx/ysyx-workbench-rv32-interview/npc/vsrc/riscv32/common/riscv32_addr_map_pkg.sv \
	/home/yong/ysyx/ysyx-workbench-rv32-interview/npc/vsrc/riscv32/common/riscv32_pkg.sv \
	/home/yong/ysyx/ysyx-workbench-rv32-interview/npc/vsrc/riscv32/core/control/riscv32_fence_i_ctrl.sv \
	/home/yong/ysyx/ysyx-workbench-rv32-interview/npc/tests/rtl/riscv32_fence_i_ctrl_tb.sv
make[1]: Entering directory '/home/yong/ysyx/ysyx-workbench-rv32-interview/npc/result/verification/rv32-fence-error-fix-20260921/control/obj'
g++ -Os  -I.  -MMD -I/home/yong/tools/oss-cad-suite/share/verilator/include -I/home/yong/tools/oss-cad-suite/share/verilator/include/vltstd -DVERILATOR=1 -DVM_COVERAGE=0 -DVM_SC=0 -DVM_TIMING=1 -DVM_TRACE=0 -DVM_TRACE_FST=0 -DVM_TRACE_VCD=0 -DVM_TRACE_SAIF=0 -faligned-new -fcf-protection=none -Wno-bool-operation -Wno-int-in-bool-context -Wno-shadow -Wno-sign-compare -Wno-subobject-linkage -Wno-tautological-compare -Wno-uninitialized -Wno-unused-but-set-parameter -Wno-unused-but-set-variable -Wno-unused-parameter -Wno-unused-variable    -DVL_TIME_CONTEXT   -fcoroutines -c -o verilated.o /home/yong/tools/oss-cad-suite/share/verilator/include/verilated.cpp
g++ -Os  -I.  -MMD -I/home/yong/tools/oss-cad-suite/share/verilator/include -I/home/yong/tools/oss-cad-suite/share/verilator/include/vltstd -DVERILATOR=1 -DVM_COVERAGE=0 -DVM_SC=0 -DVM_TIMING=1 -DVM_TRACE=0 -DVM_TRACE_FST=0 -DVM_TRACE_VCD=0 -DVM_TRACE_SAIF=0 -faligned-new -fcf-protection=none -Wno-bool-operation -Wno-int-in-bool-context -Wno-shadow -Wno-sign-compare -Wno-subobject-linkage -Wno-tautological-compare -Wno-uninitialized -Wno-unused-but-set-parameter -Wno-unused-but-set-variable -Wno-unused-parameter -Wno-unused-variable    -DVL_TIME_CONTEXT   -fcoroutines -c -o verilated_timing.o /home/yong/tools/oss-cad-suite/share/verilator/include/verilated_timing.cpp
g++ -Os  -I.  -MMD -I/home/yong/tools/oss-cad-suite/share/verilator/include -I/home/yong/tools/oss-cad-suite/share/verilator/include/vltstd -DVERILATOR=1 -DVM_COVERAGE=0 -DVM_SC=0 -DVM_TIMING=1 -DVM_TRACE=0 -DVM_TRACE_FST=0 -DVM_TRACE_VCD=0 -DVM_TRACE_SAIF=0 -faligned-new -fcf-protection=none -Wno-bool-operation -Wno-int-in-bool-context -Wno-shadow -Wno-sign-compare -Wno-subobject-linkage -Wno-tautological-compare -Wno-uninitialized -Wno-unused-but-set-parameter -Wno-unused-but-set-variable -Wno-unused-parameter -Wno-unused-variable    -DVL_TIME_CONTEXT   -fcoroutines -c -o verilated_threads.o /home/yong/tools/oss-cad-suite/share/verilator/include/verilated_threads.cpp
python3 /home/yong/tools/oss-cad-suite/share/verilator/bin/verilator_includer -DVL_INCLUDE_OPT=include Vriscv32_fence_i_ctrl_tb.cpp Vriscv32_fence_i_ctrl_tb___024root__0.cpp Vriscv32_fence_i_ctrl_tb__main.cpp Vriscv32_fence_i_ctrl_tb__ConstPool__0__Slow.cpp Vriscv32_fence_i_ctrl_tb___024root__Slow.cpp Vriscv32_fence_i_ctrl_tb___024root__0__Slow.cpp Vriscv32_fence_i_ctrl_tb__Syms__Slow.cpp > Vriscv32_fence_i_ctrl_tb__ALL.cpp
g++ -Os  -I.  -MMD -I/home/yong/tools/oss-cad-suite/share/verilator/include -I/home/yong/tools/oss-cad-suite/share/verilator/include/vltstd -DVERILATOR=1 -DVM_COVERAGE=0 -DVM_SC=0 -DVM_TIMING=1 -DVM_TRACE=0 -DVM_TRACE_FST=0 -DVM_TRACE_VCD=0 -DVM_TRACE_SAIF=0 -faligned-new -fcf-protection=none -Wno-bool-operation -Wno-int-in-bool-context -Wno-shadow -Wno-sign-compare -Wno-subobject-linkage -Wno-tautological-compare -Wno-uninitialized -Wno-unused-but-set-parameter -Wno-unused-but-set-variable -Wno-unused-parameter -Wno-unused-variable    -DVL_TIME_CONTEXT   -fcoroutines -c -o Vriscv32_fence_i_ctrl_tb__ALL.o Vriscv32_fence_i_ctrl_tb__ALL.cpp
g++    verilated.o verilated_timing.o verilated_threads.o Vriscv32_fence_i_ctrl_tb__ALL.a    -pthread -lpthread -latomic   -o Vriscv32_fence_i_ctrl_tb
rm Vriscv32_fence_i_ctrl_tb__ALL.verilator_deplist.tmp
make[1]: Leaving directory '/home/yong/ysyx/ysyx-workbench-rv32-interview/npc/result/verification/rv32-fence-error-fix-20260921/control/obj'
- V e r i l a t i o n   R e p o r t: Verilator 5.043 devel rev v5.042-244-g4080284e5
- Verilator: Built from 0.226 MB sources in 6 modules, into 0.115 MB in 7 C++ files needing 0.000 MB
- Verilator: Walltime 4.905 s (elab=0.004, cvt=0.015, bld=4.864); cpu 0.047 s on 2 threads; alloced 217.625 MB
/home/yong/ysyx/ysyx-workbench-rv32-interview/npc/result/verification/rv32-fence-error-fix-20260921/control/obj/Vriscv32_fence_i_ctrl_tb
PASS FENCE.I controller: 10 cases
- /home/yong/ysyx/ysyx-workbench-rv32-interview/npc/tests/rtl/riscv32_fence_i_ctrl_tb.sv:76: Verilog $finish
- S i m u l a t i o n   R e p o r t: Verilator 5.043 devel
- Verilator: $finish at 3ns; walltime 0.000 s; speed 11.602 us/s
- Verilator: cpu 0.000 s on 1 threads; alloced 6 MB
make: Leaving directory '/home/yong/ysyx/ysyx-workbench-rv32-interview/npc'
