make: Entering directory '/home/yong/ysyx/ysyx-workbench-rv32-interview/npc'
mkdir -p "/home/yong/ysyx/ysyx-workbench-rv32-interview/npc/build/riscv32/rv32-baseline/icache-256b-way-1-line-16b/dcache-256b-way-2-line-4b/predictor-bht-16-btb-16x2-ras-4/obj_dir_dcache_miss_test"
verilator --binary --timing --assert -Wno-fatal -j 2 +define+YSYX_RV32_BASELINE  +define+YSYX_ICACHE_CAPACITY_BYTES=256 +define+YSYX_ICACHE_WAY_COUNT=1 +define+YSYX_ICACHE_LINE_BYTES=16 +define+YSYX_DCACHE_ENABLE=1 +define+YSYX_DCACHE_CAPACITY_BYTES=256 +define+YSYX_DCACHE_WAY_COUNT=2 +define+YSYX_DCACHE_LINE_BYTES=4 +define+YSYX_BRANCH_HISTORY_ENTRY_COUNT=16 +define+YSYX_BRANCH_TARGET_ENTRY_COUNT=16 +define+YSYX_BRANCH_TARGET_WAY_COUNT=2 +define+YSYX_RETURN_STACK_ENTRY_COUNT=4 +define+YSYX_SDRAM_NATIVE_READ_BURST=1 \
	--top-module riscv32_dcache_miss_contract_tb \
	/home/yong/ysyx/ysyx-workbench-rv32-interview/npc/vsrc/riscv32/common/riscv_config_pkg.sv /home/yong/ysyx/ysyx-workbench-rv32-interview/npc/vsrc/riscv32/common/riscv32_addr_map_pkg.sv \
	/home/yong/ysyx/ysyx-workbench-rv32-interview/npc/vsrc/riscv32/common/riscv32_pkg.sv /home/yong/ysyx/ysyx-workbench-rv32-interview/npc/vsrc/riscv32/core/memory/riscv32_dcache_miss_unit.sv \
	/home/yong/ysyx/ysyx-workbench-rv32-interview/npc/tests/rtl/riscv32_dcache_miss_contract_tb.sv \
	--Mdir /home/yong/ysyx/ysyx-workbench-rv32-interview/npc/build/riscv32/rv32-baseline/icache-256b-way-1-line-16b/dcache-256b-way-2-line-4b/predictor-bht-16-btb-16x2-ras-4/obj_dir_dcache_miss_test
make[1]: Entering directory '/home/yong/ysyx/ysyx-workbench-rv32-interview/npc/build/riscv32/rv32-baseline/icache-256b-way-1-line-16b/dcache-256b-way-2-line-4b/predictor-bht-16-btb-16x2-ras-4/obj_dir_dcache_miss_test'
g++ -Os  -I.  -MMD -I/home/yong/tools/oss-cad-suite/share/verilator/include -I/home/yong/tools/oss-cad-suite/share/verilator/include/vltstd -DVERILATOR=1 -DVM_COVERAGE=0 -DVM_SC=0 -DVM_TIMING=1 -DVM_TRACE=0 -DVM_TRACE_FST=0 -DVM_TRACE_VCD=0 -DVM_TRACE_SAIF=0 -faligned-new -fcf-protection=none -Wno-bool-operation -Wno-int-in-bool-context -Wno-shadow -Wno-sign-compare -Wno-subobject-linkage -Wno-tautological-compare -Wno-uninitialized -Wno-unused-but-set-parameter -Wno-unused-but-set-variable -Wno-unused-parameter -Wno-unused-variable    -DVL_TIME_CONTEXT   -fcoroutines -c -o verilated.o /home/yong/tools/oss-cad-suite/share/verilator/include/verilated.cpp
g++ -Os  -I.  -MMD -I/home/yong/tools/oss-cad-suite/share/verilator/include -I/home/yong/tools/oss-cad-suite/share/verilator/include/vltstd -DVERILATOR=1 -DVM_COVERAGE=0 -DVM_SC=0 -DVM_TIMING=1 -DVM_TRACE=0 -DVM_TRACE_FST=0 -DVM_TRACE_VCD=0 -DVM_TRACE_SAIF=0 -faligned-new -fcf-protection=none -Wno-bool-operation -Wno-int-in-bool-context -Wno-shadow -Wno-sign-compare -Wno-subobject-linkage -Wno-tautological-compare -Wno-uninitialized -Wno-unused-but-set-parameter -Wno-unused-but-set-variable -Wno-unused-parameter -Wno-unused-variable    -DVL_TIME_CONTEXT   -fcoroutines -c -o verilated_timing.o /home/yong/tools/oss-cad-suite/share/verilator/include/verilated_timing.cpp
g++ -Os  -I.  -MMD -I/home/yong/tools/oss-cad-suite/share/verilator/include -I/home/yong/tools/oss-cad-suite/share/verilator/include/vltstd -DVERILATOR=1 -DVM_COVERAGE=0 -DVM_SC=0 -DVM_TIMING=1 -DVM_TRACE=0 -DVM_TRACE_FST=0 -DVM_TRACE_VCD=0 -DVM_TRACE_SAIF=0 -faligned-new -fcf-protection=none -Wno-bool-operation -Wno-int-in-bool-context -Wno-shadow -Wno-sign-compare -Wno-subobject-linkage -Wno-tautological-compare -Wno-uninitialized -Wno-unused-but-set-parameter -Wno-unused-but-set-variable -Wno-unused-parameter -Wno-unused-variable    -DVL_TIME_CONTEXT   -fcoroutines -c -o verilated_threads.o /home/yong/tools/oss-cad-suite/share/verilator/include/verilated_threads.cpp
python3 /home/yong/tools/oss-cad-suite/share/verilator/bin/verilator_includer -DVL_INCLUDE_OPT=include Vriscv32_dcache_miss_contract_tb.cpp Vriscv32_dcache_miss_contract_tb___024root__0.cpp Vriscv32_dcache_miss_contract_tb__main.cpp Vriscv32_dcache_miss_contract_tb___024root__Slow.cpp Vriscv32_dcache_miss_contract_tb___024root__0__Slow.cpp Vriscv32_dcache_miss_contract_tb__Syms__Slow.cpp > Vriscv32_dcache_miss_contract_tb__ALL.cpp
g++ -Os  -I.  -MMD -I/home/yong/tools/oss-cad-suite/share/verilator/include -I/home/yong/tools/oss-cad-suite/share/verilator/include/vltstd -DVERILATOR=1 -DVM_COVERAGE=0 -DVM_SC=0 -DVM_TIMING=1 -DVM_TRACE=0 -DVM_TRACE_FST=0 -DVM_TRACE_VCD=0 -DVM_TRACE_SAIF=0 -faligned-new -fcf-protection=none -Wno-bool-operation -Wno-int-in-bool-context -Wno-shadow -Wno-sign-compare -Wno-subobject-linkage -Wno-tautological-compare -Wno-uninitialized -Wno-unused-but-set-parameter -Wno-unused-but-set-variable -Wno-unused-parameter -Wno-unused-variable    -DVL_TIME_CONTEXT   -fcoroutines -c -o Vriscv32_dcache_miss_contract_tb__ALL.o Vriscv32_dcache_miss_contract_tb__ALL.cpp
g++    verilated.o verilated_timing.o verilated_threads.o Vriscv32_dcache_miss_contract_tb__ALL.a    -pthread -lpthread -latomic   -o Vriscv32_dcache_miss_contract_tb
rm Vriscv32_dcache_miss_contract_tb__ALL.verilator_deplist.tmp
make[1]: Leaving directory '/home/yong/ysyx/ysyx-workbench-rv32-interview/npc/build/riscv32/rv32-baseline/icache-256b-way-1-line-16b/dcache-256b-way-2-line-4b/predictor-bht-16-btb-16x2-ras-4/obj_dir_dcache_miss_test'
- V e r i l a t i o n   R e p o r t: Verilator 5.043 devel rev v5.042-244-g4080284e5
- Verilator: Built from 0.276 MB sources in 6 modules, into 0.618 MB in 6 C++ files needing 0.001 MB
- Verilator: Walltime 6.273 s (elab=0.007, cvt=0.039, bld=6.203); cpu 0.079 s on 2 threads; alloced 220.203 MB
/home/yong/ysyx/ysyx-workbench-rv32-interview/npc/build/riscv32/rv32-baseline/icache-256b-way-1-line-16b/dcache-256b-way-2-line-4b/predictor-bht-16-btb-16x2-ras-4/obj_dir_dcache_miss_test/Vriscv32_dcache_miss_contract_tb
BOUNDARIES capture_waits=0 refill_waits=36
PASS D-cache miss contract: 102 cases, R/B order, faults, response stalls, allocation bypass, clean
- /home/yong/ysyx/ysyx-workbench-rv32-interview/npc/tests/rtl/riscv32_dcache_miss_contract_tb.sv:323: Verilog $finish
- S i m u l a t i o n   R e p o r t: Verilator 5.043 devel
- Verilator: $finish at 10ns; walltime 0.001 s; speed 16.988 us/s
- Verilator: cpu 0.001 s on 1 threads; alloced 6 MB
make: Leaving directory '/home/yong/ysyx/ysyx-workbench-rv32-interview/npc'
