make: Entering directory '/home/yong/ysyx/ysyx-workbench-rv32-interview/npc'
verilator --binary --timing --assert -Wno-fatal -j 2 +define+YSYX_RV32_BASELINE  +define+YSYX_ICACHE_CAPACITY_BYTES=256 +define+YSYX_ICACHE_WAY_COUNT=1 +define+YSYX_ICACHE_LINE_BYTES=16 +define+YSYX_DCACHE_ENABLE=1 +define+YSYX_DCACHE_CAPACITY_BYTES=256 +define+YSYX_DCACHE_WAY_COUNT=2 +define+YSYX_DCACHE_LINE_BYTES=16 +define+YSYX_BRANCH_HISTORY_ENTRY_COUNT=16 +define+YSYX_BRANCH_TARGET_ENTRY_COUNT=16 +define+YSYX_BRANCH_TARGET_WAY_COUNT=2 +define+YSYX_RETURN_STACK_ENTRY_COUNT=4 +define+YSYX_SDRAM_NATIVE_READ_BURST=1 \
	--top-module riscv32_dcache_miss_contract_tb \
	/home/yong/ysyx/ysyx-workbench-rv32-interview/npc/vsrc/riscv32/common/riscv_config_pkg.sv /home/yong/ysyx/ysyx-workbench-rv32-interview/npc/vsrc/riscv32/common/riscv32_addr_map_pkg.sv \
	/home/yong/ysyx/ysyx-workbench-rv32-interview/npc/vsrc/riscv32/common/riscv32_pkg.sv /home/yong/ysyx/ysyx-workbench-rv32-interview/npc/vsrc/riscv32/core/memory/riscv32_dcache_miss_unit.sv \
	/home/yong/ysyx/ysyx-workbench-rv32-interview/npc/tests/rtl/riscv32_dcache_miss_contract_tb.sv \
	--Mdir /home/yong/ysyx/ysyx-workbench-rv32-interview/npc/build/riscv32/rv32-baseline/icache-256b-way-1-line-16b/dcache-256b-way-2-line-16b/predictor-bht-16-btb-16x2-ras-4/obj_dir_dcache_miss_test
make[1]: Entering directory '/home/yong/ysyx/ysyx-workbench-rv32-interview/npc/build/riscv32/rv32-baseline/icache-256b-way-1-line-16b/dcache-256b-way-2-line-16b/predictor-bht-16-btb-16x2-ras-4/obj_dir_dcache_miss_test'
g++ -Os  -I.  -MMD -I/home/yong/tools/oss-cad-suite/share/verilator/include -I/home/yong/tools/oss-cad-suite/share/verilator/include/vltstd -DVERILATOR=1 -DVM_COVERAGE=0 -DVM_SC=0 -DVM_TIMING=1 -DVM_TRACE=0 -DVM_TRACE_FST=0 -DVM_TRACE_VCD=0 -DVM_TRACE_SAIF=0 -faligned-new -fcf-protection=none -Wno-bool-operation -Wno-int-in-bool-context -Wno-shadow -Wno-sign-compare -Wno-subobject-linkage -Wno-tautological-compare -Wno-uninitialized -Wno-unused-but-set-parameter -Wno-unused-but-set-variable -Wno-unused-parameter -Wno-unused-variable    -DVL_TIME_CONTEXT   -fcoroutines -c -o verilated.o /home/yong/tools/oss-cad-suite/share/verilator/include/verilated.cpp
g++ -Os  -I.  -MMD -I/home/yong/tools/oss-cad-suite/share/verilator/include -I/home/yong/tools/oss-cad-suite/share/verilator/include/vltstd -DVERILATOR=1 -DVM_COVERAGE=0 -DVM_SC=0 -DVM_TIMING=1 -DVM_TRACE=0 -DVM_TRACE_FST=0 -DVM_TRACE_VCD=0 -DVM_TRACE_SAIF=0 -faligned-new -fcf-protection=none -Wno-bool-operation -Wno-int-in-bool-context -Wno-shadow -Wno-sign-compare -Wno-subobject-linkage -Wno-tautological-compare -Wno-uninitialized -Wno-unused-but-set-parameter -Wno-unused-but-set-variable -Wno-unused-parameter -Wno-unused-variable    -DVL_TIME_CONTEXT   -fcoroutines -c -o verilated_timing.o /home/yong/tools/oss-cad-suite/share/verilator/include/verilated_timing.cpp
g++ -Os  -I.  -MMD -I/home/yong/tools/oss-cad-suite/share/verilator/include -I/home/yong/tools/oss-cad-suite/share/verilator/include/vltstd -DVERILATOR=1 -DVM_COVERAGE=0 -DVM_SC=0 -DVM_TIMING=1 -DVM_TRACE=0 -DVM_TRACE_FST=0 -DVM_TRACE_VCD=0 -DVM_TRACE_SAIF=0 -faligned-new -fcf-protection=none -Wno-bool-operation -Wno-int-in-bool-context -Wno-shadow -Wno-sign-compare -Wno-subobject-linkage -Wno-tautological-compare -Wno-uninitialized -Wno-unused-but-set-parameter -Wno-unused-but-set-variable -Wno-unused-parameter -Wno-unused-variable    -DVL_TIME_CONTEXT   -fcoroutines -c -o verilated_threads.o /home/yong/tools/oss-cad-suite/share/verilator/include/verilated_threads.cpp
python3 /home/yong/tools/oss-cad-suite/share/verilator/bin/verilator_includer -DVL_INCLUDE_OPT=include Vriscv32_dcache_miss_contract_tb.cpp Vriscv32_dcache_miss_contract_tb___024root__0.cpp Vriscv32_dcache_miss_contract_tb__main.cpp Vriscv32_dcache_miss_contract_tb___024root__Slow.cpp Vriscv32_dcache_miss_contract_tb___024root__0__Slow.cpp Vriscv32_dcache_miss_contract_tb__Syms__Slow.cpp > Vriscv32_dcache_miss_contract_tb__ALL.cpp
g++ -Os  -I.  -MMD -I/home/yong/tools/oss-cad-suite/share/verilator/include -I/home/yong/tools/oss-cad-suite/share/verilator/include/vltstd -DVERILATOR=1 -DVM_COVERAGE=0 -DVM_SC=0 -DVM_TIMING=1 -DVM_TRACE=0 -DVM_TRACE_FST=0 -DVM_TRACE_VCD=0 -DVM_TRACE_SAIF=0 -faligned-new -fcf-protection=none -Wno-bool-operation -Wno-int-in-bool-context -Wno-shadow -Wno-sign-compare -Wno-subobject-linkage -Wno-tautological-compare -Wno-uninitialized -Wno-unused-but-set-parameter -Wno-unused-but-set-variable -Wno-unused-parameter -Wno-unused-variable    -DVL_TIME_CONTEXT   -fcoroutines -c -o Vriscv32_dcache_miss_contract_tb__ALL.o Vriscv32_dcache_miss_contract_tb__ALL.cpp
g++    verilated.o verilated_timing.o verilated_threads.o Vriscv32_dcache_miss_contract_tb__ALL.a    -pthread -lpthread -latomic   -o Vriscv32_dcache_miss_contract_tb
rm Vriscv32_dcache_miss_contract_tb__ALL.verilator_deplist.tmp
make[1]: Leaving directory '/home/yong/ysyx/ysyx-workbench-rv32-interview/npc/build/riscv32/rv32-baseline/icache-256b-way-1-line-16b/dcache-256b-way-2-line-16b/predictor-bht-16-btb-16x2-ras-4/obj_dir_dcache_miss_test'
- V e r i l a t i o n   R e p o r t: Verilator 5.043 devel rev v5.042-244-g4080284e5
- Verilator: Built from 0.275 MB sources in 6 modules, into 0.646 MB in 6 C++ files needing 0.001 MB
- Verilator: Walltime 6.455 s (elab=0.006, cvt=0.041, bld=6.382); cpu 0.082 s on 2 threads; alloced 220.363 MB
/home/yong/ysyx/ysyx-workbench-rv32-interview/npc/build/riscv32/rv32-baseline/icache-256b-way-1-line-16b/dcache-256b-way-2-line-16b/predictor-bht-16-btb-16x2-ras-4/obj_dir_dcache_miss_test/Vriscv32_dcache_miss_contract_tb
BOUNDARIES capture_waits=0 refill_waits=36
PASS D-cache miss contract: 102 cases, R/B order, faults, response stalls, allocation bypass, clean
- /home/yong/ysyx/ysyx-workbench-rv32-interview/npc/tests/rtl/riscv32_dcache_miss_contract_tb.sv:323: Verilog $finish
- S i m u l a t i o n   R e p o r t: Verilator 5.043 devel
- Verilator: $finish at 17ns; walltime 0.001 s; speed 17.644 us/s
- Verilator: cpu 0.001 s on 1 threads; alloced 6 MB
python3 scripts/test_frontend.py --test fetch --output "/home/yong/ysyx/ysyx-workbench-rv32-interview/npc/build/tests/frontend" +define+YSYX_RV32_BASELINE  +define+YSYX_ICACHE_CAPACITY_BYTES=256 +define+YSYX_ICACHE_WAY_COUNT=1 +define+YSYX_ICACHE_LINE_BYTES=16 +define+YSYX_DCACHE_ENABLE=1 +define+YSYX_DCACHE_CAPACITY_BYTES=256 +define+YSYX_DCACHE_WAY_COUNT=2 +define+YSYX_DCACHE_LINE_BYTES=16 +define+YSYX_BRANCH_HISTORY_ENTRY_COUNT=16 +define+YSYX_BRANCH_TARGET_ENTRY_COUNT=16 +define+YSYX_BRANCH_TARGET_WAY_COUNT=2 +define+YSYX_RETURN_STACK_ENTRY_COUNT=4 +define+YSYX_SDRAM_NATIVE_READ_BURST=1
PASS fetch taken loop: 100 deliveries, target interval 1 cycle
- /home/yong/ysyx/ysyx-workbench-rv32-interview/npc/tests/rtl/riscv32_fetch_contract_tb.sv:73: Verilog $finish
- S i m u l a t i o n   R e p o r t: Verilator 5.043 devel
- Verilator: $finish at 1ns; walltime 0.001 s; speed 1.558 us/s
- Verilator: cpu 0.001 s on 1 threads; alloced 6 MB

verilator --binary --timing --assert -Wall -Wno-fatal -Wno-UNUSEDPARAM \
	-Wno-UNUSEDSIGNAL \
	+define+YSYX_RV32_BASELINE  +define+YSYX_ICACHE_CAPACITY_BYTES=256 +define+YSYX_ICACHE_WAY_COUNT=1 +define+YSYX_ICACHE_LINE_BYTES=16 +define+YSYX_DCACHE_ENABLE=1 +define+YSYX_DCACHE_CAPACITY_BYTES=256 +define+YSYX_DCACHE_WAY_COUNT=2 +define+YSYX_DCACHE_LINE_BYTES=16 +define+YSYX_BRANCH_HISTORY_ENTRY_COUNT=16 +define+YSYX_BRANCH_TARGET_ENTRY_COUNT=16 +define+YSYX_BRANCH_TARGET_WAY_COUNT=2 +define+YSYX_RETURN_STACK_ENTRY_COUNT=4 +define+YSYX_SDRAM_NATIVE_READ_BURST=1 \
	--top-module riscv32_pipeline_control_tb \
	/home/yong/ysyx/ysyx-workbench-rv32-interview/npc/vsrc/riscv32/common/riscv_config_pkg.sv /home/yong/ysyx/ysyx-workbench-rv32-interview/npc/vsrc/riscv32/common/riscv32_addr_map_pkg.sv /home/yong/ysyx/ysyx-workbench-rv32-interview/npc/vsrc/riscv32/common/riscv32_pkg.sv /home/yong/ysyx/ysyx-workbench-rv32-interview/npc/vsrc/riscv32/core/execute/riscv32_id_ex_reg.sv /home/yong/ysyx/ysyx-workbench-rv32-interview/npc/vsrc/riscv32/core/control/riscv32_hazard_ctrl.sv /home/yong/ysyx/ysyx-workbench-rv32-interview/npc/vsrc/riscv32/core/writeback/riscv32_completion_mux.sv /home/yong/ysyx/ysyx-workbench-rv32-interview/npc/vsrc/riscv32/core/writeback/riscv32_wb_reg.sv /home/yong/ysyx/ysyx-workbench-rv32-interview/npc/vsrc/riscv32/core/writeback/riscv32_commit.sv /home/yong/ysyx/ysyx-workbench-rv32-interview/npc/vsrc/riscv32/core/control/riscv32_trap_ctrl.sv /home/yong/ysyx/ysyx-workbench-rv32-interview/npc/vsrc/riscv32/core/frontend/riscv32_fetch_buffer.sv /home/yong/ysyx/ysyx-workbench-rv32-interview/npc/vsrc/riscv32/core/frontend/riscv32_bht.sv /home/yong/ysyx/ysyx-workbench-rv32-interview/npc/vsrc/riscv32/core/frontend/riscv32_btb.sv /home/yong/ysyx/ysyx-workbench-rv32-interview/npc/vsrc/riscv32/core/frontend/riscv32_ras.sv /home/yong/ysyx/ysyx-workbench-rv32-interview/npc/vsrc/riscv32/core/frontend/riscv32_branch_predictor.sv /home/yong/ysyx/ysyx-workbench-rv32-interview/npc/vsrc/riscv32/core/frontend/riscv32_ifu.sv /home/yong/ysyx/ysyx-workbench-rv32-interview/npc/tests/rtl/riscv32_pipeline_control_tb.sv \
	--Mdir /home/yong/ysyx/ysyx-workbench-rv32-interview/npc/build/riscv32/rv32-baseline/icache-256b-way-1-line-16b/dcache-256b-way-2-line-16b/predictor-bht-16-btb-16x2-ras-4/obj_dir_pipeline_test \
	-o /home/yong/ysyx/ysyx-workbench-rv32-interview/npc/build/riscv32/rv32-baseline/icache-256b-way-1-line-16b/dcache-256b-way-2-line-16b/predictor-bht-16-btb-16x2-ras-4/pipeline_control_test
%Warning-PINCONNECTEMPTY: /home/yong/ysyx/ysyx-workbench-rv32-interview/npc/tests/rtl/riscv32_pipeline_control_tb.sv:221:8: Instance pin connected by name with empty reference: 'writeback_result_ready_o'
  221 |       .writeback_result_ready_o(),
      |        ^~~~~~~~~~~~~~~~~~~~~~~~
                          ... For warning description see https://verilator.org/warn/PINCONNECTEMPTY?v=5.043
                          ... Use "/* verilator lint_off PINCONNECTEMPTY */" and lint_on around source to disable this message.
%Warning-PINCONNECTEMPTY: /home/yong/ysyx/ysyx-workbench-rv32-interview/npc/tests/rtl/riscv32_pipeline_control_tb.sv:224:8: Instance pin connected by name with empty reference: 'gpr_write_data_o'
  224 |       .gpr_write_data_o        (),
      |        ^~~~~~~~~~~~~~~~
%Warning-PINCONNECTEMPTY: /home/yong/ysyx/ysyx-workbench-rv32-interview/npc/tests/rtl/riscv32_pipeline_control_tb.sv:225:8: Instance pin connected by name with empty reference: 'gpr_write_addr_o'
  225 |       .gpr_write_addr_o        (),
      |        ^~~~~~~~~~~~~~~~
%Warning-PINCONNECTEMPTY: /home/yong/ysyx/ysyx-workbench-rv32-interview/npc/tests/rtl/riscv32_pipeline_control_tb.sv:226:8: Instance pin connected by name with empty reference: 'gpr_write_enable_o'
  226 |       .gpr_write_enable_o      ()
      |        ^~~~~~~~~~~~~~~~~~
%Warning-PINCONNECTEMPTY: /home/yong/ysyx/ysyx-workbench-rv32-interview/npc/tests/rtl/riscv32_pipeline_control_tb.sv:236:8: Instance pin connected by name with empty reference: 'trap_valid_o'
  236 |       .trap_valid_o        (),
      |        ^~~~~~~~~~~~
%Warning-PINCONNECTEMPTY: /home/yong/ysyx/ysyx-workbench-rv32-interview/npc/tests/rtl/riscv32_pipeline_control_tb.sv:237:8: Instance pin connected by name with empty reference: 'trap_pc_o'
  237 |       .trap_pc_o           (),
      |        ^~~~~~~~~
%Warning-PINCONNECTEMPTY: /home/yong/ysyx/ysyx-workbench-rv32-interview/npc/tests/rtl/riscv32_pipeline_control_tb.sv:238:8: Instance pin connected by name with empty reference: 'trap_cause_o'
  238 |       .trap_cause_o        (),
      |        ^~~~~~~~~~~~
%Warning-PINCONNECTEMPTY: /home/yong/ysyx/ysyx-workbench-rv32-interview/npc/tests/rtl/riscv32_pipeline_control_tb.sv:239:8: Instance pin connected by name with empty reference: 'trap_tval_o'
  239 |       .trap_tval_o         (),
      |        ^~~~~~~~~~~
%Warning-PINCONNECTEMPTY: /home/yong/ysyx/ysyx-workbench-rv32-interview/npc/tests/rtl/riscv32_pipeline_control_tb.sv:240:8: Instance pin connected by name with empty reference: 'mret_valid_o'
  240 |       .mret_valid_o        (),
      |        ^~~~~~~~~~~~
%Warning-SYNCASYNCNET: /home/yong/ysyx/ysyx-workbench-rv32-interview/npc/tests/rtl/riscv32_pipeline_control_tb.sv:8:24: Signal flopped as both synchronous and async: 'riscv32_pipeline_control_tb.rst_ni'
                       /home/yong/ysyx/ysyx-workbench-rv32-interview/npc/vsrc/riscv32/core/frontend/riscv32_ifu.sv:129:10: ... Location of async usage
  129 |     if (!rst_ni) begin
      |          ^~~~~~
                       /home/yong/ysyx/ysyx-workbench-rv32-interview/npc/vsrc/riscv32/core/frontend/riscv32_ifu.sv:278:51: ... Location of sync usage
  278 |   assert property (@(posedge clk_i) disable iff (!rst_ni)
      |                                                   ^~~~~~
                       ... For warning description see https://verilator.org/warn/SYNCASYNCNET?v=5.043
                       ... Use "/* verilator lint_off SYNCASYNCNET */" and lint_on around source to disable this message.
make[1]: Entering directory '/home/yong/ysyx/ysyx-workbench-rv32-interview/npc/build/riscv32/rv32-baseline/icache-256b-way-1-line-16b/dcache-256b-way-2-line-16b/predictor-bht-16-btb-16x2-ras-4/obj_dir_pipeline_test'
g++ -Os  -I.  -MMD -I/home/yong/tools/oss-cad-suite/share/verilator/include -I/home/yong/tools/oss-cad-suite/share/verilator/include/vltstd -DVERILATOR=1 -DVM_COVERAGE=0 -DVM_SC=0 -DVM_TIMING=1 -DVM_TRACE=0 -DVM_TRACE_FST=0 -DVM_TRACE_VCD=0 -DVM_TRACE_SAIF=0 -faligned-new -fcf-protection=none -Wno-bool-operation -Wno-int-in-bool-context -Wno-shadow -Wno-sign-compare -Wno-subobject-linkage -Wno-tautological-compare -Wno-uninitialized -Wno-unused-but-set-parameter -Wno-unused-but-set-variable -Wno-unused-parameter -Wno-unused-variable    -DVL_TIME_CONTEXT   -fcoroutines -c -o verilated.o /home/yong/tools/oss-cad-suite/share/verilator/include/verilated.cpp
g++ -Os  -I.  -MMD -I/home/yong/tools/oss-cad-suite/share/verilator/include -I/home/yong/tools/oss-cad-suite/share/verilator/include/vltstd -DVERILATOR=1 -DVM_COVERAGE=0 -DVM_SC=0 -DVM_TIMING=1 -DVM_TRACE=0 -DVM_TRACE_FST=0 -DVM_TRACE_VCD=0 -DVM_TRACE_SAIF=0 -faligned-new -fcf-protection=none -Wno-bool-operation -Wno-int-in-bool-context -Wno-shadow -Wno-sign-compare -Wno-subobject-linkage -Wno-tautological-compare -Wno-uninitialized -Wno-unused-but-set-parameter -Wno-unused-but-set-variable -Wno-unused-parameter -Wno-unused-variable    -DVL_TIME_CONTEXT   -fcoroutines -c -o verilated_timing.o /home/yong/tools/oss-cad-suite/share/verilator/include/verilated_timing.cpp
g++ -Os  -I.  -MMD -I/home/yong/tools/oss-cad-suite/share/verilator/include -I/home/yong/tools/oss-cad-suite/share/verilator/include/vltstd -DVERILATOR=1 -DVM_COVERAGE=0 -DVM_SC=0 -DVM_TIMING=1 -DVM_TRACE=0 -DVM_TRACE_FST=0 -DVM_TRACE_VCD=0 -DVM_TRACE_SAIF=0 -faligned-new -fcf-protection=none -Wno-bool-operation -Wno-int-in-bool-context -Wno-shadow -Wno-sign-compare -Wno-subobject-linkage -Wno-tautological-compare -Wno-uninitialized -Wno-unused-but-set-parameter -Wno-unused-but-set-variable -Wno-unused-parameter -Wno-unused-variable    -DVL_TIME_CONTEXT   -fcoroutines -c -o verilated_threads.o /home/yong/tools/oss-cad-suite/share/verilator/include/verilated_threads.cpp
g++ -Os  -I.  -MMD -I/home/yong/tools/oss-cad-suite/share/verilator/include -I/home/yong/tools/oss-cad-suite/share/verilator/include/vltstd -DVERILATOR=1 -DVM_COVERAGE=0 -DVM_SC=0 -DVM_TIMING=1 -DVM_TRACE=0 -DVM_TRACE_FST=0 -DVM_TRACE_VCD=0 -DVM_TRACE_SAIF=0 -faligned-new -fcf-protection=none -Wno-bool-operation -Wno-int-in-bool-context -Wno-shadow -Wno-sign-compare -Wno-subobject-linkage -Wno-tautological-compare -Wno-uninitialized -Wno-unused-but-set-parameter -Wno-unused-but-set-variable -Wno-unused-parameter -Wno-unused-variable    -DVL_TIME_CONTEXT   -fcoroutines -x c++-header Vriscv32_pipeline_control_tb__pch.h -o Vriscv32_pipeline_control_tb__pch.h.fast.gch
g++ -Os  -I.  -MMD -I/home/yong/tools/oss-cad-suite/share/verilator/include -I/home/yong/tools/oss-cad-suite/share/verilator/include/vltstd -DVERILATOR=1 -DVM_COVERAGE=0 -DVM_SC=0 -DVM_TIMING=1 -DVM_TRACE=0 -DVM_TRACE_FST=0 -DVM_TRACE_VCD=0 -DVM_TRACE_SAIF=0 -faligned-new -fcf-protection=none -Wno-bool-operation -Wno-int-in-bool-context -Wno-shadow -Wno-sign-compare -Wno-subobject-linkage -Wno-tautological-compare -Wno-uninitialized -Wno-unused-but-set-parameter -Wno-unused-but-set-variable -Wno-unused-parameter -Wno-unused-variable    -DVL_TIME_CONTEXT   -fcoroutines -include Vriscv32_pipeline_control_tb__pch.h.fast -c -o Vriscv32_pipeline_control_tb.o Vriscv32_pipeline_control_tb.cpp
g++ -Os  -I.  -MMD -I/home/yong/tools/oss-cad-suite/share/verilator/include -I/home/yong/tools/oss-cad-suite/share/verilator/include/vltstd -DVERILATOR=1 -DVM_COVERAGE=0 -DVM_SC=0 -DVM_TIMING=1 -DVM_TRACE=0 -DVM_TRACE_FST=0 -DVM_TRACE_VCD=0 -DVM_TRACE_SAIF=0 -faligned-new -fcf-protection=none -Wno-bool-operation -Wno-int-in-bool-context -Wno-shadow -Wno-sign-compare -Wno-subobject-linkage -Wno-tautological-compare -Wno-uninitialized -Wno-unused-but-set-parameter -Wno-unused-but-set-variable -Wno-unused-parameter -Wno-unused-variable    -DVL_TIME_CONTEXT   -fcoroutines -include Vriscv32_pipeline_control_tb__pch.h.fast -c -o Vriscv32_pipeline_control_tb___024root__0.o Vriscv32_pipeline_control_tb___024root__0.cpp
g++ -Os  -I.  -MMD -I/home/yong/tools/oss-cad-suite/share/verilator/include -I/home/yong/tools/oss-cad-suite/share/verilator/include/vltstd -DVERILATOR=1 -DVM_COVERAGE=0 -DVM_SC=0 -DVM_TIMING=1 -DVM_TRACE=0 -DVM_TRACE_FST=0 -DVM_TRACE_VCD=0 -DVM_TRACE_SAIF=0 -faligned-new -fcf-protection=none -Wno-bool-operation -Wno-int-in-bool-context -Wno-shadow -Wno-sign-compare -Wno-subobject-linkage -Wno-tautological-compare -Wno-uninitialized -Wno-unused-but-set-parameter -Wno-unused-but-set-variable -Wno-unused-parameter -Wno-unused-variable    -DVL_TIME_CONTEXT   -fcoroutines -include Vriscv32_pipeline_control_tb__pch.h.fast -c -o Vriscv32_pipeline_control_tb___024root__1.o Vriscv32_pipeline_control_tb___024root__1.cpp
g++ -Os  -I.  -MMD -I/home/yong/tools/oss-cad-suite/share/verilator/include -I/home/yong/tools/oss-cad-suite/share/verilator/include/vltstd -DVERILATOR=1 -DVM_COVERAGE=0 -DVM_SC=0 -DVM_TIMING=1 -DVM_TRACE=0 -DVM_TRACE_FST=0 -DVM_TRACE_VCD=0 -DVM_TRACE_SAIF=0 -faligned-new -fcf-protection=none -Wno-bool-operation -Wno-int-in-bool-context -Wno-shadow -Wno-sign-compare -Wno-subobject-linkage -Wno-tautological-compare -Wno-uninitialized -Wno-unused-but-set-parameter -Wno-unused-but-set-variable -Wno-unused-parameter -Wno-unused-variable    -DVL_TIME_CONTEXT   -fcoroutines -include Vriscv32_pipeline_control_tb__pch.h.fast -c -o Vriscv32_pipeline_control_tb__main.o Vriscv32_pipeline_control_tb__main.cpp
g++   -I.  -MMD -I/home/yong/tools/oss-cad-suite/share/verilator/include -I/home/yong/tools/oss-cad-suite/share/verilator/include/vltstd -DVERILATOR=1 -DVM_COVERAGE=0 -DVM_SC=0 -DVM_TIMING=1 -DVM_TRACE=0 -DVM_TRACE_FST=0 -DVM_TRACE_VCD=0 -DVM_TRACE_SAIF=0 -faligned-new -fcf-protection=none -Wno-bool-operation -Wno-int-in-bool-context -Wno-shadow -Wno-sign-compare -Wno-subobject-linkage -Wno-tautological-compare -Wno-uninitialized -Wno-unused-but-set-parameter -Wno-unused-but-set-variable -Wno-unused-parameter -Wno-unused-variable    -DVL_TIME_CONTEXT   -fcoroutines -x c++-header Vriscv32_pipeline_control_tb__pch.h -o Vriscv32_pipeline_control_tb__pch.h.slow.gch
g++   -I.  -MMD -I/home/yong/tools/oss-cad-suite/share/verilator/include -I/home/yong/tools/oss-cad-suite/share/verilator/include/vltstd -DVERILATOR=1 -DVM_COVERAGE=0 -DVM_SC=0 -DVM_TIMING=1 -DVM_TRACE=0 -DVM_TRACE_FST=0 -DVM_TRACE_VCD=0 -DVM_TRACE_SAIF=0 -faligned-new -fcf-protection=none -Wno-bool-operation -Wno-int-in-bool-context -Wno-shadow -Wno-sign-compare -Wno-subobject-linkage -Wno-tautological-compare -Wno-uninitialized -Wno-unused-but-set-parameter -Wno-unused-but-set-variable -Wno-unused-parameter -Wno-unused-variable    -DVL_TIME_CONTEXT   -fcoroutines -include Vriscv32_pipeline_control_tb__pch.h.slow -c -o Vriscv32_pipeline_control_tb__ConstPool__0__Slow.o Vriscv32_pipeline_control_tb__ConstPool__0__Slow.cpp
g++   -I.  -MMD -I/home/yong/tools/oss-cad-suite/share/verilator/include -I/home/yong/tools/oss-cad-suite/share/verilator/include/vltstd -DVERILATOR=1 -DVM_COVERAGE=0 -DVM_SC=0 -DVM_TIMING=1 -DVM_TRACE=0 -DVM_TRACE_FST=0 -DVM_TRACE_VCD=0 -DVM_TRACE_SAIF=0 -faligned-new -fcf-protection=none -Wno-bool-operation -Wno-int-in-bool-context -Wno-shadow -Wno-sign-compare -Wno-subobject-linkage -Wno-tautological-compare -Wno-uninitialized -Wno-unused-but-set-parameter -Wno-unused-but-set-variable -Wno-unused-parameter -Wno-unused-variable    -DVL_TIME_CONTEXT   -fcoroutines -include Vriscv32_pipeline_control_tb__pch.h.slow -c -o Vriscv32_pipeline_control_tb___024root__Slow.o Vriscv32_pipeline_control_tb___024root__Slow.cpp
g++   -I.  -MMD -I/home/yong/tools/oss-cad-suite/share/verilator/include -I/home/yong/tools/oss-cad-suite/share/verilator/include/vltstd -DVERILATOR=1 -DVM_COVERAGE=0 -DVM_SC=0 -DVM_TIMING=1 -DVM_TRACE=0 -DVM_TRACE_FST=0 -DVM_TRACE_VCD=0 -DVM_TRACE_SAIF=0 -faligned-new -fcf-protection=none -Wno-bool-operation -Wno-int-in-bool-context -Wno-shadow -Wno-sign-compare -Wno-subobject-linkage -Wno-tautological-compare -Wno-uninitialized -Wno-unused-but-set-parameter -Wno-unused-but-set-variable -Wno-unused-parameter -Wno-unused-variable    -DVL_TIME_CONTEXT   -fcoroutines -include Vriscv32_pipeline_control_tb__pch.h.slow -c -o Vriscv32_pipeline_control_tb___024root__0__Slow.o Vriscv32_pipeline_control_tb___024root__0__Slow.cpp
g++   -I.  -MMD -I/home/yong/tools/oss-cad-suite/share/verilator/include -I/home/yong/tools/oss-cad-suite/share/verilator/include/vltstd -DVERILATOR=1 -DVM_COVERAGE=0 -DVM_SC=0 -DVM_TIMING=1 -DVM_TRACE=0 -DVM_TRACE_FST=0 -DVM_TRACE_VCD=0 -DVM_TRACE_SAIF=0 -faligned-new -fcf-protection=none -Wno-bool-operation -Wno-int-in-bool-context -Wno-shadow -Wno-sign-compare -Wno-subobject-linkage -Wno-tautological-compare -Wno-uninitialized -Wno-unused-but-set-parameter -Wno-unused-but-set-variable -Wno-unused-parameter -Wno-unused-variable    -DVL_TIME_CONTEXT   -fcoroutines -include Vriscv32_pipeline_control_tb__pch.h.slow -c -o Vriscv32_pipeline_control_tb__Syms__Slow.o Vriscv32_pipeline_control_tb__Syms__Slow.cpp
g++    verilated.o verilated_timing.o verilated_threads.o Vriscv32_pipeline_control_tb__ALL.a    -pthread -lpthread -latomic   -o /home/yong/ysyx/ysyx-workbench-rv32-interview/npc/build/riscv32/rv32-baseline/icache-256b-way-1-line-16b/dcache-256b-way-2-line-16b/predictor-bht-16-btb-16x2-ras-4/pipeline_control_test
rm Vriscv32_pipeline_control_tb__ALL.verilator_deplist.tmp
make[1]: Leaving directory '/home/yong/ysyx/ysyx-workbench-rv32-interview/npc/build/riscv32/rv32-baseline/icache-256b-way-1-line-16b/dcache-256b-way-2-line-16b/predictor-bht-16-btb-16x2-ras-4/obj_dir_pipeline_test'
- V e r i l a t i o n   R e p o r t: Verilator 5.043 devel rev v5.042-244-g4080284e5
- Verilator: Built from 1.410 MB sources in 17 modules, into 0.994 MB in 8 C++ files needing 0.002 MB
- Verilator: Walltime 17.136 s (elab=0.017, cvt=0.081, bld=16.986); cpu 0.150 s on 1 threads; alloced 28.883 MB
/home/yong/ysyx/ysyx-workbench-rv32-interview/npc/build/riscv32/rv32-baseline/icache-256b-way-1-line-16b/dcache-256b-way-2-line-16b/predictor-bht-16-btb-16x2-ras-4/pipeline_control_test
PASS fetch queue: 1012 checked outputs, 746 simultaneous transfers, 34 flushes
pipeline control tests passed: XLEN=32
- /home/yong/ysyx/ysyx-workbench-rv32-interview/npc/tests/rtl/riscv32_pipeline_control_tb.sv:1318: Verilog $finish
- S i m u l a t i o n   R e p o r t: Verilator 5.043 devel
- Verilator: $finish at 21ns; walltime 0.002 s; speed 8.629 us/s
- Verilator: cpu 0.002 s on 1 threads; alloced 6 MB
verilator --binary --timing --assert -Wall -Wno-fatal -Wno-UNUSEDPARAM \
	-Wno-UNUSEDSIGNAL \
	+define+YSYX_RV32_BASELINE  +define+YSYX_ICACHE_CAPACITY_BYTES=256 +define+YSYX_ICACHE_WAY_COUNT=1 +define+YSYX_ICACHE_LINE_BYTES=16 +define+YSYX_DCACHE_ENABLE=1 +define+YSYX_DCACHE_CAPACITY_BYTES=256 +define+YSYX_DCACHE_WAY_COUNT=2 +define+YSYX_DCACHE_LINE_BYTES=16 +define+YSYX_BRANCH_HISTORY_ENTRY_COUNT=16 +define+YSYX_BRANCH_TARGET_ENTRY_COUNT=16 +define+YSYX_BRANCH_TARGET_WAY_COUNT=2 +define+YSYX_RETURN_STACK_ENTRY_COUNT=4 +define+YSYX_SDRAM_NATIVE_READ_BURST=1 \
	--top-module riscv32_exu_alu_tb \
	/home/yong/ysyx/ysyx-workbench-rv32-interview/npc/vsrc/riscv32/common/riscv_config_pkg.sv /home/yong/ysyx/ysyx-workbench-rv32-interview/npc/vsrc/riscv32/common/riscv32_addr_map_pkg.sv /home/yong/ysyx/ysyx-workbench-rv32-interview/npc/vsrc/riscv32/common/riscv32_pkg.sv /home/yong/ysyx/ysyx-workbench-rv32-interview/npc/vsrc/riscv32/core/execute/riscv32_exu.sv /home/yong/ysyx/ysyx-workbench-rv32-interview/npc/tests/rtl/riscv32_exu_alu_tb.sv \
	--Mdir /home/yong/ysyx/ysyx-workbench-rv32-interview/npc/build/riscv32/rv32-baseline/icache-256b-way-1-line-16b/dcache-256b-way-2-line-16b/predictor-bht-16-btb-16x2-ras-4/obj_dir_exu_test \
	-o /home/yong/ysyx/ysyx-workbench-rv32-interview/npc/build/riscv32/rv32-baseline/icache-256b-way-1-line-16b/dcache-256b-way-2-line-16b/predictor-bht-16-btb-16x2-ras-4/exu_alu_test
%Warning-PINCONNECTEMPTY: /home/yong/ysyx/ysyx-workbench-rv32-interview/npc/tests/rtl/riscv32_exu_alu_tb.sv:13:8: Instance pin connected by name with empty reference: 'sequential_redirect_o'
   13 |       .sequential_redirect_o(), .sequential_redirect_valid_o(),
      |        ^~~~~~~~~~~~~~~~~~~~~
                          ... For warning description see https://verilator.org/warn/PINCONNECTEMPTY?v=5.043
                          ... Use "/* verilator lint_off PINCONNECTEMPTY */" and lint_on around source to disable this message.
%Warning-PINCONNECTEMPTY: /home/yong/ysyx/ysyx-workbench-rv32-interview/npc/tests/rtl/riscv32_exu_alu_tb.sv:13:34: Instance pin connected by name with empty reference: 'sequential_redirect_valid_o'
   13 |       .sequential_redirect_o(), .sequential_redirect_valid_o(),
      |                                  ^~~~~~~~~~~~~~~~~~~~~~~~~~~
make[1]: Entering directory '/home/yong/ysyx/ysyx-workbench-rv32-interview/npc/build/riscv32/rv32-baseline/icache-256b-way-1-line-16b/dcache-256b-way-2-line-16b/predictor-bht-16-btb-16x2-ras-4/obj_dir_exu_test'
g++ -Os  -I.  -MMD -I/home/yong/tools/oss-cad-suite/share/verilator/include -I/home/yong/tools/oss-cad-suite/share/verilator/include/vltstd -DVERILATOR=1 -DVM_COVERAGE=0 -DVM_SC=0 -DVM_TIMING=1 -DVM_TRACE=0 -DVM_TRACE_FST=0 -DVM_TRACE_VCD=0 -DVM_TRACE_SAIF=0 -faligned-new -fcf-protection=none -Wno-bool-operation -Wno-int-in-bool-context -Wno-shadow -Wno-sign-compare -Wno-subobject-linkage -Wno-tautological-compare -Wno-uninitialized -Wno-unused-but-set-parameter -Wno-unused-but-set-variable -Wno-unused-parameter -Wno-unused-variable    -DVL_TIME_CONTEXT   -fcoroutines -c -o verilated.o /home/yong/tools/oss-cad-suite/share/verilator/include/verilated.cpp
g++ -Os  -I.  -MMD -I/home/yong/tools/oss-cad-suite/share/verilator/include -I/home/yong/tools/oss-cad-suite/share/verilator/include/vltstd -DVERILATOR=1 -DVM_COVERAGE=0 -DVM_SC=0 -DVM_TIMING=1 -DVM_TRACE=0 -DVM_TRACE_FST=0 -DVM_TRACE_VCD=0 -DVM_TRACE_SAIF=0 -faligned-new -fcf-protection=none -Wno-bool-operation -Wno-int-in-bool-context -Wno-shadow -Wno-sign-compare -Wno-subobject-linkage -Wno-tautological-compare -Wno-uninitialized -Wno-unused-but-set-parameter -Wno-unused-but-set-variable -Wno-unused-parameter -Wno-unused-variable    -DVL_TIME_CONTEXT   -fcoroutines -c -o verilated_timing.o /home/yong/tools/oss-cad-suite/share/verilator/include/verilated_timing.cpp
g++ -Os  -I.  -MMD -I/home/yong/tools/oss-cad-suite/share/verilator/include -I/home/yong/tools/oss-cad-suite/share/verilator/include/vltstd -DVERILATOR=1 -DVM_COVERAGE=0 -DVM_SC=0 -DVM_TIMING=1 -DVM_TRACE=0 -DVM_TRACE_FST=0 -DVM_TRACE_VCD=0 -DVM_TRACE_SAIF=0 -faligned-new -fcf-protection=none -Wno-bool-operation -Wno-int-in-bool-context -Wno-shadow -Wno-sign-compare -Wno-subobject-linkage -Wno-tautological-compare -Wno-uninitialized -Wno-unused-but-set-parameter -Wno-unused-but-set-variable -Wno-unused-parameter -Wno-unused-variable    -DVL_TIME_CONTEXT   -fcoroutines -c -o verilated_threads.o /home/yong/tools/oss-cad-suite/share/verilator/include/verilated_threads.cpp
python3 /home/yong/tools/oss-cad-suite/share/verilator/bin/verilator_includer -DVL_INCLUDE_OPT=include Vriscv32_exu_alu_tb.cpp Vriscv32_exu_alu_tb___024root__0.cpp Vriscv32_exu_alu_tb__main.cpp Vriscv32_exu_alu_tb__ConstPool__0__Slow.cpp Vriscv32_exu_alu_tb___024root__Slow.cpp Vriscv32_exu_alu_tb___024root__0__Slow.cpp Vriscv32_exu_alu_tb__Syms__Slow.cpp > Vriscv32_exu_alu_tb__ALL.cpp
g++ -Os  -I.  -MMD -I/home/yong/tools/oss-cad-suite/share/verilator/include -I/home/yong/tools/oss-cad-suite/share/verilator/include/vltstd -DVERILATOR=1 -DVM_COVERAGE=0 -DVM_SC=0 -DVM_TIMING=1 -DVM_TRACE=0 -DVM_TRACE_FST=0 -DVM_TRACE_VCD=0 -DVM_TRACE_SAIF=0 -faligned-new -fcf-protection=none -Wno-bool-operation -Wno-int-in-bool-context -Wno-shadow -Wno-sign-compare -Wno-subobject-linkage -Wno-tautological-compare -Wno-uninitialized -Wno-unused-but-set-parameter -Wno-unused-but-set-variable -Wno-unused-parameter -Wno-unused-variable    -DVL_TIME_CONTEXT   -fcoroutines -c -o Vriscv32_exu_alu_tb__ALL.o Vriscv32_exu_alu_tb__ALL.cpp
g++    verilated.o verilated_timing.o verilated_threads.o Vriscv32_exu_alu_tb__ALL.a    -pthread -lpthread -latomic   -o /home/yong/ysyx/ysyx-workbench-rv32-interview/npc/build/riscv32/rv32-baseline/icache-256b-way-1-line-16b/dcache-256b-way-2-line-16b/predictor-bht-16-btb-16x2-ras-4/exu_alu_test
rm Vriscv32_exu_alu_tb__ALL.verilator_deplist.tmp
make[1]: Leaving directory '/home/yong/ysyx/ysyx-workbench-rv32-interview/npc/build/riscv32/rv32-baseline/icache-256b-way-1-line-16b/dcache-256b-way-2-line-16b/predictor-bht-16-btb-16x2-ras-4/obj_dir_exu_test'
- V e r i l a t i o n   R e p o r t: Verilator 5.043 devel rev v5.042-244-g4080284e5
- Verilator: Built from 0.243 MB sources in 6 modules, into 0.113 MB in 7 C++ files needing 0.001 MB
- Verilator: Walltime 7.693 s (elab=0.005, cvt=0.018, bld=7.636); cpu 0.040 s on 1 threads; alloced 21.746 MB
/home/yong/ysyx/ysyx-workbench-rv32-interview/npc/build/riscv32/rv32-baseline/icache-256b-way-1-line-16b/dcache-256b-way-2-line-16b/predictor-bht-16-btb-16x2-ras-4/exu_alu_test
EXU directed ALU test passed for XLEN=32
- /home/yong/ysyx/ysyx-workbench-rv32-interview/npc/tests/rtl/riscv32_exu_alu_tb.sv:153: Verilog $finish
- S i m u l a t i o n   R e p o r t: Verilator 5.043 devel
- Verilator: $finish at 6ps; walltime 0.000 s; speed 61.728 ns/s
- Verilator: cpu 0.000 s on 1 threads; alloced 6 MB
make: Leaving directory '/home/yong/ysyx/ysyx-workbench-rv32-interview/npc'
