%Warning-WIDTHEXPAND: /home/yong/ysyx/ysyx-workbench-rv32-interview/npc/vsrc/riscv32/core/frontend/riscv32_icache_axi.sv:89:63: Operator COND expects 8 bits on the Conditional True, but Conditional True's SEL generates 3 bits.
                                                                                                                              : ... note: In instance 'riscv32_precise_exception_tb.dut.u_icache_axi'
   89 |         axi_manager_o.ar.len   = 8'(((state_q == REFILL_IDLE) ?
      |                                                               ^
                      ... For warning description see https://verilator.org/warn/WIDTHEXPAND?v=5.043
                      ... Use "/* verilator lint_off WIDTHEXPAND */" and lint_on around source to disable this message.
%Warning-WIDTHEXPAND: /home/yong/ysyx/ysyx-workbench-rv32-interview/npc/vsrc/riscv32/core/frontend/riscv32_icache_axi.sv:89:63: Operator COND expects 8 bits on the Conditional False, but Conditional False's SEL generates 3 bits.
                                                                                                                              : ... note: In instance 'riscv32_precise_exception_tb.dut.u_icache_axi'
   89 |         axi_manager_o.ar.len   = 8'(((state_q == REFILL_IDLE) ?
      |                                                               ^
%Warning-WIDTHTRUNC: /home/yong/ysyx/ysyx-workbench-rv32-interview/npc/tests/exception/riscv32_precise_exception_tb.sv:44:27: Logical operator COND expects 1 bit on the Conditional Test, but Conditional Test's VARREF 'mmio' generates 32 bits.
                                                                                                                            : ... note: In instance 'riscv32_precise_exception_tb'
   44 |   assign data_base = mmio ? 32'h10002000 : 32'h0f000000;
      |                           ^
                     ... For warning description see https://verilator.org/warn/WIDTHTRUNC?v=5.043
                     ... Use "/* verilator lint_off WIDTHTRUNC */" and lint_on around source to disable this message.
%Warning-WIDTHTRUNC: /home/yong/ysyx/ysyx-workbench-rv32-interview/npc/tests/exception/riscv32_precise_exception_tb.sv:48:33: Logical operator COND expects 1 bit on the Conditional Test, but Conditional Test's VARREF 'mmio' generates 32 bits.
                                                                                                                            : ... note: In instance 'riscv32_precise_exception_tb'
   48 |       32'h80000000: return mmio ? 32'h100022b7 : 32'h0f0002b7;  
      |                                 ^
%Warning-WIDTHTRUNC: /home/yong/ysyx/ysyx-workbench-rv32-interview/npc/tests/exception/riscv32_precise_exception_tb.sv:63:41: Logical operator COND expects 1 bit on the Conditional Test, but Conditional Test's VARREF 'younger_load' generates 32 bits.
                                                                                                                            : ... note: In instance 'riscv32_precise_exception_tb'
   63 |       32'h8000001c: return younger_load ? 32'h0042ae83 : 32'h0062a223;  
      |                                         ^
%Warning-WIDTHTRUNC: /home/yong/ysyx/ysyx-workbench-rv32-interview/npc/tests/exception/riscv32_precise_exception_tb.sv:184:11: Logical operator IF expects 1 bit on the If, but If's VARREF 'younger_load' generates 32 bits.
                                                                                                                             : ... note: In instance 'riscv32_precise_exception_tb'
  184 |           if (younger_load) begin
      |           ^~
%Warning-UNOPTFLAT: /home/yong/ysyx/ysyx-workbench-rv32-interview/npc/vsrc/riscv32/core/memory/riscv32_uncached_axi.sv:63:9: Signal unoptimizable: Circular combinational logic: 'riscv32_precise_exception_tb.dut.u_data_mem.u_uncached_axi.new_request_window_open'
   63 |   logic new_request_window_open;
      |         ^~~~~~~~~~~~~~~~~~~~~~~
                    ... For warning description see https://verilator.org/warn/UNOPTFLAT?v=5.043
                    ... Use "/* verilator lint_off UNOPTFLAT */" and lint_on around source to disable this message.
                    /home/yong/ysyx/ysyx-workbench-rv32-interview/npc/vsrc/riscv32/core/memory/riscv32_uncached_axi.sv:63:9:      Example path: riscv32_precise_exception_tb.dut.u_data_mem.u_uncached_axi.new_request_window_open
                    /home/yong/ysyx/ysyx-workbench-rv32-interview/npc/vsrc/riscv32/core/memory/riscv32_data_mem.sv:59:28:      Example path: ASSIGNW
                    /home/yong/ysyx/ysyx-workbench-rv32-interview/npc/vsrc/riscv32/core/memory/riscv32_data_mem.sv:59:28:      Example path: riscv32_precise_exception_tb.dut.u_data_mem.uncached_axi_manager
                    /home/yong/ysyx/ysyx-workbench-rv32-interview/npc/vsrc/riscv32/core/memory/riscv32_uncached_axi.sv:69:39:      Example path: ASSIGNW
                    /home/yong/ysyx/ysyx-workbench-rv32-interview/npc/vsrc/riscv32/core/memory/riscv32_uncached_axi.sv:57:9:      Example path: riscv32_precise_exception_tb.dut.u_data_mem.u_uncached_axi.axi_read_data_handshake
                    /home/yong/ysyx/ysyx-workbench-rv32-interview/npc/vsrc/riscv32/core/memory/riscv32_uncached_axi.sv:79:34:      Example path: ASSIGNW
                    /home/yong/ysyx/ysyx-workbench-rv32-interview/npc/vsrc/riscv32/core/memory/riscv32_uncached_axi.sv:63:9:      Example path: riscv32_precise_exception_tb.dut.u_data_mem.u_uncached_axi.new_request_window_open
make[1]: Entering directory '/home/yong/ysyx/ysyx-workbench-rv32-interview/npc/result/verification/rv32-fence-error-fix-20260921/exception/obj'
g++ -Os  -I.  -MMD -I/home/yong/tools/oss-cad-suite/share/verilator/include -I/home/yong/tools/oss-cad-suite/share/verilator/include/vltstd -DVERILATOR=1 -DVM_COVERAGE=0 -DVM_SC=0 -DVM_TIMING=1 -DVM_TRACE=0 -DVM_TRACE_FST=0 -DVM_TRACE_VCD=0 -DVM_TRACE_SAIF=0 -faligned-new -fcf-protection=none -Wno-bool-operation -Wno-int-in-bool-context -Wno-shadow -Wno-sign-compare -Wno-subobject-linkage -Wno-tautological-compare -Wno-uninitialized -Wno-unused-but-set-parameter -Wno-unused-but-set-variable -Wno-unused-parameter -Wno-unused-variable    -DVL_TIME_CONTEXT   -fcoroutines -c -o verilated.o /home/yong/tools/oss-cad-suite/share/verilator/include/verilated.cpp
g++ -Os  -I.  -MMD -I/home/yong/tools/oss-cad-suite/share/verilator/include -I/home/yong/tools/oss-cad-suite/share/verilator/include/vltstd -DVERILATOR=1 -DVM_COVERAGE=0 -DVM_SC=0 -DVM_TIMING=1 -DVM_TRACE=0 -DVM_TRACE_FST=0 -DVM_TRACE_VCD=0 -DVM_TRACE_SAIF=0 -faligned-new -fcf-protection=none -Wno-bool-operation -Wno-int-in-bool-context -Wno-shadow -Wno-sign-compare -Wno-subobject-linkage -Wno-tautological-compare -Wno-uninitialized -Wno-unused-but-set-parameter -Wno-unused-but-set-variable -Wno-unused-parameter -Wno-unused-variable    -DVL_TIME_CONTEXT   -fcoroutines -c -o verilated_dpi.o /home/yong/tools/oss-cad-suite/share/verilator/include/verilated_dpi.cpp
g++ -Os  -I.  -MMD -I/home/yong/tools/oss-cad-suite/share/verilator/include -I/home/yong/tools/oss-cad-suite/share/verilator/include/vltstd -DVERILATOR=1 -DVM_COVERAGE=0 -DVM_SC=0 -DVM_TIMING=1 -DVM_TRACE=0 -DVM_TRACE_FST=0 -DVM_TRACE_VCD=0 -DVM_TRACE_SAIF=0 -faligned-new -fcf-protection=none -Wno-bool-operation -Wno-int-in-bool-context -Wno-shadow -Wno-sign-compare -Wno-subobject-linkage -Wno-tautological-compare -Wno-uninitialized -Wno-unused-but-set-parameter -Wno-unused-but-set-variable -Wno-unused-parameter -Wno-unused-variable    -DVL_TIME_CONTEXT   -fcoroutines -c -o verilated_timing.o /home/yong/tools/oss-cad-suite/share/verilator/include/verilated_timing.cpp
g++ -Os  -I.  -MMD -I/home/yong/tools/oss-cad-suite/share/verilator/include -I/home/yong/tools/oss-cad-suite/share/verilator/include/vltstd -DVERILATOR=1 -DVM_COVERAGE=0 -DVM_SC=0 -DVM_TIMING=1 -DVM_TRACE=0 -DVM_TRACE_FST=0 -DVM_TRACE_VCD=0 -DVM_TRACE_SAIF=0 -faligned-new -fcf-protection=none -Wno-bool-operation -Wno-int-in-bool-context -Wno-shadow -Wno-sign-compare -Wno-subobject-linkage -Wno-tautological-compare -Wno-uninitialized -Wno-unused-but-set-parameter -Wno-unused-but-set-variable -Wno-unused-parameter -Wno-unused-variable    -DVL_TIME_CONTEXT   -fcoroutines -c -o verilated_threads.o /home/yong/tools/oss-cad-suite/share/verilator/include/verilated_threads.cpp
g++ -Os  -I.  -MMD -I/home/yong/tools/oss-cad-suite/share/verilator/include -I/home/yong/tools/oss-cad-suite/share/verilator/include/vltstd -DVERILATOR=1 -DVM_COVERAGE=0 -DVM_SC=0 -DVM_TIMING=1 -DVM_TRACE=0 -DVM_TRACE_FST=0 -DVM_TRACE_VCD=0 -DVM_TRACE_SAIF=0 -faligned-new -fcf-protection=none -Wno-bool-operation -Wno-int-in-bool-context -Wno-shadow -Wno-sign-compare -Wno-subobject-linkage -Wno-tautological-compare -Wno-uninitialized -Wno-unused-but-set-parameter -Wno-unused-but-set-variable -Wno-unused-parameter -Wno-unused-variable    -DVL_TIME_CONTEXT   -fcoroutines -x c++-header Vriscv32_precise_exception_tb__pch.h -o Vriscv32_precise_exception_tb__pch.h.fast.gch
g++   -I.  -MMD -I/home/yong/tools/oss-cad-suite/share/verilator/include -I/home/yong/tools/oss-cad-suite/share/verilator/include/vltstd -DVERILATOR=1 -DVM_COVERAGE=0 -DVM_SC=0 -DVM_TIMING=1 -DVM_TRACE=0 -DVM_TRACE_FST=0 -DVM_TRACE_VCD=0 -DVM_TRACE_SAIF=0 -faligned-new -fcf-protection=none -Wno-bool-operation -Wno-int-in-bool-context -Wno-shadow -Wno-sign-compare -Wno-subobject-linkage -Wno-tautological-compare -Wno-uninitialized -Wno-unused-but-set-parameter -Wno-unused-but-set-variable -Wno-unused-parameter -Wno-unused-variable    -DVL_TIME_CONTEXT   -fcoroutines -x c++-header Vriscv32_precise_exception_tb__pch.h -o Vriscv32_precise_exception_tb__pch.h.slow.gch
g++ -Os  -I.  -MMD -I/home/yong/tools/oss-cad-suite/share/verilator/include -I/home/yong/tools/oss-cad-suite/share/verilator/include/vltstd -DVERILATOR=1 -DVM_COVERAGE=0 -DVM_SC=0 -DVM_TIMING=1 -DVM_TRACE=0 -DVM_TRACE_FST=0 -DVM_TRACE_VCD=0 -DVM_TRACE_SAIF=0 -faligned-new -fcf-protection=none -Wno-bool-operation -Wno-int-in-bool-context -Wno-shadow -Wno-sign-compare -Wno-subobject-linkage -Wno-tautological-compare -Wno-uninitialized -Wno-unused-but-set-parameter -Wno-unused-but-set-variable -Wno-unused-parameter -Wno-unused-variable    -DVL_TIME_CONTEXT   -fcoroutines -include Vriscv32_precise_exception_tb__pch.h.fast -c -o Vriscv32_precise_exception_tb.o Vriscv32_precise_exception_tb.cpp
g++ -Os  -I.  -MMD -I/home/yong/tools/oss-cad-suite/share/verilator/include -I/home/yong/tools/oss-cad-suite/share/verilator/include/vltstd -DVERILATOR=1 -DVM_COVERAGE=0 -DVM_SC=0 -DVM_TIMING=1 -DVM_TRACE=0 -DVM_TRACE_FST=0 -DVM_TRACE_VCD=0 -DVM_TRACE_SAIF=0 -faligned-new -fcf-protection=none -Wno-bool-operation -Wno-int-in-bool-context -Wno-shadow -Wno-sign-compare -Wno-subobject-linkage -Wno-tautological-compare -Wno-uninitialized -Wno-unused-but-set-parameter -Wno-unused-but-set-variable -Wno-unused-parameter -Wno-unused-variable    -DVL_TIME_CONTEXT   -fcoroutines -include Vriscv32_precise_exception_tb__pch.h.fast -c -o Vriscv32_precise_exception_tb___024root__0.o Vriscv32_precise_exception_tb___024root__0.cpp
g++ -Os  -I.  -MMD -I/home/yong/tools/oss-cad-suite/share/verilator/include -I/home/yong/tools/oss-cad-suite/share/verilator/include/vltstd -DVERILATOR=1 -DVM_COVERAGE=0 -DVM_SC=0 -DVM_TIMING=1 -DVM_TRACE=0 -DVM_TRACE_FST=0 -DVM_TRACE_VCD=0 -DVM_TRACE_SAIF=0 -faligned-new -fcf-protection=none -Wno-bool-operation -Wno-int-in-bool-context -Wno-shadow -Wno-sign-compare -Wno-subobject-linkage -Wno-tautological-compare -Wno-uninitialized -Wno-unused-but-set-parameter -Wno-unused-but-set-variable -Wno-unused-parameter -Wno-unused-variable    -DVL_TIME_CONTEXT   -fcoroutines -include Vriscv32_precise_exception_tb__pch.h.fast -c -o Vriscv32_precise_exception_tb___024root__1.o Vriscv32_precise_exception_tb___024root__1.cpp
g++ -Os  -I.  -MMD -I/home/yong/tools/oss-cad-suite/share/verilator/include -I/home/yong/tools/oss-cad-suite/share/verilator/include/vltstd -DVERILATOR=1 -DVM_COVERAGE=0 -DVM_SC=0 -DVM_TIMING=1 -DVM_TRACE=0 -DVM_TRACE_FST=0 -DVM_TRACE_VCD=0 -DVM_TRACE_SAIF=0 -faligned-new -fcf-protection=none -Wno-bool-operation -Wno-int-in-bool-context -Wno-shadow -Wno-sign-compare -Wno-subobject-linkage -Wno-tautological-compare -Wno-uninitialized -Wno-unused-but-set-parameter -Wno-unused-but-set-variable -Wno-unused-parameter -Wno-unused-variable    -DVL_TIME_CONTEXT   -fcoroutines -include Vriscv32_precise_exception_tb__pch.h.fast -c -o Vriscv32_precise_exception_tb___024root__2.o Vriscv32_precise_exception_tb___024root__2.cpp
g++ -Os  -I.  -MMD -I/home/yong/tools/oss-cad-suite/share/verilator/include -I/home/yong/tools/oss-cad-suite/share/verilator/include/vltstd -DVERILATOR=1 -DVM_COVERAGE=0 -DVM_SC=0 -DVM_TIMING=1 -DVM_TRACE=0 -DVM_TRACE_FST=0 -DVM_TRACE_VCD=0 -DVM_TRACE_SAIF=0 -faligned-new -fcf-protection=none -Wno-bool-operation -Wno-int-in-bool-context -Wno-shadow -Wno-sign-compare -Wno-subobject-linkage -Wno-tautological-compare -Wno-uninitialized -Wno-unused-but-set-parameter -Wno-unused-but-set-variable -Wno-unused-parameter -Wno-unused-variable    -DVL_TIME_CONTEXT   -fcoroutines -include Vriscv32_precise_exception_tb__pch.h.fast -c -o Vriscv32_precise_exception_tb__main.o Vriscv32_precise_exception_tb__main.cpp
g++ -Os  -I.  -MMD -I/home/yong/tools/oss-cad-suite/share/verilator/include -I/home/yong/tools/oss-cad-suite/share/verilator/include/vltstd -DVERILATOR=1 -DVM_COVERAGE=0 -DVM_SC=0 -DVM_TIMING=1 -DVM_TRACE=0 -DVM_TRACE_FST=0 -DVM_TRACE_VCD=0 -DVM_TRACE_SAIF=0 -faligned-new -fcf-protection=none -Wno-bool-operation -Wno-int-in-bool-context -Wno-shadow -Wno-sign-compare -Wno-subobject-linkage -Wno-tautological-compare -Wno-uninitialized -Wno-unused-but-set-parameter -Wno-unused-but-set-variable -Wno-unused-parameter -Wno-unused-variable    -DVL_TIME_CONTEXT   -fcoroutines -include Vriscv32_precise_exception_tb__pch.h.fast -c -o Vriscv32_precise_exception_tb__Dpi.o Vriscv32_precise_exception_tb__Dpi.cpp
g++   -I.  -MMD -I/home/yong/tools/oss-cad-suite/share/verilator/include -I/home/yong/tools/oss-cad-suite/share/verilator/include/vltstd -DVERILATOR=1 -DVM_COVERAGE=0 -DVM_SC=0 -DVM_TIMING=1 -DVM_TRACE=0 -DVM_TRACE_FST=0 -DVM_TRACE_VCD=0 -DVM_TRACE_SAIF=0 -faligned-new -fcf-protection=none -Wno-bool-operation -Wno-int-in-bool-context -Wno-shadow -Wno-sign-compare -Wno-subobject-linkage -Wno-tautological-compare -Wno-uninitialized -Wno-unused-but-set-parameter -Wno-unused-but-set-variable -Wno-unused-parameter -Wno-unused-variable    -DVL_TIME_CONTEXT   -fcoroutines -include Vriscv32_precise_exception_tb__pch.h.slow -c -o Vriscv32_precise_exception_tb__ConstPool__0__Slow.o Vriscv32_precise_exception_tb__ConstPool__0__Slow.cpp
g++   -I.  -MMD -I/home/yong/tools/oss-cad-suite/share/verilator/include -I/home/yong/tools/oss-cad-suite/share/verilator/include/vltstd -DVERILATOR=1 -DVM_COVERAGE=0 -DVM_SC=0 -DVM_TIMING=1 -DVM_TRACE=0 -DVM_TRACE_FST=0 -DVM_TRACE_VCD=0 -DVM_TRACE_SAIF=0 -faligned-new -fcf-protection=none -Wno-bool-operation -Wno-int-in-bool-context -Wno-shadow -Wno-sign-compare -Wno-subobject-linkage -Wno-tautological-compare -Wno-uninitialized -Wno-unused-but-set-parameter -Wno-unused-but-set-variable -Wno-unused-parameter -Wno-unused-variable    -DVL_TIME_CONTEXT   -fcoroutines -include Vriscv32_precise_exception_tb__pch.h.slow -c -o Vriscv32_precise_exception_tb___024root__Slow.o Vriscv32_precise_exception_tb___024root__Slow.cpp
g++   -I.  -MMD -I/home/yong/tools/oss-cad-suite/share/verilator/include -I/home/yong/tools/oss-cad-suite/share/verilator/include/vltstd -DVERILATOR=1 -DVM_COVERAGE=0 -DVM_SC=0 -DVM_TIMING=1 -DVM_TRACE=0 -DVM_TRACE_FST=0 -DVM_TRACE_VCD=0 -DVM_TRACE_SAIF=0 -faligned-new -fcf-protection=none -Wno-bool-operation -Wno-int-in-bool-context -Wno-shadow -Wno-sign-compare -Wno-subobject-linkage -Wno-tautological-compare -Wno-uninitialized -Wno-unused-but-set-parameter -Wno-unused-but-set-variable -Wno-unused-parameter -Wno-unused-variable    -DVL_TIME_CONTEXT   -fcoroutines -include Vriscv32_precise_exception_tb__pch.h.slow -c -o Vriscv32_precise_exception_tb___024root__0__Slow.o Vriscv32_precise_exception_tb___024root__0__Slow.cpp
g++   -I.  -MMD -I/home/yong/tools/oss-cad-suite/share/verilator/include -I/home/yong/tools/oss-cad-suite/share/verilator/include/vltstd -DVERILATOR=1 -DVM_COVERAGE=0 -DVM_SC=0 -DVM_TIMING=1 -DVM_TRACE=0 -DVM_TRACE_FST=0 -DVM_TRACE_VCD=0 -DVM_TRACE_SAIF=0 -faligned-new -fcf-protection=none -Wno-bool-operation -Wno-int-in-bool-context -Wno-shadow -Wno-sign-compare -Wno-subobject-linkage -Wno-tautological-compare -Wno-uninitialized -Wno-unused-but-set-parameter -Wno-unused-but-set-variable -Wno-unused-parameter -Wno-unused-variable    -DVL_TIME_CONTEXT   -fcoroutines -include Vriscv32_precise_exception_tb__pch.h.slow -c -o Vriscv32_precise_exception_tb___024root__1__Slow.o Vriscv32_precise_exception_tb___024root__1__Slow.cpp
g++   -I.  -MMD -I/home/yong/tools/oss-cad-suite/share/verilator/include -I/home/yong/tools/oss-cad-suite/share/verilator/include/vltstd -DVERILATOR=1 -DVM_COVERAGE=0 -DVM_SC=0 -DVM_TIMING=1 -DVM_TRACE=0 -DVM_TRACE_FST=0 -DVM_TRACE_VCD=0 -DVM_TRACE_SAIF=0 -faligned-new -fcf-protection=none -Wno-bool-operation -Wno-int-in-bool-context -Wno-shadow -Wno-sign-compare -Wno-subobject-linkage -Wno-tautological-compare -Wno-uninitialized -Wno-unused-but-set-parameter -Wno-unused-but-set-variable -Wno-unused-parameter -Wno-unused-variable    -DVL_TIME_CONTEXT   -fcoroutines -include Vriscv32_precise_exception_tb__pch.h.slow -c -o Vriscv32_precise_exception_tb__Syms__Slow.o Vriscv32_precise_exception_tb__Syms__Slow.cpp
g++    verilated.o verilated_dpi.o verilated_timing.o verilated_threads.o Vriscv32_precise_exception_tb__ALL.a    -pthread -lpthread -latomic   -o Vriscv32_precise_exception_tb
rm Vriscv32_precise_exception_tb__ALL.verilator_deplist.tmp
make[1]: Leaving directory '/home/yong/ysyx/ysyx-workbench-rv32-interview/npc/result/verification/rv32-fence-error-fix-20260921/exception/obj'
- V e r i l a t i o n   R e p o r t: Verilator 5.043 devel rev v5.042-244-g4080284e5
- Verilator: Built from 14.155 MB sources in 52 modules, into 2.834 MB in 11 C++ files needing 0.004 MB
- Verilator: Walltime 11.872 s (elab=0.072, cvt=0.424, bld=11.250); cpu 0.661 s on 2 threads; alloced 241.617 MB
