NPC: No MROM image supplied
NPC: loaded 24572 bytes into flash
======= Running MicroBench [input *train*] =======
[qsort] Quick sort: ISSUE_WINDOW end=1 sampled_cycles=21568865 cumulative_observed_cycles=21568865
* Passed.
  min time: 215.699 ms [0]
[queen] Queen placement: ISSUE_WINDOW end=2 sampled_cycles=14752212 cumulative_observed_cycles=36321077
* Passed.
  min time: 147.532 ms [0]
[bf] Brainf**k interpreter: ISSUE_WINDOW end=3 sampled_cycles=30399592 cumulative_observed_cycles=66720669
* Passed.
  min time: 304.006 ms [0]
[fib] Fibonacci number: ISSUE_WINDOW end=4 sampled_cycles=290628651 cumulative_observed_cycles=357349320
* Passed.
  min time: 2906.297 ms [0]
[sieve] Eratosthenes sieve: ISSUE_WINDOW end=5 sampled_cycles=34302025 cumulative_observed_cycles=391651345
* Passed.
  min time: 343.031 ms [0]
[15pz] A* 15-puzzle search: ISSUE_WINDOW end=6 sampled_cycles=79874899 cumulative_observed_cycles=471526244
* Passed.
  min time: 798.760 ms [0]
[dinic] Dinic's maxflow algorithm: ISSUE_WINDOW end=7 sampled_cycles=27932777 cumulative_observed_cycles=499459021
* Passed.
  min time: 279.339 ms [0]
[lzip] Lzip compression: ISSUE_WINDOW end=8 sampled_cycles=50869864 cumulative_observed_cycles=550328885
* Passed.
  min time: 508.710 ms [0]
[ssort] Suffix sort: ISSUE_WINDOW end=9 sampled_cycles=58160456 cumulative_observed_cycles=608489341
* Passed.
  min time: 581.616 ms [0]
[md5] MD5 digest: ISSUE_WINDOW end=10 sampled_cycles=44840160 cumulative_observed_cycles=653329501
* Passed.
  min time: 448.412 ms [0]
==================================================
MicroBench PASS
Scored time: 6533.402 ms
Total  time: 9534.346 ms
MicroBench PMU measurement window:
  cycles               = 653329501
  retired instructions = 186810217
  IPC                  = 0.285935
[1;32mNPC: HIT GOOD TRAP[0m at pc = 0xa0003dbc
NPC performance statistics:
 retired instructions = 266878505
 CPU cycle            = 953832024
 IPC                  = 0.279796
ISSUE_WINDOW total windows=10 active=0 cycles=653329501 issue=186810217 recovery=138740175 lsu_block=165519091 result_block=0 execute_wait=0 raw=0 serial=42 delivery_gap=162259976 redirects=11457709 lsu_busy=173215762 recovery_observed=138740175 ic_miss=4900096 dc_miss=2457135 dirty_miss=591845

================ NPC performance counters ================
active core cycles                 : 953832012
decoded instructions               : 317029540
retired instructions               : 266878504
IPC                                : 0.279796

instruction class        count       ratio       average execution cycles
integer               196523158    61.989%         0.696
branch/jump            95552145    30.140%         1.570
load/store             24954108     7.871%         1.282
  load                 16874320     5.323%
  store                 8079788     2.549%
CSR                          120     0.000%         2.642
system                         9     0.000%         6.444
unclassified                   0     0.000%         0.000

IFU requests / responses / deliveries : 332942356 / 332942355 / 317029540
IFU average response latency           : 2.108 cycles
IFU AR backpressure cycles             : 425794026 (44.640%)
IFU response-wait cycles               : 701923932 (73.590%)
IFU downstream-backpressure cycles     : 156477910 (16.405%)
IFU discarded wrong-path responses     : 15689092

LSU requests / completions             : 21696495 / 21696495
LSU load operation average latency     : 10.855 cycles (14462852 operations)
LSU store operation average latency    : 4.835 cycles (7233643 operations)
LSU AXI read average latency           : 10.543 cycles (6894162 transactions)
LSU AXI write-response average latency : 5.837 cycles (4536033 transactions)
EXU / LSU completions                  : 245182010 / 21696495

exclusive pipeline issue-slot attribution
  issued instructions                 : 317029540 (33.237%)
  control recovery stalls             : 169518891 (17.772%)
  LSU structural stalls               : 141000645 (14.783%)
  unresolved RAW stalls               : 13163958 (1.380%)
  serializing stalls                  : 137 (0.000%)
  frontend supply stalls              : 214829349 (22.523%)
    request backpressure              : 147893468 (15.505%)
    I-cache miss service              : 708917 (0.074%)
    lookup response in flight         : 66226961 (6.943%)
    request launch or delivery gap    : 3 (0.000%)
  other empty issue slots             : 98289492 (10.305%)
recovery redirects / taken fetch predictions / EX corrections: 17658491 / 72267601 / 17658490
actual EX corrections by branch / JAL / JALR          : 15455928 / 952566 / 1249996
pipeline execute discards             : 0

resolved control-flow profile
conditional branches / taken        : 76988438 / 56007010 (72.747% taken)
  backward / taken                  : 37529501 / 33809981 (90.089% taken)
  forward / taken                   : 39458937 / 22197029 (56.253% taken)
direct / indirect jumps             : 6451125 / 3260517
always-not-taken prediction errors  : 65718652 (75.800% of control flow)
BTFNT+JAL prediction errors          : 29177066 (33.653% of control flow)
16-entry BHT+JAL errors              : 18263652 (conditional 15003135 + JALR 3260517)
64-entry BHT+JAL errors              : 18059872 (conditional 14799355 + JALR 3260517)

idealized upper-bound estimates
memory execution excess cycles        : 7043966.000
I-cache critical miss excess cycles   : 228048397.000
oracle 1-cycle data memory / speedup   : 946788046.000 / 1.007x
ideal single-issue pipeline cycles     : 501970867.000 / 1.900x
ideal pipeline + oracle data memory    : 494926901.000 / 1.927x
==========================================================

================ I-cache AMAT counters ===================
lookups / cacheable hits / cacheable misses : 332942356 / 324507100 / 8435256
I-cache hit rate                            : 97.466%
average hit response latency                : 1.000 cycles
average miss critical response latency      : 28.035 cycles
average miss penalty                        : 27.035 cycles
I-cache AMAT                                : 1.685 cycles
average complete refill latency             : 33.496 cycles
lookup request waiting cycles               : 425793419
successful line installs / refill finishes  : 8435255 / 8435255
discarded stale responses                   : 0
==========================================================

================ D-cache performance counters ============
lookups / hits / misses                    : 13558209 / 10968647 / 2589562
D-cache hit rate                           : 80.900%
load lookups / hits / misses               : 10158252 / 7833876 / 2324376
store lookups / hits / misses              : 3399957 / 3134771 / 265186
average hit response latency               : 1.000 cycles
average miss response latency              : 50.882 cycles
  clean-victim miss latency                : 42.453 cycles (1887230)
  dirty-victim miss latency                : 73.533 cycles (702332)
average miss penalty                       : 49.882 cycles
D-cache AMAT                               : 10.527 cycles
dirty victim misses                        : 702332 (27.122% of misses)
refill requests / words / completions      : 2589562 / 10358248 / 2589562
line installs / writeback requests/responses: 2589562 / 702347 / 702347
lookup request waiting cycles              : 0
store-hit same-cycle next lookups          : 0
==========================================================
